{
  "Entries": [
    {
      "RequestUri": "/subscriptions/f557b96d-2308-4a18-aae1-b8f7e7e70cc7/resourcegroups/ps1930?api-version=2016-09-01",
      "EncodedRequestUri": "L3N1YnNjcmlwdGlvbnMvZjU1N2I5NmQtMjMwOC00YTE4LWFhZTEtYjhmN2U3ZTcwY2M3L3Jlc291cmNlZ3JvdXBzL3BzMTkzMD9hcGktdmVyc2lvbj0yMDE2LTA5LTAx",
      "RequestMethod": "PUT",
      "RequestBody": "{\r\n  \"location\": \"eastus2\"\r\n}",
      "RequestHeaders": {
        "x-ms-client-request-id": [
          "016f14d3-e24a-4679-9608-a801a806f066"
        ],
        "Accept-Language": [
          "en-US"
        ],
        "User-Agent": [
          "FxVersion/4.6.27414.06",
          "OSName/Windows",
          "OSVersion/Microsoft.Windows.10.0.17134.",
          "Microsoft.Azure.Management.Internal.Resources.ResourceManagementClient/1.2.1"
        ],
        "Content-Type": [
          "application/json; charset=utf-8"
        ],
        "Content-Length": [
          "29"
        ]
      },
      "ResponseHeaders": {
        "Cache-Control": [
          "no-cache"
        ],
        "Pragma": [
          "no-cache"
        ],
        "x-ms-ratelimit-remaining-subscription-writes": [
          "1199"
        ],
        "x-ms-request-id": [
          "43e717f9-c83d-4ce8-83de-5d697fcc26d7"
        ],
        "x-ms-correlation-request-id": [
          "43e717f9-c83d-4ce8-83de-5d697fcc26d7"
        ],
        "x-ms-routing-request-id": [
          "UKSOUTH2:20190621T160739Z:43e717f9-c83d-4ce8-83de-5d697fcc26d7"
        ],
        "Strict-Transport-Security": [
          "max-age=31536000; includeSubDomains"
        ],
        "X-Content-Type-Options": [
          "nosniff"
        ],
        "Date": [
          "Fri, 21 Jun 2019 16:07:38 GMT"
        ],
        "Content-Length": [
          "166"
        ],
        "Content-Type": [
          "application/json; charset=utf-8"
        ],
        "Expires": [
          "-1"
        ]
      },
      "ResponseBody": "{\r\n  \"id\": \"/subscriptions/f557b96d-2308-4a18-aae1-b8f7e7e70cc7/resourceGroups/ps1930\",\r\n  \"name\": \"ps1930\",\r\n  \"location\": \"eastus2\",\r\n  \"properties\": {\r\n    \"provisioningState\": \"Succeeded\"\r\n  }\r\n}",
      "StatusCode": 201
    },
    {
      "RequestUri": "/subscriptions/f557b96d-2308-4a18-aae1-b8f7e7e70cc7/resourceGroups/ps1930/providers/Microsoft.Network/virtualNetworks/ps1930-vnet?api-version=2019-04-01",
      "EncodedRequestUri": "L3N1YnNjcmlwdGlvbnMvZjU1N2I5NmQtMjMwOC00YTE4LWFhZTEtYjhmN2U3ZTcwY2M3L3Jlc291cmNlR3JvdXBzL3BzMTkzMC9wcm92aWRlcnMvTWljcm9zb2Z0Lk5ldHdvcmsvdmlydHVhbE5ldHdvcmtzL3BzMTkzMC12bmV0P2FwaS12ZXJzaW9uPTIwMTktMDQtMDE=",
      "RequestMethod": "GET",
      "RequestBody": "",
      "RequestHeaders": {
        "x-ms-client-request-id": [
          "92bb3017-dde4-45ca-870c-a4de980f8370"
        ],
        "Accept-Language": [
          "en-US"
        ],
        "User-Agent": [
          "FxVersion/4.6.27414.06",
          "OSName/Windows",
          "OSVersion/Microsoft.Windows.10.0.17134.",
          "Microsoft.Azure.Management.Network.NetworkManagementClient/19.12.0.0"
        ]
      },
      "ResponseHeaders": {
        "Cache-Control": [
          "no-cache"
        ],
        "Pragma": [
          "no-cache"
        ],
        "x-ms-failure-cause": [
          "gateway"
        ],
        "x-ms-request-id": [
          "9ba81915-7699-4cc0-be7b-a3d57beb33c2"
        ],
        "x-ms-correlation-request-id": [
          "9ba81915-7699-4cc0-be7b-a3d57beb33c2"
        ],
        "x-ms-routing-request-id": [
          "UKSOUTH2:20190621T160740Z:9ba81915-7699-4cc0-be7b-a3d57beb33c2"
        ],
        "Strict-Transport-Security": [
          "max-age=31536000; includeSubDomains"
        ],
        "X-Content-Type-Options": [
          "nosniff"
        ],
        "Date": [
          "Fri, 21 Jun 2019 16:07:39 GMT"
        ],
        "Content-Type": [
          "application/json; charset=utf-8"
        ],
        "Expires": [
          "-1"
        ],
        "Content-Length": [
          "155"
        ]
      },
      "ResponseBody": "{\r\n  \"error\": {\r\n    \"code\": \"ResourceNotFound\",\r\n    \"message\": \"The Resource 'Microsoft.Network/virtualNetworks/ps1930-vnet' under resource group 'ps1930' was not found.\"\r\n  }\r\n}",
      "StatusCode": 404
    },
    {
      "RequestUri": "/subscriptions/f557b96d-2308-4a18-aae1-b8f7e7e70cc7/resourceGroups/ps1930/providers/Microsoft.Network/virtualNetworks/ps1930-vnet?api-version=2019-04-01",
      "EncodedRequestUri": "L3N1YnNjcmlwdGlvbnMvZjU1N2I5NmQtMjMwOC00YTE4LWFhZTEtYjhmN2U3ZTcwY2M3L3Jlc291cmNlR3JvdXBzL3BzMTkzMC9wcm92aWRlcnMvTWljcm9zb2Z0Lk5ldHdvcmsvdmlydHVhbE5ldHdvcmtzL3BzMTkzMC12bmV0P2FwaS12ZXJzaW9uPTIwMTktMDQtMDE=",
      "RequestMethod": "GET",
      "RequestBody": "",
      "RequestHeaders": {
        "User-Agent": [
          "FxVersion/4.6.27414.06",
          "OSName/Windows",
          "OSVersion/Microsoft.Windows.10.0.17134.",
          "Microsoft.Azure.Management.Network.NetworkManagementClient/19.12.0.0"
        ]
      },
      "ResponseHeaders": {
        "Cache-Control": [
          "no-cache"
        ],
        "Pragma": [
          "no-cache"
        ],
        "ETag": [
          "W/\"2cce0f0e-6517-4265-a299-dd62f7b49061\""
        ],
        "x-ms-request-id": [
          "8b9a11b2-f4e1-4b07-8582-2f5438a8c787"
        ],
        "x-ms-correlation-request-id": [
          "1cc21e7e-b7e6-4cd0-a61d-160bf5af075f"
        ],
        "Strict-Transport-Security": [
          "max-age=31536000; includeSubDomains"
        ],
        "Server": [
          "Microsoft-HTTPAPI/2.0",
          "Microsoft-HTTPAPI/2.0"
        ],
        "x-ms-ratelimit-remaining-subscription-reads": [
          "11997"
        ],
        "x-ms-routing-request-id": [
          "UKSOUTH2:20190621T160745Z:1cc21e7e-b7e6-4cd0-a61d-160bf5af075f"
        ],
        "X-Content-Type-Options": [
          "nosniff"
        ],
        "Date": [
          "Fri, 21 Jun 2019 16:07:45 GMT"
        ],
        "Content-Length": [
          "642"
        ],
        "Content-Type": [
          "application/json; charset=utf-8"
        ],
        "Expires": [
          "-1"
        ]
      },
      "ResponseBody": "{\r\n  \"name\": \"ps1930-vnet\",\r\n  \"id\": \"/subscriptions/f557b96d-2308-4a18-aae1-b8f7e7e70cc7/resourceGroups/ps1930/providers/Microsoft.Network/virtualNetworks/ps1930-vnet\",\r\n  \"etag\": \"W/\\\"2cce0f0e-6517-4265-a299-dd62f7b49061\\\"\",\r\n  \"type\": \"Microsoft.Network/virtualNetworks\",\r\n  \"location\": \"eastus2\",\r\n  \"properties\": {\r\n    \"provisioningState\": \"Succeeded\",\r\n    \"resourceGuid\": \"37c6179a-1ca7-48c1-8036-9dc1d7f1b163\",\r\n    \"addressSpace\": {\r\n      \"addressPrefixes\": [\r\n        \"10.0.0.0/16\"\r\n      ]\r\n    },\r\n    \"subnets\": [],\r\n    \"virtualNetworkPeerings\": [],\r\n    \"enableDdosProtection\": false,\r\n    \"enableVmProtection\": false\r\n  }\r\n}",
      "StatusCode": 200
    },
    {
      "RequestUri": "/subscriptions/f557b96d-2308-4a18-aae1-b8f7e7e70cc7/resourceGroups/ps1930/providers/Microsoft.Network/virtualNetworks/ps1930-vnet?api-version=2019-04-01",
      "EncodedRequestUri": "L3N1YnNjcmlwdGlvbnMvZjU1N2I5NmQtMjMwOC00YTE4LWFhZTEtYjhmN2U3ZTcwY2M3L3Jlc291cmNlR3JvdXBzL3BzMTkzMC9wcm92aWRlcnMvTWljcm9zb2Z0Lk5ldHdvcmsvdmlydHVhbE5ldHdvcmtzL3BzMTkzMC12bmV0P2FwaS12ZXJzaW9uPTIwMTktMDQtMDE=",
      "RequestMethod": "GET",
      "RequestBody": "",
      "RequestHeaders": {
        "x-ms-client-request-id": [
          "749f6920-c096-4ae2-82d7-bcc47573b6ca"
        ],
        "Accept-Language": [
          "en-US"
        ],
        "User-Agent": [
          "FxVersion/4.6.27414.06",
          "OSName/Windows",
          "OSVersion/Microsoft.Windows.10.0.17134.",
          "Microsoft.Azure.Management.Network.NetworkManagementClient/19.12.0.0"
        ]
      },
      "ResponseHeaders": {
        "Cache-Control": [
          "no-cache"
        ],
        "Pragma": [
          "no-cache"
        ],
        "ETag": [
          "W/\"2cce0f0e-6517-4265-a299-dd62f7b49061\""
        ],
        "x-ms-request-id": [
          "aea14084-057b-456d-bed3-c0a1234f188a"
        ],
        "x-ms-correlation-request-id": [
          "9c98a41a-8167-458c-aa22-b91d43bebe9d"
        ],
        "Strict-Transport-Security": [
          "max-age=31536000; includeSubDomains"
        ],
        "Server": [
          "Microsoft-HTTPAPI/2.0",
          "Microsoft-HTTPAPI/2.0"
        ],
        "x-ms-ratelimit-remaining-subscription-reads": [
          "11996"
        ],
        "x-ms-routing-request-id": [
          "UKSOUTH2:20190621T160745Z:9c98a41a-8167-458c-aa22-b91d43bebe9d"
        ],
        "X-Content-Type-Options": [
          "nosniff"
        ],
        "Date": [
          "Fri, 21 Jun 2019 16:07:45 GMT"
        ],
        "Content-Length": [
          "642"
        ],
        "Content-Type": [
          "application/json; charset=utf-8"
        ],
        "Expires": [
          "-1"
        ]
      },
      "ResponseBody": "{\r\n  \"name\": \"ps1930-vnet\",\r\n  \"id\": \"/subscriptions/f557b96d-2308-4a18-aae1-b8f7e7e70cc7/resourceGroups/ps1930/providers/Microsoft.Network/virtualNetworks/ps1930-vnet\",\r\n  \"etag\": \"W/\\\"2cce0f0e-6517-4265-a299-dd62f7b49061\\\"\",\r\n  \"type\": \"Microsoft.Network/virtualNetworks\",\r\n  \"location\": \"eastus2\",\r\n  \"properties\": {\r\n    \"provisioningState\": \"Succeeded\",\r\n    \"resourceGuid\": \"37c6179a-1ca7-48c1-8036-9dc1d7f1b163\",\r\n    \"addressSpace\": {\r\n      \"addressPrefixes\": [\r\n        \"10.0.0.0/16\"\r\n      ]\r\n    },\r\n    \"subnets\": [],\r\n    \"virtualNetworkPeerings\": [],\r\n    \"enableDdosProtection\": false,\r\n    \"enableVmProtection\": false\r\n  }\r\n}",
      "StatusCode": 200
    },
    {
      "RequestUri": "/subscriptions/f557b96d-2308-4a18-aae1-b8f7e7e70cc7/resourceGroups/ps1930/providers/Microsoft.Network/virtualNetworks/ps1930-vnet?api-version=2019-04-01",
      "EncodedRequestUri": "L3N1YnNjcmlwdGlvbnMvZjU1N2I5NmQtMjMwOC00YTE4LWFhZTEtYjhmN2U3ZTcwY2M3L3Jlc291cmNlR3JvdXBzL3BzMTkzMC9wcm92aWRlcnMvTWljcm9zb2Z0Lk5ldHdvcmsvdmlydHVhbE5ldHdvcmtzL3BzMTkzMC12bmV0P2FwaS12ZXJzaW9uPTIwMTktMDQtMDE=",
      "RequestMethod": "GET",
      "RequestBody": "",
      "RequestHeaders": {
        "x-ms-client-request-id": [
          "4e9c8279-1aa9-4070-876b-a63a9b843b96"
        ],
        "Accept-Language": [
          "en-US"
        ],
        "User-Agent": [
          "FxVersion/4.6.27414.06",
          "OSName/Windows",
          "OSVersion/Microsoft.Windows.10.0.17134.",
          "Microsoft.Azure.Management.Network.NetworkManagementClient/19.12.0.0"
        ]
      },
      "ResponseHeaders": {
        "Cache-Control": [
          "no-cache"
        ],
        "Pragma": [
          "no-cache"
        ],
        "ETag": [
          "W/\"2cce0f0e-6517-4265-a299-dd62f7b49061\""
        ],
        "x-ms-request-id": [
          "04c31c9d-b97f-485f-a1e6-529294fb58c1"
        ],
        "x-ms-correlation-request-id": [
          "de64d3b8-9c9a-402a-864b-8eefb49dc6e0"
        ],
        "Strict-Transport-Security": [
          "max-age=31536000; includeSubDomains"
        ],
        "Server": [
          "Microsoft-HTTPAPI/2.0",
          "Microsoft-HTTPAPI/2.0"
        ],
        "x-ms-ratelimit-remaining-subscription-reads": [
          "11995"
        ],
        "x-ms-routing-request-id": [
          "UKSOUTH2:20190621T160746Z:de64d3b8-9c9a-402a-864b-8eefb49dc6e0"
        ],
        "X-Content-Type-Options": [
          "nosniff"
        ],
        "Date": [
          "Fri, 21 Jun 2019 16:07:45 GMT"
        ],
        "Content-Length": [
          "642"
        ],
        "Content-Type": [
          "application/json; charset=utf-8"
        ],
        "Expires": [
          "-1"
        ]
      },
      "ResponseBody": "{\r\n  \"name\": \"ps1930-vnet\",\r\n  \"id\": \"/subscriptions/f557b96d-2308-4a18-aae1-b8f7e7e70cc7/resourceGroups/ps1930/providers/Microsoft.Network/virtualNetworks/ps1930-vnet\",\r\n  \"etag\": \"W/\\\"2cce0f0e-6517-4265-a299-dd62f7b49061\\\"\",\r\n  \"type\": \"Microsoft.Network/virtualNetworks\",\r\n  \"location\": \"eastus2\",\r\n  \"properties\": {\r\n    \"provisioningState\": \"Succeeded\",\r\n    \"resourceGuid\": \"37c6179a-1ca7-48c1-8036-9dc1d7f1b163\",\r\n    \"addressSpace\": {\r\n      \"addressPrefixes\": [\r\n        \"10.0.0.0/16\"\r\n      ]\r\n    },\r\n    \"subnets\": [],\r\n    \"virtualNetworkPeerings\": [],\r\n    \"enableDdosProtection\": false,\r\n    \"enableVmProtection\": false\r\n  }\r\n}",
      "StatusCode": 200
    },
    {
      "RequestUri": "/subscriptions/f557b96d-2308-4a18-aae1-b8f7e7e70cc7/resourceGroups/ps1930/providers/Microsoft.Network/virtualNetworks/ps1930-vnet?api-version=2019-04-01",
      "EncodedRequestUri": "L3N1YnNjcmlwdGlvbnMvZjU1N2I5NmQtMjMwOC00YTE4LWFhZTEtYjhmN2U3ZTcwY2M3L3Jlc291cmNlR3JvdXBzL3BzMTkzMC9wcm92aWRlcnMvTWljcm9zb2Z0Lk5ldHdvcmsvdmlydHVhbE5ldHdvcmtzL3BzMTkzMC12bmV0P2FwaS12ZXJzaW9uPTIwMTktMDQtMDE=",
      "RequestMethod": "GET",
      "RequestBody": "",
      "RequestHeaders": {
        "User-Agent": [
          "FxVersion/4.6.27414.06",
          "OSName/Windows",
          "OSVersion/Microsoft.Windows.10.0.17134.",
          "Microsoft.Azure.Management.Network.NetworkManagementClient/19.12.0.0"
        ]
      },
      "ResponseHeaders": {
        "Cache-Control": [
          "no-cache"
        ],
        "Pragma": [
          "no-cache"
        ],
        "ETag": [
          "W/\"b7c3ddf3-bb40-46a3-840b-fe370cdec685\""
        ],
        "x-ms-request-id": [
          "ff012612-6eb6-48c4-9f32-6f8da45ebbc9"
        ],
        "x-ms-correlation-request-id": [
          "05468631-d843-4aab-bc87-0f8023f92be5"
        ],
        "Strict-Transport-Security": [
          "max-age=31536000; includeSubDomains"
        ],
        "Server": [
          "Microsoft-HTTPAPI/2.0",
          "Microsoft-HTTPAPI/2.0"
        ],
        "x-ms-ratelimit-remaining-subscription-reads": [
          "11993"
        ],
        "x-ms-routing-request-id": [
          "UKSOUTH2:20190621T160749Z:05468631-d843-4aab-bc87-0f8023f92be5"
        ],
        "X-Content-Type-Options": [
          "nosniff"
        ],
        "Date": [
          "Fri, 21 Jun 2019 16:07:49 GMT"
        ],
        "Content-Length": [
          "2151"
        ],
        "Content-Type": [
          "application/json; charset=utf-8"
        ],
        "Expires": [
          "-1"
        ]
      },
      "ResponseBody": "{\r\n  \"name\": \"ps1930-vnet\",\r\n  \"id\": \"/subscriptions/f557b96d-2308-4a18-aae1-b8f7e7e70cc7/resourceGroups/ps1930/providers/Microsoft.Network/virtualNetworks/ps1930-vnet\",\r\n  \"etag\": \"W/\\\"b7c3ddf3-bb40-46a3-840b-fe370cdec685\\\"\",\r\n  \"type\": \"Microsoft.Network/virtualNetworks\",\r\n  \"location\": \"eastus2\",\r\n  \"properties\": {\r\n    \"provisioningState\": \"Succeeded\",\r\n    \"resourceGuid\": \"37c6179a-1ca7-48c1-8036-9dc1d7f1b163\",\r\n    \"addressSpace\": {\r\n      \"addressPrefixes\": [\r\n        \"10.0.0.0/16\"\r\n      ]\r\n    },\r\n    \"dhcpOptions\": {\r\n      \"dnsServers\": []\r\n    },\r\n    \"subnets\": [\r\n      {\r\n        \"name\": \"default\",\r\n        \"id\": \"/subscriptions/f557b96d-2308-4a18-aae1-b8f7e7e70cc7/resourceGroups/ps1930/providers/Microsoft.Network/virtualNetworks/ps1930-vnet/subnets/default\",\r\n        \"etag\": \"W/\\\"b7c3ddf3-bb40-46a3-840b-fe370cdec685\\\"\",\r\n        \"properties\": {\r\n          \"provisioningState\": \"Succeeded\",\r\n          \"addressPrefix\": \"10.0.1.0/24\",\r\n          \"serviceEndpoints\": [],\r\n          \"delegations\": [\r\n            {\r\n              \"name\": \"netAppVolumes\",\r\n              \"id\": \"/subscriptions/f557b96d-2308-4a18-aae1-b8f7e7e70cc7/resourceGroups/ps1930/providers/Microsoft.Network/virtualNetworks/ps1930-vnet/subnets/default/delegations/netAppVolumes\",\r\n              \"etag\": \"W/\\\"b7c3ddf3-bb40-46a3-840b-fe370cdec685\\\"\",\r\n              \"properties\": {\r\n                \"provisioningState\": \"Succeeded\",\r\n                \"serviceName\": \"Microsoft.Netapp/volumes\",\r\n                \"actions\": [\r\n                  \"Microsoft.Network/networkinterfaces/*\",\r\n                  \"Microsoft.Network/virtualNetworks/subnets/join/action\"\r\n                ]\r\n              },\r\n              \"type\": \"Microsoft.Network/virtualNetworks/subnets/delegations\"\r\n            }\r\n          ],\r\n          \"purpose\": \"HostedWorkloads\",\r\n          \"privateEndpointNetworkPolicies\": \"Enabled\",\r\n          \"privateLinkServiceNetworkPolicies\": \"Enabled\"\r\n        },\r\n        \"type\": \"Microsoft.Network/virtualNetworks/subnets\"\r\n      }\r\n    ],\r\n    \"virtualNetworkPeerings\": [],\r\n    \"enableDdosProtection\": false,\r\n    \"enableVmProtection\": false\r\n  }\r\n}",
      "StatusCode": 200
    },
    {
      "RequestUri": "/subscriptions/f557b96d-2308-4a18-aae1-b8f7e7e70cc7/resourceGroups/ps1930/providers/Microsoft.Network/virtualNetworks/ps1930-vnet?api-version=2019-04-01",
      "EncodedRequestUri": "L3N1YnNjcmlwdGlvbnMvZjU1N2I5NmQtMjMwOC00YTE4LWFhZTEtYjhmN2U3ZTcwY2M3L3Jlc291cmNlR3JvdXBzL3BzMTkzMC9wcm92aWRlcnMvTWljcm9zb2Z0Lk5ldHdvcmsvdmlydHVhbE5ldHdvcmtzL3BzMTkzMC12bmV0P2FwaS12ZXJzaW9uPTIwMTktMDQtMDE=",
      "RequestMethod": "GET",
      "RequestBody": "",
      "RequestHeaders": {
        "x-ms-client-request-id": [
          "c0001f93-059f-4f33-bc94-a1fb752de46e"
        ],
        "Accept-Language": [
          "en-US"
        ],
        "User-Agent": [
          "FxVersion/4.6.27414.06",
          "OSName/Windows",
          "OSVersion/Microsoft.Windows.10.0.17134.",
          "Microsoft.Azure.Management.Network.NetworkManagementClient/19.12.0.0"
        ]
      },
      "ResponseHeaders": {
        "Cache-Control": [
          "no-cache"
        ],
        "Pragma": [
          "no-cache"
        ],
        "ETag": [
          "W/\"b7c3ddf3-bb40-46a3-840b-fe370cdec685\""
        ],
        "x-ms-request-id": [
          "70830d07-f8d5-40be-a16b-b3e410056d22"
        ],
        "x-ms-correlation-request-id": [
          "aa2ad128-286e-4df2-a7d5-f755e77bee11"
        ],
        "Strict-Transport-Security": [
          "max-age=31536000; includeSubDomains"
        ],
        "Server": [
          "Microsoft-HTTPAPI/2.0",
          "Microsoft-HTTPAPI/2.0"
        ],
        "x-ms-ratelimit-remaining-subscription-reads": [
          "11992"
        ],
        "x-ms-routing-request-id": [
          "UKSOUTH2:20190621T160750Z:aa2ad128-286e-4df2-a7d5-f755e77bee11"
        ],
        "X-Content-Type-Options": [
          "nosniff"
        ],
        "Date": [
          "Fri, 21 Jun 2019 16:07:49 GMT"
        ],
        "Content-Length": [
          "2151"
        ],
        "Content-Type": [
          "application/json; charset=utf-8"
        ],
        "Expires": [
          "-1"
        ]
      },
      "ResponseBody": "{\r\n  \"name\": \"ps1930-vnet\",\r\n  \"id\": \"/subscriptions/f557b96d-2308-4a18-aae1-b8f7e7e70cc7/resourceGroups/ps1930/providers/Microsoft.Network/virtualNetworks/ps1930-vnet\",\r\n  \"etag\": \"W/\\\"b7c3ddf3-bb40-46a3-840b-fe370cdec685\\\"\",\r\n  \"type\": \"Microsoft.Network/virtualNetworks\",\r\n  \"location\": \"eastus2\",\r\n  \"properties\": {\r\n    \"provisioningState\": \"Succeeded\",\r\n    \"resourceGuid\": \"37c6179a-1ca7-48c1-8036-9dc1d7f1b163\",\r\n    \"addressSpace\": {\r\n      \"addressPrefixes\": [\r\n        \"10.0.0.0/16\"\r\n      ]\r\n    },\r\n    \"dhcpOptions\": {\r\n      \"dnsServers\": []\r\n    },\r\n    \"subnets\": [\r\n      {\r\n        \"name\": \"default\",\r\n        \"id\": \"/subscriptions/f557b96d-2308-4a18-aae1-b8f7e7e70cc7/resourceGroups/ps1930/providers/Microsoft.Network/virtualNetworks/ps1930-vnet/subnets/default\",\r\n        \"etag\": \"W/\\\"b7c3ddf3-bb40-46a3-840b-fe370cdec685\\\"\",\r\n        \"properties\": {\r\n          \"provisioningState\": \"Succeeded\",\r\n          \"addressPrefix\": \"10.0.1.0/24\",\r\n          \"serviceEndpoints\": [],\r\n          \"delegations\": [\r\n            {\r\n              \"name\": \"netAppVolumes\",\r\n              \"id\": \"/subscriptions/f557b96d-2308-4a18-aae1-b8f7e7e70cc7/resourceGroups/ps1930/providers/Microsoft.Network/virtualNetworks/ps1930-vnet/subnets/default/delegations/netAppVolumes\",\r\n              \"etag\": \"W/\\\"b7c3ddf3-bb40-46a3-840b-fe370cdec685\\\"\",\r\n              \"properties\": {\r\n                \"provisioningState\": \"Succeeded\",\r\n                \"serviceName\": \"Microsoft.Netapp/volumes\",\r\n                \"actions\": [\r\n                  \"Microsoft.Network/networkinterfaces/*\",\r\n                  \"Microsoft.Network/virtualNetworks/subnets/join/action\"\r\n                ]\r\n              },\r\n              \"type\": \"Microsoft.Network/virtualNetworks/subnets/delegations\"\r\n            }\r\n          ],\r\n          \"purpose\": \"HostedWorkloads\",\r\n          \"privateEndpointNetworkPolicies\": \"Enabled\",\r\n          \"privateLinkServiceNetworkPolicies\": \"Enabled\"\r\n        },\r\n        \"type\": \"Microsoft.Network/virtualNetworks/subnets\"\r\n      }\r\n    ],\r\n    \"virtualNetworkPeerings\": [],\r\n    \"enableDdosProtection\": false,\r\n    \"enableVmProtection\": false\r\n  }\r\n}",
      "StatusCode": 200
    },
    {
      "RequestUri": "/subscriptions/f557b96d-2308-4a18-aae1-b8f7e7e70cc7/resourceGroups/ps1930/providers/Microsoft.Network/virtualNetworks/ps1930-vnet?api-version=2019-04-01",
      "EncodedRequestUri": "L3N1YnNjcmlwdGlvbnMvZjU1N2I5NmQtMjMwOC00YTE4LWFhZTEtYjhmN2U3ZTcwY2M3L3Jlc291cmNlR3JvdXBzL3BzMTkzMC9wcm92aWRlcnMvTWljcm9zb2Z0Lk5ldHdvcmsvdmlydHVhbE5ldHdvcmtzL3BzMTkzMC12bmV0P2FwaS12ZXJzaW9uPTIwMTktMDQtMDE=",
      "RequestMethod": "PUT",
      "RequestBody": "{\r\n  \"properties\": {\r\n    \"addressSpace\": {\r\n      \"addressPrefixes\": [\r\n        \"10.0.0.0/16\"\r\n      ]\r\n    },\r\n    \"subnets\": [],\r\n    \"virtualNetworkPeerings\": [],\r\n    \"enableDdosProtection\": false\r\n  },\r\n  \"location\": \"eastus2\"\r\n}",
      "RequestHeaders": {
        "x-ms-client-request-id": [
          "ea81cca6-e811-4b3a-a25b-8a0890ef9273"
        ],
        "Accept-Language": [
          "en-US"
        ],
        "User-Agent": [
          "FxVersion/4.6.27414.06",
          "OSName/Windows",
          "OSVersion/Microsoft.Windows.10.0.17134.",
          "Microsoft.Azure.Management.Network.NetworkManagementClient/19.12.0.0"
        ],
        "Content-Type": [
          "application/json; charset=utf-8"
        ],
        "Content-Length": [
          "235"
        ]
      },
      "ResponseHeaders": {
        "Cache-Control": [
          "no-cache"
        ],
        "Pragma": [
          "no-cache"
        ],
        "Retry-After": [
          "3"
        ],
        "x-ms-request-id": [
          "424c2195-c97c-484b-ae7b-2fcc1a41f17b"
        ],
        "Azure-AsyncOperation": [
          "https://management.azure.com/subscriptions/f557b96d-2308-4a18-aae1-b8f7e7e70cc7/providers/Microsoft.Network/locations/eastus2/operations/424c2195-c97c-484b-ae7b-2fcc1a41f17b?api-version=2019-04-01"
        ],
        "x-ms-correlation-request-id": [
          "0e427515-a662-46a7-90da-f900e4f10522"
        ],
        "Strict-Transport-Security": [
          "max-age=31536000; includeSubDomains"
        ],
        "Server": [
          "Microsoft-HTTPAPI/2.0",
          "Microsoft-HTTPAPI/2.0"
        ],
        "x-ms-ratelimit-remaining-subscription-writes": [
          "1199"
        ],
        "x-ms-routing-request-id": [
          "UKSOUTH2:20190621T160742Z:0e427515-a662-46a7-90da-f900e4f10522"
        ],
        "X-Content-Type-Options": [
          "nosniff"
        ],
        "Date": [
          "Fri, 21 Jun 2019 16:07:41 GMT"
        ],
        "Content-Length": [
          "641"
        ],
        "Content-Type": [
          "application/json; charset=utf-8"
        ],
        "Expires": [
          "-1"
        ]
      },
      "ResponseBody": "{\r\n  \"name\": \"ps1930-vnet\",\r\n  \"id\": \"/subscriptions/f557b96d-2308-4a18-aae1-b8f7e7e70cc7/resourceGroups/ps1930/providers/Microsoft.Network/virtualNetworks/ps1930-vnet\",\r\n  \"etag\": \"W/\\\"ab69840b-1e26-41eb-8b06-cfa54cde7f7b\\\"\",\r\n  \"type\": \"Microsoft.Network/virtualNetworks\",\r\n  \"location\": \"eastus2\",\r\n  \"properties\": {\r\n    \"provisioningState\": \"Updating\",\r\n    \"resourceGuid\": \"37c6179a-1ca7-48c1-8036-9dc1d7f1b163\",\r\n    \"addressSpace\": {\r\n      \"addressPrefixes\": [\r\n        \"10.0.0.0/16\"\r\n      ]\r\n    },\r\n    \"subnets\": [],\r\n    \"virtualNetworkPeerings\": [],\r\n    \"enableDdosProtection\": false,\r\n    \"enableVmProtection\": false\r\n  }\r\n}",
      "StatusCode": 201
    },
    {
      "RequestUri": "/subscriptions/f557b96d-2308-4a18-aae1-b8f7e7e70cc7/resourceGroups/ps1930/providers/Microsoft.Network/virtualNetworks/ps1930-vnet?api-version=2019-04-01",
      "EncodedRequestUri": "L3N1YnNjcmlwdGlvbnMvZjU1N2I5NmQtMjMwOC00YTE4LWFhZTEtYjhmN2U3ZTcwY2M3L3Jlc291cmNlR3JvdXBzL3BzMTkzMC9wcm92aWRlcnMvTWljcm9zb2Z0Lk5ldHdvcmsvdmlydHVhbE5ldHdvcmtzL3BzMTkzMC12bmV0P2FwaS12ZXJzaW9uPTIwMTktMDQtMDE=",
      "RequestMethod": "PUT",
      "RequestBody": "{\r\n  \"properties\": {\r\n    \"addressSpace\": {\r\n      \"addressPrefixes\": [\r\n        \"10.0.0.0/16\"\r\n      ]\r\n    },\r\n    \"dhcpOptions\": {\r\n      \"dnsServers\": []\r\n    },\r\n    \"subnets\": [\r\n      {\r\n        \"properties\": {\r\n          \"addressPrefix\": \"10.0.1.0/24\",\r\n          \"addressPrefixes\": [],\r\n          \"serviceEndpoints\": [],\r\n          \"serviceEndpointPolicies\": [],\r\n          \"resourceNavigationLinks\": [],\r\n          \"serviceAssociationLinks\": [],\r\n          \"delegations\": [\r\n            {\r\n              \"properties\": {\r\n                \"serviceName\": \"Microsoft.Netapp/volumes\",\r\n                \"actions\": []\r\n              },\r\n              \"name\": \"netAppVolumes\"\r\n            }\r\n          ]\r\n        },\r\n        \"name\": \"default\"\r\n      }\r\n    ],\r\n    \"virtualNetworkPeerings\": [],\r\n    \"resourceGuid\": \"37c6179a-1ca7-48c1-8036-9dc1d7f1b163\",\r\n    \"provisioningState\": \"Succeeded\",\r\n    \"enableDdosProtection\": false\r\n  },\r\n  \"etag\": \"W/\\\"2cce0f0e-6517-4265-a299-dd62f7b49061\\\"\",\r\n  \"id\": \"/subscriptions/f557b96d-2308-4a18-aae1-b8f7e7e70cc7/resourceGroups/ps1930/providers/Microsoft.Network/virtualNetworks/ps1930-vnet\",\r\n  \"location\": \"eastus2\"\r\n}",
      "RequestHeaders": {
        "x-ms-client-request-id": [
          "743ddf1e-c385-4d54-b54e-45d989048255"
        ],
        "Accept-Language": [
          "en-US"
        ],
        "User-Agent": [
          "FxVersion/4.6.27414.06",
          "OSName/Windows",
          "OSVersion/Microsoft.Windows.10.0.17134.",
          "Microsoft.Azure.Management.Network.NetworkManagementClient/19.12.0.0"
        ],
        "Content-Type": [
          "application/json; charset=utf-8"
        ],
        "Content-Length": [
          "1164"
        ]
      },
      "ResponseHeaders": {
        "Cache-Control": [
          "no-cache"
        ],
        "Pragma": [
          "no-cache"
        ],
        "Retry-After": [
          "3"
        ],
        "x-ms-request-id": [
          "6a67142a-73ae-4728-b83f-3291420bd1d1"
        ],
        "Azure-AsyncOperation": [
          "https://management.azure.com/subscriptions/f557b96d-2308-4a18-aae1-b8f7e7e70cc7/providers/Microsoft.Network/locations/eastus2/operations/6a67142a-73ae-4728-b83f-3291420bd1d1?api-version=2019-04-01"
        ],
        "x-ms-correlation-request-id": [
          "abf2b1d3-9c64-46f5-abcd-f47ef9bb9cce"
        ],
        "Strict-Transport-Security": [
          "max-age=31536000; includeSubDomains"
        ],
        "Server": [
          "Microsoft-HTTPAPI/2.0",
          "Microsoft-HTTPAPI/2.0"
        ],
        "x-ms-ratelimit-remaining-subscription-writes": [
          "1198"
        ],
        "x-ms-routing-request-id": [
          "UKSOUTH2:20190621T160746Z:abf2b1d3-9c64-46f5-abcd-f47ef9bb9cce"
        ],
        "X-Content-Type-Options": [
          "nosniff"
        ],
        "Date": [
          "Fri, 21 Jun 2019 16:07:45 GMT"
        ],
        "Content-Length": [
          "2149"
        ],
        "Content-Type": [
          "application/json; charset=utf-8"
        ],
        "Expires": [
          "-1"
        ]
      },
      "ResponseBody": "{\r\n  \"name\": \"ps1930-vnet\",\r\n  \"id\": \"/subscriptions/f557b96d-2308-4a18-aae1-b8f7e7e70cc7/resourceGroups/ps1930/providers/Microsoft.Network/virtualNetworks/ps1930-vnet\",\r\n  \"etag\": \"W/\\\"5d314d5a-d52b-4ee5-9d0e-3856ffd098e9\\\"\",\r\n  \"type\": \"Microsoft.Network/virtualNetworks\",\r\n  \"location\": \"eastus2\",\r\n  \"properties\": {\r\n    \"provisioningState\": \"Updating\",\r\n    \"resourceGuid\": \"37c6179a-1ca7-48c1-8036-9dc1d7f1b163\",\r\n    \"addressSpace\": {\r\n      \"addressPrefixes\": [\r\n        \"10.0.0.0/16\"\r\n      ]\r\n    },\r\n    \"dhcpOptions\": {\r\n      \"dnsServers\": []\r\n    },\r\n    \"subnets\": [\r\n      {\r\n        \"name\": \"default\",\r\n        \"id\": \"/subscriptions/f557b96d-2308-4a18-aae1-b8f7e7e70cc7/resourceGroups/ps1930/providers/Microsoft.Network/virtualNetworks/ps1930-vnet/subnets/default\",\r\n        \"etag\": \"W/\\\"5d314d5a-d52b-4ee5-9d0e-3856ffd098e9\\\"\",\r\n        \"properties\": {\r\n          \"provisioningState\": \"Updating\",\r\n          \"addressPrefix\": \"10.0.1.0/24\",\r\n          \"serviceEndpoints\": [],\r\n          \"delegations\": [\r\n            {\r\n              \"name\": \"netAppVolumes\",\r\n              \"id\": \"/subscriptions/f557b96d-2308-4a18-aae1-b8f7e7e70cc7/resourceGroups/ps1930/providers/Microsoft.Network/virtualNetworks/ps1930-vnet/subnets/default/delegations/netAppVolumes\",\r\n              \"etag\": \"W/\\\"5d314d5a-d52b-4ee5-9d0e-3856ffd098e9\\\"\",\r\n              \"properties\": {\r\n                \"provisioningState\": \"Succeeded\",\r\n                \"serviceName\": \"Microsoft.Netapp/volumes\",\r\n                \"actions\": [\r\n                  \"Microsoft.Network/networkinterfaces/*\",\r\n                  \"Microsoft.Network/virtualNetworks/subnets/join/action\"\r\n                ]\r\n              },\r\n              \"type\": \"Microsoft.Network/virtualNetworks/subnets/delegations\"\r\n            }\r\n          ],\r\n          \"purpose\": \"HostedWorkloads\",\r\n          \"privateEndpointNetworkPolicies\": \"Enabled\",\r\n          \"privateLinkServiceNetworkPolicies\": \"Enabled\"\r\n        },\r\n        \"type\": \"Microsoft.Network/virtualNetworks/subnets\"\r\n      }\r\n    ],\r\n    \"virtualNetworkPeerings\": [],\r\n    \"enableDdosProtection\": false,\r\n    \"enableVmProtection\": false\r\n  }\r\n}",
      "StatusCode": 200
    },
    {
      "RequestUri": "/subscriptions/f557b96d-2308-4a18-aae1-b8f7e7e70cc7/providers/Microsoft.Network/locations/eastus2/operations/424c2195-c97c-484b-ae7b-2fcc1a41f17b?api-version=2019-04-01",
      "EncodedRequestUri": "L3N1YnNjcmlwdGlvbnMvZjU1N2I5NmQtMjMwOC00YTE4LWFhZTEtYjhmN2U3ZTcwY2M3L3Byb3ZpZGVycy9NaWNyb3NvZnQuTmV0d29yay9sb2NhdGlvbnMvZWFzdHVzMi9vcGVyYXRpb25zLzQyNGMyMTk1LWM5N2MtNDg0Yi1hZTdiLTJmY2MxYTQxZjE3Yj9hcGktdmVyc2lvbj0yMDE5LTA0LTAx",
      "RequestMethod": "GET",
      "RequestBody": "",
      "RequestHeaders": {
        "User-Agent": [
          "FxVersion/4.6.27414.06",
          "OSName/Windows",
          "OSVersion/Microsoft.Windows.10.0.17134.",
          "Microsoft.Azure.Management.Network.NetworkManagementClient/19.12.0.0"
        ]
      },
      "ResponseHeaders": {
        "Cache-Control": [
          "no-cache"
        ],
        "Pragma": [
          "no-cache"
        ],
        "x-ms-request-id": [
          "b9705224-6c9f-4a57-b420-08a081f05f12"
        ],
        "x-ms-correlation-request-id": [
          "d132c170-7e52-4893-b880-742c4320ae4f"
        ],
        "Strict-Transport-Security": [
          "max-age=31536000; includeSubDomains"
        ],
        "Server": [
          "Microsoft-HTTPAPI/2.0",
          "Microsoft-HTTPAPI/2.0"
        ],
        "x-ms-ratelimit-remaining-subscription-reads": [
          "11998"
        ],
        "x-ms-routing-request-id": [
          "UKSOUTH2:20190621T160745Z:d132c170-7e52-4893-b880-742c4320ae4f"
        ],
        "X-Content-Type-Options": [
          "nosniff"
        ],
        "Date": [
          "Fri, 21 Jun 2019 16:07:45 GMT"
        ],
        "Content-Length": [
          "29"
        ],
        "Content-Type": [
          "application/json; charset=utf-8"
        ],
        "Expires": [
          "-1"
        ]
      },
      "ResponseBody": "{\r\n  \"status\": \"Succeeded\"\r\n}",
      "StatusCode": 200
    },
    {
      "RequestUri": "/subscriptions/f557b96d-2308-4a18-aae1-b8f7e7e70cc7/providers/Microsoft.Network/locations/eastus2/operations/6a67142a-73ae-4728-b83f-3291420bd1d1?api-version=2019-04-01",
      "EncodedRequestUri": "L3N1YnNjcmlwdGlvbnMvZjU1N2I5NmQtMjMwOC00YTE4LWFhZTEtYjhmN2U3ZTcwY2M3L3Byb3ZpZGVycy9NaWNyb3NvZnQuTmV0d29yay9sb2NhdGlvbnMvZWFzdHVzMi9vcGVyYXRpb25zLzZhNjcxNDJhLTczYWUtNDcyOC1iODNmLTMyOTE0MjBiZDFkMT9hcGktdmVyc2lvbj0yMDE5LTA0LTAx",
      "RequestMethod": "GET",
      "RequestBody": "",
      "RequestHeaders": {
        "User-Agent": [
          "FxVersion/4.6.27414.06",
          "OSName/Windows",
          "OSVersion/Microsoft.Windows.10.0.17134.",
          "Microsoft.Azure.Management.Network.NetworkManagementClient/19.12.0.0"
        ]
      },
      "ResponseHeaders": {
        "Cache-Control": [
          "no-cache"
        ],
        "Pragma": [
          "no-cache"
        ],
        "x-ms-request-id": [
          "2b14a0a1-bb02-4954-8a5c-03786e4d6e04"
        ],
        "x-ms-correlation-request-id": [
          "594a1006-318d-49bf-95a8-4cab60a23585"
        ],
        "Strict-Transport-Security": [
          "max-age=31536000; includeSubDomains"
        ],
        "Server": [
          "Microsoft-HTTPAPI/2.0",
          "Microsoft-HTTPAPI/2.0"
        ],
        "x-ms-ratelimit-remaining-subscription-reads": [
          "11994"
        ],
        "x-ms-routing-request-id": [
          "UKSOUTH2:20190621T160749Z:594a1006-318d-49bf-95a8-4cab60a23585"
        ],
        "X-Content-Type-Options": [
          "nosniff"
        ],
        "Date": [
          "Fri, 21 Jun 2019 16:07:49 GMT"
        ],
        "Content-Length": [
          "29"
        ],
        "Content-Type": [
          "application/json; charset=utf-8"
        ],
        "Expires": [
          "-1"
        ]
      },
      "ResponseBody": "{\r\n  \"status\": \"Succeeded\"\r\n}",
      "StatusCode": 200
    },
    {
      "RequestUri": "/subscriptions/f557b96d-2308-4a18-aae1-b8f7e7e70cc7/resourceGroups/ps1930/providers/Microsoft.NetApp/netAppAccounts/ps65?api-version=2019-05-01",
      "EncodedRequestUri": "L3N1YnNjcmlwdGlvbnMvZjU1N2I5NmQtMjMwOC00YTE4LWFhZTEtYjhmN2U3ZTcwY2M3L3Jlc291cmNlR3JvdXBzL3BzMTkzMC9wcm92aWRlcnMvTWljcm9zb2Z0Lk5ldEFwcC9uZXRBcHBBY2NvdW50cy9wczY1P2FwaS12ZXJzaW9uPTIwMTktMDUtMDE=",
      "RequestMethod": "PUT",
      "RequestBody": "{\r\n  \"location\": \"eastus2\"\r\n}",
      "RequestHeaders": {
        "x-ms-client-request-id": [
          "a0da9d3a-24af-49dd-84e8-9abbe1cc414c"
        ],
        "Accept-Language": [
          "en-US"
        ],
        "User-Agent": [
          "FxVersion/4.6.27414.06",
          "OSName/Windows",
          "OSVersion/Microsoft.Windows.10.0.17134.",
          "Microsoft.Azure.Management.NetApp.AzureNetAppFilesManagementClient/1.0.0.0"
        ],
        "Content-Type": [
          "application/json; charset=utf-8"
        ],
        "Content-Length": [
          "29"
        ]
      },
      "ResponseHeaders": {
        "Cache-Control": [
          "no-cache"
        ],
        "Pragma": [
          "no-cache"
        ],
        "ETag": [
          "W/\"datetime'2019-06-21T16%3A07%3A52.330341Z'\""
        ],
        "x-ms-request-id": [
          "659dd173-a260-40b7-9635-7c617dad1d04"
        ],
        "Azure-AsyncOperation": [
          "https://management.azure.com/subscriptions/f557b96d-2308-4a18-aae1-b8f7e7e70cc7/providers/Microsoft.NetApp/locations/eastus2/operationResults/fc6b09f2-c56a-47f4-95b5-a203ef5d3f98?api-version=2019-05-01"
        ],
        "Request-Context": [
          "appId=cid-v1:2c4cb680-0a1f-424d-bb8d-8e650ba68d53"
        ],
        "Access-Control-Expose-Headers": [
          "Request-Context"
        ],
        "Server": [
          "Microsoft-IIS/10.0"
        ],
        "X-Powered-By": [
          "ASP.NET"
        ],
        "x-ms-ratelimit-remaining-subscription-writes": [
          "1199"
        ],
        "x-ms-correlation-request-id": [
          "f4164d9f-10a5-463f-a955-4d222f496e2d"
        ],
        "x-ms-routing-request-id": [
          "UKSOUTH2:20190621T160752Z:f4164d9f-10a5-463f-a955-4d222f496e2d"
        ],
        "Strict-Transport-Security": [
          "max-age=31536000; includeSubDomains"
        ],
        "X-Content-Type-Options": [
          "nosniff"
        ],
        "Date": [
          "Fri, 21 Jun 2019 16:07:52 GMT"
        ],
        "Content-Length": [
          "323"
        ],
        "Content-Type": [
          "application/json; charset=utf-8"
        ],
        "Expires": [
          "-1"
        ]
      },
      "ResponseBody": "{\r\n  \"id\": \"/subscriptions/f557b96d-2308-4a18-aae1-b8f7e7e70cc7/resourceGroups/ps1930/providers/Microsoft.NetApp/netAppAccounts/ps65\",\r\n  \"name\": \"ps65\",\r\n  \"type\": \"Microsoft.NetApp/netAppAccounts\",\r\n  \"etag\": \"W/\\\"datetime'2019-06-21T16%3A07%3A52.330341Z'\\\"\",\r\n  \"location\": \"eastus2\",\r\n  \"properties\": {\r\n    \"provisioningState\": \"Succeeded\",\r\n    \"name\": \"ps65\"\r\n  }\r\n}",
      "StatusCode": 201
    },
    {
      "RequestUri": "/subscriptions/f557b96d-2308-4a18-aae1-b8f7e7e70cc7/resourceGroups/ps1930/providers/Microsoft.NetApp/netAppAccounts/ps65?api-version=2019-05-01",
      "EncodedRequestUri": "L3N1YnNjcmlwdGlvbnMvZjU1N2I5NmQtMjMwOC00YTE4LWFhZTEtYjhmN2U3ZTcwY2M3L3Jlc291cmNlR3JvdXBzL3BzMTkzMC9wcm92aWRlcnMvTWljcm9zb2Z0Lk5ldEFwcC9uZXRBcHBBY2NvdW50cy9wczY1P2FwaS12ZXJzaW9uPTIwMTktMDUtMDE=",
      "RequestMethod": "GET",
      "RequestBody": "",
      "RequestHeaders": {
        "User-Agent": [
          "FxVersion/4.6.27414.06",
          "OSName/Windows",
          "OSVersion/Microsoft.Windows.10.0.17134.",
          "Microsoft.Azure.Management.NetApp.AzureNetAppFilesManagementClient/1.0.0.0"
        ]
      },
      "ResponseHeaders": {
        "Cache-Control": [
          "no-cache"
        ],
        "Pragma": [
          "no-cache"
        ],
        "ETag": [
          "W/\"datetime'2019-06-21T16%3A07%3A52.5224767Z'\""
        ],
        "x-ms-request-id": [
          "dd6af7da-47ee-4fb7-a51c-0004ae35cfb5"
        ],
        "Request-Context": [
          "appId=cid-v1:2c4cb680-0a1f-424d-bb8d-8e650ba68d53"
        ],
        "Access-Control-Expose-Headers": [
          "Request-Context"
        ],
        "Server": [
          "Microsoft-IIS/10.0"
        ],
        "X-Powered-By": [
          "ASP.NET"
        ],
        "x-ms-ratelimit-remaining-subscription-reads": [
          "11999"
        ],
        "x-ms-correlation-request-id": [
          "d308f137-beac-4696-8052-32ad8e875c78"
        ],
        "x-ms-routing-request-id": [
          "UKSOUTH2:20190621T160752Z:d308f137-beac-4696-8052-32ad8e875c78"
        ],
        "Strict-Transport-Security": [
          "max-age=31536000; includeSubDomains"
        ],
        "X-Content-Type-Options": [
          "nosniff"
        ],
        "Date": [
          "Fri, 21 Jun 2019 16:07:52 GMT"
        ],
        "Content-Length": [
          "324"
        ],
        "Content-Type": [
          "application/json; charset=utf-8"
        ],
        "Expires": [
          "-1"
        ]
      },
      "ResponseBody": "{\r\n  \"id\": \"/subscriptions/f557b96d-2308-4a18-aae1-b8f7e7e70cc7/resourceGroups/ps1930/providers/Microsoft.NetApp/netAppAccounts/ps65\",\r\n  \"name\": \"ps65\",\r\n  \"type\": \"Microsoft.NetApp/netAppAccounts\",\r\n  \"etag\": \"W/\\\"datetime'2019-06-21T16%3A07%3A52.5224767Z'\\\"\",\r\n  \"location\": \"eastus2\",\r\n  \"properties\": {\r\n    \"provisioningState\": \"Succeeded\",\r\n    \"name\": \"ps65\"\r\n  }\r\n}",
      "StatusCode": 200
    },
    {
      "RequestUri": "/subscriptions/f557b96d-2308-4a18-aae1-b8f7e7e70cc7/resourceGroups/ps1930/providers/Microsoft.NetApp/netAppAccounts/ps65/capacityPools/ps3237?api-version=2019-05-01",
      "EncodedRequestUri": "L3N1YnNjcmlwdGlvbnMvZjU1N2I5NmQtMjMwOC00YTE4LWFhZTEtYjhmN2U3ZTcwY2M3L3Jlc291cmNlR3JvdXBzL3BzMTkzMC9wcm92aWRlcnMvTWljcm9zb2Z0Lk5ldEFwcC9uZXRBcHBBY2NvdW50cy9wczY1L2NhcGFjaXR5UG9vbHMvcHMzMjM3P2FwaS12ZXJzaW9uPTIwMTktMDUtMDE=",
      "RequestMethod": "PUT",
      "RequestBody": "{\r\n  \"location\": \"eastus2\",\r\n  \"properties\": {\r\n    \"size\": 4398046511104,\r\n    \"serviceLevel\": \"Premium\"\r\n  }\r\n}",
      "RequestHeaders": {
        "x-ms-client-request-id": [
          "b9823ab1-95ef-43fc-95eb-76ea193f5f8c"
        ],
        "Accept-Language": [
          "en-US"
        ],
        "User-Agent": [
          "FxVersion/4.6.27414.06",
          "OSName/Windows",
          "OSVersion/Microsoft.Windows.10.0.17134.",
          "Microsoft.Azure.Management.NetApp.AzureNetAppFilesManagementClient/1.0.0.0"
        ],
        "Content-Type": [
          "application/json; charset=utf-8"
        ],
        "Content-Length": [
          "113"
        ]
      },
      "ResponseHeaders": {
        "Cache-Control": [
          "no-cache"
        ],
        "Pragma": [
          "no-cache"
        ],
        "ETag": [
          "W/\"datetime'2019-06-21T16%3A07%3A53.7043145Z'\""
        ],
        "x-ms-request-id": [
          "4c987a9c-7c31-4489-84c6-9a216fa1f557"
        ],
        "Azure-AsyncOperation": [
          "https://management.azure.com/subscriptions/f557b96d-2308-4a18-aae1-b8f7e7e70cc7/providers/Microsoft.NetApp/locations/eastus2/operationResults/9577ef14-9f9c-4e6a-b607-5702b42cdbbf?api-version=2019-05-01"
        ],
        "Request-Context": [
          "appId=cid-v1:2c4cb680-0a1f-424d-bb8d-8e650ba68d53"
        ],
        "Access-Control-Expose-Headers": [
          "Request-Context"
        ],
        "Server": [
          "Microsoft-IIS/10.0"
        ],
        "X-Powered-By": [
          "ASP.NET"
        ],
        "x-ms-ratelimit-remaining-subscription-writes": [
          "1198"
        ],
        "x-ms-correlation-request-id": [
          "c4a9c13c-7e59-41f4-b758-1057d0cf0e21"
        ],
        "x-ms-routing-request-id": [
          "UKSOUTH2:20190621T160754Z:c4a9c13c-7e59-41f4-b758-1057d0cf0e21"
        ],
        "Strict-Transport-Security": [
          "max-age=31536000; includeSubDomains"
        ],
        "X-Content-Type-Options": [
          "nosniff"
        ],
        "Date": [
          "Fri, 21 Jun 2019 16:07:53 GMT"
        ],
        "Content-Length": [
          "397"
        ],
        "Content-Type": [
          "application/json; charset=utf-8"
        ],
        "Expires": [
          "-1"
        ]
      },
      "ResponseBody": "{\r\n  \"id\": \"/subscriptions/f557b96d-2308-4a18-aae1-b8f7e7e70cc7/resourceGroups/ps1930/providers/Microsoft.NetApp/netAppAccounts/ps65/capacityPools/ps3237\",\r\n  \"name\": \"ps65/ps3237\",\r\n  \"type\": \"Microsoft.NetApp/netAppAccounts/capacityPools\",\r\n  \"etag\": \"W/\\\"datetime'2019-06-21T16%3A07%3A53.7043145Z'\\\"\",\r\n  \"location\": \"eastus2\",\r\n  \"properties\": {\r\n    \"serviceLevel\": \"Premium\",\r\n    \"size\": 4398046511104,\r\n    \"provisioningState\": \"Creating\"\r\n  }\r\n}",
      "StatusCode": 201
    },
    {
      "RequestUri": "/subscriptions/f557b96d-2308-4a18-aae1-b8f7e7e70cc7/providers/Microsoft.NetApp/locations/eastus2/operationResults/9577ef14-9f9c-4e6a-b607-5702b42cdbbf?api-version=2019-05-01",
      "EncodedRequestUri": "L3N1YnNjcmlwdGlvbnMvZjU1N2I5NmQtMjMwOC00YTE4LWFhZTEtYjhmN2U3ZTcwY2M3L3Byb3ZpZGVycy9NaWNyb3NvZnQuTmV0QXBwL2xvY2F0aW9ucy9lYXN0dXMyL29wZXJhdGlvblJlc3VsdHMvOTU3N2VmMTQtOWY5Yy00ZTZhLWI2MDctNTcwMmI0MmNkYmJmP2FwaS12ZXJzaW9uPTIwMTktMDUtMDE=",
      "RequestMethod": "GET",
      "RequestBody": "",
      "RequestHeaders": {
        "User-Agent": [
          "FxVersion/4.6.27414.06",
          "OSName/Windows",
          "OSVersion/Microsoft.Windows.10.0.17134.",
          "Microsoft.Azure.Management.NetApp.AzureNetAppFilesManagementClient/1.0.0.0"
        ]
      },
      "ResponseHeaders": {
        "Cache-Control": [
          "no-cache"
        ],
        "Pragma": [
          "no-cache"
        ],
        "x-ms-request-id": [
          "30fda1c7-81ee-47ec-85e4-68460e921c51"
        ],
        "Request-Context": [
          "appId=cid-v1:2c4cb680-0a1f-424d-bb8d-8e650ba68d53"
        ],
        "Access-Control-Expose-Headers": [
          "Request-Context"
        ],
        "Server": [
          "Microsoft-IIS/10.0"
        ],
        "X-Powered-By": [
          "ASP.NET"
        ],
        "x-ms-ratelimit-remaining-subscription-reads": [
          "11998"
        ],
        "x-ms-correlation-request-id": [
          "5cae1182-9939-4143-84a6-efac99c51fea"
        ],
        "x-ms-routing-request-id": [
          "UKSOUTH2:20190621T160824Z:5cae1182-9939-4143-84a6-efac99c51fea"
        ],
        "Strict-Transport-Security": [
          "max-age=31536000; includeSubDomains"
        ],
        "X-Content-Type-Options": [
          "nosniff"
        ],
        "Date": [
          "Fri, 21 Jun 2019 16:08:23 GMT"
        ],
        "Content-Length": [
          "508"
        ],
        "Content-Type": [
          "application/json; charset=utf-8"
        ],
        "Expires": [
          "-1"
        ]
      },
      "ResponseBody": "{\r\n  \"id\": \"/subscriptions/f557b96d-2308-4a18-aae1-b8f7e7e70cc7/providers/Microsoft.NetApp/locations/eastus2/operationResults/9577ef14-9f9c-4e6a-b607-5702b42cdbbf\",\r\n  \"name\": \"9577ef14-9f9c-4e6a-b607-5702b42cdbbf\",\r\n  \"status\": \"Succeeded\",\r\n  \"startTime\": \"2019-06-21T16:07:53.5660368Z\",\r\n  \"endTime\": \"2019-06-21T16:07:54.0504154Z\",\r\n  \"percentComplete\": 100.0,\r\n  \"properties\": {\r\n    \"resourceName\": \"/subscriptions/f557b96d-2308-4a18-aae1-b8f7e7e70cc7/resourceGroups/ps1930/providers/Microsoft.NetApp/netAppAccounts/ps65/capacityPools/ps3237\"\r\n  }\r\n}",
      "StatusCode": 200
    },
    {
      "RequestUri": "/subscriptions/f557b96d-2308-4a18-aae1-b8f7e7e70cc7/resourceGroups/ps1930/providers/Microsoft.NetApp/netAppAccounts/ps65/capacityPools/ps3237?api-version=2019-05-01",
      "EncodedRequestUri": "L3N1YnNjcmlwdGlvbnMvZjU1N2I5NmQtMjMwOC00YTE4LWFhZTEtYjhmN2U3ZTcwY2M3L3Jlc291cmNlR3JvdXBzL3BzMTkzMC9wcm92aWRlcnMvTWljcm9zb2Z0Lk5ldEFwcC9uZXRBcHBBY2NvdW50cy9wczY1L2NhcGFjaXR5UG9vbHMvcHMzMjM3P2FwaS12ZXJzaW9uPTIwMTktMDUtMDE=",
      "RequestMethod": "GET",
      "RequestBody": "",
      "RequestHeaders": {
        "User-Agent": [
          "FxVersion/4.6.27414.06",
          "OSName/Windows",
          "OSVersion/Microsoft.Windows.10.0.17134.",
          "Microsoft.Azure.Management.NetApp.AzureNetAppFilesManagementClient/1.0.0.0"
        ]
      },
      "ResponseHeaders": {
        "Cache-Control": [
          "no-cache"
        ],
        "Pragma": [
          "no-cache"
        ],
        "ETag": [
          "W/\"datetime'2019-06-21T16%3A07%3A54.1866581Z'\""
        ],
        "x-ms-request-id": [
          "1f98867c-d8fa-4f6a-b187-f8cd09f52a83"
        ],
        "Request-Context": [
          "appId=cid-v1:2c4cb680-0a1f-424d-bb8d-8e650ba68d53"
        ],
        "Access-Control-Expose-Headers": [
          "Request-Context"
        ],
        "Server": [
          "Microsoft-IIS/10.0"
        ],
        "X-Powered-By": [
          "ASP.NET"
        ],
        "x-ms-ratelimit-remaining-subscription-reads": [
          "11997"
        ],
        "x-ms-correlation-request-id": [
          "60f04333-5a84-45ba-90f6-118e8767787f"
        ],
        "x-ms-routing-request-id": [
          "UKSOUTH2:20190621T160824Z:60f04333-5a84-45ba-90f6-118e8767787f"
        ],
        "Strict-Transport-Security": [
          "max-age=31536000; includeSubDomains"
        ],
        "X-Content-Type-Options": [
          "nosniff"
        ],
        "Date": [
          "Fri, 21 Jun 2019 16:08:23 GMT"
        ],
        "Content-Length": [
          "467"
        ],
        "Content-Type": [
          "application/json; charset=utf-8"
        ],
        "Expires": [
          "-1"
        ]
      },
      "ResponseBody": "{\r\n  \"id\": \"/subscriptions/f557b96d-2308-4a18-aae1-b8f7e7e70cc7/resourceGroups/ps1930/providers/Microsoft.NetApp/netAppAccounts/ps65/capacityPools/ps3237\",\r\n  \"name\": \"ps65/ps3237\",\r\n  \"type\": \"Microsoft.NetApp/netAppAccounts/capacityPools\",\r\n  \"etag\": \"W/\\\"datetime'2019-06-21T16%3A07%3A54.1866581Z'\\\"\",\r\n  \"location\": \"eastus2\",\r\n  \"properties\": {\r\n    \"poolId\": \"b213e5a6-c7fd-8339-3f78-8298ab546e23\",\r\n    \"name\": \"ps65/ps3237\",\r\n    \"serviceLevel\": \"Premium\",\r\n    \"size\": 4398046511104,\r\n    \"provisioningState\": \"Succeeded\"\r\n  }\r\n}",
      "StatusCode": 200
    },
    {
      "RequestUri": "/subscriptions/f557b96d-2308-4a18-aae1-b8f7e7e70cc7/resourceGroups/ps1930/providers/Microsoft.NetApp/netAppAccounts/ps65/capacityPools/ps3237/volumes/ps1592?api-version=2019-05-01",
      "EncodedRequestUri": "L3N1YnNjcmlwdGlvbnMvZjU1N2I5NmQtMjMwOC00YTE4LWFhZTEtYjhmN2U3ZTcwY2M3L3Jlc291cmNlR3JvdXBzL3BzMTkzMC9wcm92aWRlcnMvTWljcm9zb2Z0Lk5ldEFwcC9uZXRBcHBBY2NvdW50cy9wczY1L2NhcGFjaXR5UG9vbHMvcHMzMjM3L3ZvbHVtZXMvcHMxNTkyP2FwaS12ZXJzaW9uPTIwMTktMDUtMDE=",
      "RequestMethod": "PUT",
      "RequestBody": "{\r\n  \"location\": \"eastus2\",\r\n  \"properties\": {\r\n    \"creationToken\": \"ps1592\",\r\n    \"serviceLevel\": \"Premium\",\r\n    \"usageThreshold\": 107374182400,\r\n    \"subnetId\": \"/subscriptions/f557b96d-2308-4a18-aae1-b8f7e7e70cc7/resourceGroups/ps1930/providers/Microsoft.Network/virtualNetworks/ps1930-vnet/subnets/default\"\r\n  }\r\n}",
      "RequestHeaders": {
        "x-ms-client-request-id": [
          "58b28d15-d3a5-484a-86e4-cd4edd5771e3"
        ],
        "Accept-Language": [
          "en-US"
        ],
        "User-Agent": [
          "FxVersion/4.6.27414.06",
          "OSName/Windows",
          "OSVersion/Microsoft.Windows.10.0.17134.",
          "Microsoft.Azure.Management.NetApp.AzureNetAppFilesManagementClient/1.0.0.0"
        ],
        "Content-Type": [
          "application/json; charset=utf-8"
        ],
        "Content-Length": [
          "320"
        ]
      },
      "ResponseHeaders": {
        "Cache-Control": [
          "no-cache"
        ],
        "Pragma": [
          "no-cache"
        ],
        "ETag": [
          "W/\"datetime'2019-06-21T16%3A08%3A25.8480422Z'\""
        ],
        "x-ms-request-id": [
          "2db1a213-7544-4ef8-9b99-01f246ab49b3"
        ],
        "Azure-AsyncOperation": [
          "https://management.azure.com/subscriptions/f557b96d-2308-4a18-aae1-b8f7e7e70cc7/providers/Microsoft.NetApp/locations/eastus2/operationResults/1cd102ff-8ece-4a91-b989-5510c411bbf3?api-version=2019-05-01"
        ],
        "Request-Context": [
          "appId=cid-v1:2c4cb680-0a1f-424d-bb8d-8e650ba68d53"
        ],
        "Access-Control-Expose-Headers": [
          "Request-Context"
        ],
        "Server": [
          "Microsoft-IIS/10.0"
        ],
        "X-Powered-By": [
          "ASP.NET"
        ],
        "x-ms-ratelimit-remaining-subscription-writes": [
          "1197"
        ],
        "x-ms-correlation-request-id": [
          "62726b43-ba88-4849-a45d-27e35b72405f"
        ],
        "x-ms-routing-request-id": [
          "UKSOUTH2:20190621T160826Z:62726b43-ba88-4849-a45d-27e35b72405f"
        ],
        "Strict-Transport-Security": [
          "max-age=31536000; includeSubDomains"
        ],
        "X-Content-Type-Options": [
          "nosniff"
        ],
        "Date": [
          "Fri, 21 Jun 2019 16:08:25 GMT"
        ],
        "Content-Length": [
          "620"
        ],
        "Content-Type": [
          "application/json; charset=utf-8"
        ],
        "Expires": [
          "-1"
        ]
      },
      "ResponseBody": "{\r\n  \"id\": \"/subscriptions/f557b96d-2308-4a18-aae1-b8f7e7e70cc7/resourceGroups/ps1930/providers/Microsoft.NetApp/netAppAccounts/ps65/capacityPools/ps3237/volumes/ps1592\",\r\n  \"name\": \"ps65/ps3237/ps1592\",\r\n  \"type\": \"Microsoft.NetApp/netAppAccounts/capacityPools/volumes\",\r\n  \"etag\": \"W/\\\"datetime'2019-06-21T16%3A08%3A25.8480422Z'\\\"\",\r\n  \"location\": \"eastus2\",\r\n  \"properties\": {\r\n    \"serviceLevel\": \"Premium\",\r\n    \"creationToken\": \"ps1592\",\r\n    \"usageThreshold\": 107374182400,\r\n    \"subnetId\": \"/subscriptions/f557b96d-2308-4a18-aae1-b8f7e7e70cc7/resourceGroups/ps1930/providers/Microsoft.Network/virtualNetworks/ps1930-vnet/subnets/default\",\r\n    \"provisioningState\": \"Creating\"\r\n  }\r\n}",
      "StatusCode": 201
    },
    {
      "RequestUri": "/subscriptions/f557b96d-2308-4a18-aae1-b8f7e7e70cc7/providers/Microsoft.NetApp/locations/eastus2/operationResults/1cd102ff-8ece-4a91-b989-5510c411bbf3?api-version=2019-05-01",
      "EncodedRequestUri": "L3N1YnNjcmlwdGlvbnMvZjU1N2I5NmQtMjMwOC00YTE4LWFhZTEtYjhmN2U3ZTcwY2M3L3Byb3ZpZGVycy9NaWNyb3NvZnQuTmV0QXBwL2xvY2F0aW9ucy9lYXN0dXMyL29wZXJhdGlvblJlc3VsdHMvMWNkMTAyZmYtOGVjZS00YTkxLWI5ODktNTUxMGM0MTFiYmYzP2FwaS12ZXJzaW9uPTIwMTktMDUtMDE=",
      "RequestMethod": "GET",
      "RequestBody": "",
      "RequestHeaders": {
        "User-Agent": [
          "FxVersion/4.6.27414.06",
          "OSName/Windows",
          "OSVersion/Microsoft.Windows.10.0.17134.",
          "Microsoft.Azure.Management.NetApp.AzureNetAppFilesManagementClient/1.0.0.0"
        ]
      },
      "ResponseHeaders": {
        "Cache-Control": [
          "no-cache"
        ],
        "Pragma": [
          "no-cache"
        ],
        "x-ms-request-id": [
          "69dd99c2-1c36-43a3-9f02-15a7637028ca"
        ],
        "Request-Context": [
          "appId=cid-v1:2c4cb680-0a1f-424d-bb8d-8e650ba68d53"
        ],
        "Access-Control-Expose-Headers": [
          "Request-Context"
        ],
        "x-ms-ratelimit-remaining-subscription-reads": [
          "11996"
        ],
        "Server": [
          "Microsoft-IIS/10.0"
        ],
        "X-Powered-By": [
          "ASP.NET"
        ],
        "x-ms-correlation-request-id": [
          "5f6dda4c-6a99-4f35-b216-968d0cad46cd"
        ],
        "x-ms-routing-request-id": [
          "UKSOUTH2:20190621T160856Z:5f6dda4c-6a99-4f35-b216-968d0cad46cd"
        ],
        "Strict-Transport-Security": [
          "max-age=31536000; includeSubDomains"
        ],
        "X-Content-Type-Options": [
          "nosniff"
        ],
        "Date": [
          "Fri, 21 Jun 2019 16:08:56 GMT"
        ],
        "Content-Length": [
          "512"
        ],
        "Content-Type": [
          "application/json; charset=utf-8"
        ],
        "Expires": [
          "-1"
        ]
      },
      "ResponseBody": "{\r\n  \"id\": \"/subscriptions/f557b96d-2308-4a18-aae1-b8f7e7e70cc7/providers/Microsoft.NetApp/locations/eastus2/operationResults/1cd102ff-8ece-4a91-b989-5510c411bbf3\",\r\n  \"name\": \"1cd102ff-8ece-4a91-b989-5510c411bbf3\",\r\n  \"status\": \"Creating\",\r\n  \"startTime\": \"2019-06-21T16:08:25.6997414Z\",\r\n  \"endTime\": \"0001-01-01T00:00:00Z\",\r\n  \"percentComplete\": 0.0,\r\n  \"properties\": {\r\n    \"resourceName\": \"/subscriptions/f557b96d-2308-4a18-aae1-b8f7e7e70cc7/resourceGroups/ps1930/providers/Microsoft.NetApp/netAppAccounts/ps65/capacityPools/ps3237/volumes/ps1592\"\r\n  }\r\n}",
      "StatusCode": 200
    },
    {
      "RequestUri": "/subscriptions/f557b96d-2308-4a18-aae1-b8f7e7e70cc7/providers/Microsoft.NetApp/locations/eastus2/operationResults/1cd102ff-8ece-4a91-b989-5510c411bbf3?api-version=2019-05-01",
      "EncodedRequestUri": "L3N1YnNjcmlwdGlvbnMvZjU1N2I5NmQtMjMwOC00YTE4LWFhZTEtYjhmN2U3ZTcwY2M3L3Byb3ZpZGVycy9NaWNyb3NvZnQuTmV0QXBwL2xvY2F0aW9ucy9lYXN0dXMyL29wZXJhdGlvblJlc3VsdHMvMWNkMTAyZmYtOGVjZS00YTkxLWI5ODktNTUxMGM0MTFiYmYzP2FwaS12ZXJzaW9uPTIwMTktMDUtMDE=",
      "RequestMethod": "GET",
      "RequestBody": "",
      "RequestHeaders": {
        "User-Agent": [
          "FxVersion/4.6.27414.06",
          "OSName/Windows",
          "OSVersion/Microsoft.Windows.10.0.17134.",
          "Microsoft.Azure.Management.NetApp.AzureNetAppFilesManagementClient/1.0.0.0"
        ]
      },
      "ResponseHeaders": {
        "Cache-Control": [
          "no-cache"
        ],
        "Pragma": [
          "no-cache"
        ],
        "x-ms-request-id": [
          "c613f217-aaa6-4e92-a2e1-1d0221858bbe"
        ],
        "Request-Context": [
          "appId=cid-v1:2c4cb680-0a1f-424d-bb8d-8e650ba68d53"
        ],
        "Access-Control-Expose-Headers": [
          "Request-Context"
        ],
        "Server": [
          "Microsoft-IIS/10.0"
        ],
        "X-Powered-By": [
          "ASP.NET"
        ],
        "x-ms-ratelimit-remaining-subscription-reads": [
          "11995"
        ],
        "x-ms-correlation-request-id": [
          "f0b49de0-ed99-4aba-bf6e-fee4935055bd"
        ],
        "x-ms-routing-request-id": [
          "UKSOUTH2:20190621T160926Z:f0b49de0-ed99-4aba-bf6e-fee4935055bd"
        ],
        "Strict-Transport-Security": [
          "max-age=31536000; includeSubDomains"
        ],
        "X-Content-Type-Options": [
          "nosniff"
        ],
        "Date": [
          "Fri, 21 Jun 2019 16:09:26 GMT"
        ],
        "Content-Length": [
          "512"
        ],
        "Content-Type": [
          "application/json; charset=utf-8"
        ],
        "Expires": [
          "-1"
        ]
      },
      "ResponseBody": "{\r\n  \"id\": \"/subscriptions/f557b96d-2308-4a18-aae1-b8f7e7e70cc7/providers/Microsoft.NetApp/locations/eastus2/operationResults/1cd102ff-8ece-4a91-b989-5510c411bbf3\",\r\n  \"name\": \"1cd102ff-8ece-4a91-b989-5510c411bbf3\",\r\n  \"status\": \"Creating\",\r\n  \"startTime\": \"2019-06-21T16:08:25.6997414Z\",\r\n  \"endTime\": \"0001-01-01T00:00:00Z\",\r\n  \"percentComplete\": 0.0,\r\n  \"properties\": {\r\n    \"resourceName\": \"/subscriptions/f557b96d-2308-4a18-aae1-b8f7e7e70cc7/resourceGroups/ps1930/providers/Microsoft.NetApp/netAppAccounts/ps65/capacityPools/ps3237/volumes/ps1592\"\r\n  }\r\n}",
      "StatusCode": 200
    },
    {
      "RequestUri": "/subscriptions/f557b96d-2308-4a18-aae1-b8f7e7e70cc7/providers/Microsoft.NetApp/locations/eastus2/operationResults/1cd102ff-8ece-4a91-b989-5510c411bbf3?api-version=2019-05-01",
      "EncodedRequestUri": "L3N1YnNjcmlwdGlvbnMvZjU1N2I5NmQtMjMwOC00YTE4LWFhZTEtYjhmN2U3ZTcwY2M3L3Byb3ZpZGVycy9NaWNyb3NvZnQuTmV0QXBwL2xvY2F0aW9ucy9lYXN0dXMyL29wZXJhdGlvblJlc3VsdHMvMWNkMTAyZmYtOGVjZS00YTkxLWI5ODktNTUxMGM0MTFiYmYzP2FwaS12ZXJzaW9uPTIwMTktMDUtMDE=",
      "RequestMethod": "GET",
      "RequestBody": "",
      "RequestHeaders": {
        "User-Agent": [
          "FxVersion/4.6.27414.06",
          "OSName/Windows",
          "OSVersion/Microsoft.Windows.10.0.17134.",
          "Microsoft.Azure.Management.NetApp.AzureNetAppFilesManagementClient/1.0.0.0"
        ]
      },
      "ResponseHeaders": {
        "Cache-Control": [
          "no-cache"
        ],
        "Pragma": [
          "no-cache"
        ],
        "x-ms-request-id": [
          "74eda080-19f1-454a-b959-20ee4e361ca7"
        ],
        "Request-Context": [
          "appId=cid-v1:2c4cb680-0a1f-424d-bb8d-8e650ba68d53"
        ],
        "Access-Control-Expose-Headers": [
          "Request-Context"
        ],
        "Server": [
          "Microsoft-IIS/10.0"
        ],
        "X-Powered-By": [
          "ASP.NET"
        ],
        "x-ms-ratelimit-remaining-subscription-reads": [
          "11994"
        ],
        "x-ms-correlation-request-id": [
          "5d08036f-2fad-4dfe-98f0-65fa2dcb1b45"
        ],
        "x-ms-routing-request-id": [
          "UKSOUTH2:20190621T160957Z:5d08036f-2fad-4dfe-98f0-65fa2dcb1b45"
        ],
        "Strict-Transport-Security": [
          "max-age=31536000; includeSubDomains"
        ],
        "X-Content-Type-Options": [
          "nosniff"
        ],
        "Date": [
          "Fri, 21 Jun 2019 16:09:56 GMT"
        ],
        "Content-Length": [
          "512"
        ],
        "Content-Type": [
          "application/json; charset=utf-8"
        ],
        "Expires": [
          "-1"
        ]
      },
      "ResponseBody": "{\r\n  \"id\": \"/subscriptions/f557b96d-2308-4a18-aae1-b8f7e7e70cc7/providers/Microsoft.NetApp/locations/eastus2/operationResults/1cd102ff-8ece-4a91-b989-5510c411bbf3\",\r\n  \"name\": \"1cd102ff-8ece-4a91-b989-5510c411bbf3\",\r\n  \"status\": \"Creating\",\r\n  \"startTime\": \"2019-06-21T16:08:25.6997414Z\",\r\n  \"endTime\": \"0001-01-01T00:00:00Z\",\r\n  \"percentComplete\": 0.0,\r\n  \"properties\": {\r\n    \"resourceName\": \"/subscriptions/f557b96d-2308-4a18-aae1-b8f7e7e70cc7/resourceGroups/ps1930/providers/Microsoft.NetApp/netAppAccounts/ps65/capacityPools/ps3237/volumes/ps1592\"\r\n  }\r\n}",
      "StatusCode": 200
    },
    {
      "RequestUri": "/subscriptions/f557b96d-2308-4a18-aae1-b8f7e7e70cc7/providers/Microsoft.NetApp/locations/eastus2/operationResults/1cd102ff-8ece-4a91-b989-5510c411bbf3?api-version=2019-05-01",
      "EncodedRequestUri": "L3N1YnNjcmlwdGlvbnMvZjU1N2I5NmQtMjMwOC00YTE4LWFhZTEtYjhmN2U3ZTcwY2M3L3Byb3ZpZGVycy9NaWNyb3NvZnQuTmV0QXBwL2xvY2F0aW9ucy9lYXN0dXMyL29wZXJhdGlvblJlc3VsdHMvMWNkMTAyZmYtOGVjZS00YTkxLWI5ODktNTUxMGM0MTFiYmYzP2FwaS12ZXJzaW9uPTIwMTktMDUtMDE=",
      "RequestMethod": "GET",
      "RequestBody": "",
      "RequestHeaders": {
        "User-Agent": [
          "FxVersion/4.6.27414.06",
          "OSName/Windows",
          "OSVersion/Microsoft.Windows.10.0.17134.",
          "Microsoft.Azure.Management.NetApp.AzureNetAppFilesManagementClient/1.0.0.0"
        ]
      },
      "ResponseHeaders": {
        "Cache-Control": [
          "no-cache"
        ],
        "Pragma": [
          "no-cache"
        ],
        "x-ms-request-id": [
          "a53c0008-3358-4595-9783-267675962b90"
        ],
        "Request-Context": [
          "appId=cid-v1:2c4cb680-0a1f-424d-bb8d-8e650ba68d53"
        ],
        "Access-Control-Expose-Headers": [
          "Request-Context"
        ],
        "x-ms-ratelimit-remaining-subscription-reads": [
          "11993"
        ],
        "Server": [
          "Microsoft-IIS/10.0"
        ],
        "X-Powered-By": [
          "ASP.NET"
        ],
        "x-ms-correlation-request-id": [
          "d211b431-cbc8-4969-8cec-3436ac94c966"
        ],
        "x-ms-routing-request-id": [
          "UKSOUTH2:20190621T161027Z:d211b431-cbc8-4969-8cec-3436ac94c966"
        ],
        "Strict-Transport-Security": [
          "max-age=31536000; includeSubDomains"
        ],
        "X-Content-Type-Options": [
          "nosniff"
        ],
        "Date": [
          "Fri, 21 Jun 2019 16:10:26 GMT"
        ],
        "Content-Length": [
          "512"
        ],
        "Content-Type": [
          "application/json; charset=utf-8"
        ],
        "Expires": [
          "-1"
        ]
      },
      "ResponseBody": "{\r\n  \"id\": \"/subscriptions/f557b96d-2308-4a18-aae1-b8f7e7e70cc7/providers/Microsoft.NetApp/locations/eastus2/operationResults/1cd102ff-8ece-4a91-b989-5510c411bbf3\",\r\n  \"name\": \"1cd102ff-8ece-4a91-b989-5510c411bbf3\",\r\n  \"status\": \"Creating\",\r\n  \"startTime\": \"2019-06-21T16:08:25.6997414Z\",\r\n  \"endTime\": \"0001-01-01T00:00:00Z\",\r\n  \"percentComplete\": 0.0,\r\n  \"properties\": {\r\n    \"resourceName\": \"/subscriptions/f557b96d-2308-4a18-aae1-b8f7e7e70cc7/resourceGroups/ps1930/providers/Microsoft.NetApp/netAppAccounts/ps65/capacityPools/ps3237/volumes/ps1592\"\r\n  }\r\n}",
      "StatusCode": 200
    },
    {
      "RequestUri": "/subscriptions/f557b96d-2308-4a18-aae1-b8f7e7e70cc7/providers/Microsoft.NetApp/locations/eastus2/operationResults/1cd102ff-8ece-4a91-b989-5510c411bbf3?api-version=2019-05-01",
      "EncodedRequestUri": "L3N1YnNjcmlwdGlvbnMvZjU1N2I5NmQtMjMwOC00YTE4LWFhZTEtYjhmN2U3ZTcwY2M3L3Byb3ZpZGVycy9NaWNyb3NvZnQuTmV0QXBwL2xvY2F0aW9ucy9lYXN0dXMyL29wZXJhdGlvblJlc3VsdHMvMWNkMTAyZmYtOGVjZS00YTkxLWI5ODktNTUxMGM0MTFiYmYzP2FwaS12ZXJzaW9uPTIwMTktMDUtMDE=",
      "RequestMethod": "GET",
      "RequestBody": "",
      "RequestHeaders": {
        "User-Agent": [
          "FxVersion/4.6.27414.06",
          "OSName/Windows",
          "OSVersion/Microsoft.Windows.10.0.17134.",
          "Microsoft.Azure.Management.NetApp.AzureNetAppFilesManagementClient/1.0.0.0"
        ]
      },
      "ResponseHeaders": {
        "Cache-Control": [
          "no-cache"
        ],
        "Pragma": [
          "no-cache"
        ],
        "x-ms-request-id": [
          "483e9b5f-83ac-4c27-9848-8c59b64b3179"
        ],
        "Request-Context": [
          "appId=cid-v1:2c4cb680-0a1f-424d-bb8d-8e650ba68d53"
        ],
        "Access-Control-Expose-Headers": [
          "Request-Context"
        ],
        "Server": [
          "Microsoft-IIS/10.0"
        ],
        "X-Powered-By": [
          "ASP.NET"
        ],
        "x-ms-ratelimit-remaining-subscription-reads": [
          "11992"
        ],
        "x-ms-correlation-request-id": [
          "79fd3bef-2817-48fc-9f47-1a15e2ad6600"
        ],
        "x-ms-routing-request-id": [
          "UKSOUTH2:20190621T161057Z:79fd3bef-2817-48fc-9f47-1a15e2ad6600"
        ],
        "Strict-Transport-Security": [
          "max-age=31536000; includeSubDomains"
        ],
        "X-Content-Type-Options": [
          "nosniff"
        ],
        "Date": [
          "Fri, 21 Jun 2019 16:10:57 GMT"
        ],
        "Content-Length": [
          "512"
        ],
        "Content-Type": [
          "application/json; charset=utf-8"
        ],
        "Expires": [
          "-1"
        ]
      },
      "ResponseBody": "{\r\n  \"id\": \"/subscriptions/f557b96d-2308-4a18-aae1-b8f7e7e70cc7/providers/Microsoft.NetApp/locations/eastus2/operationResults/1cd102ff-8ece-4a91-b989-5510c411bbf3\",\r\n  \"name\": \"1cd102ff-8ece-4a91-b989-5510c411bbf3\",\r\n  \"status\": \"Creating\",\r\n  \"startTime\": \"2019-06-21T16:08:25.6997414Z\",\r\n  \"endTime\": \"0001-01-01T00:00:00Z\",\r\n  \"percentComplete\": 0.0,\r\n  \"properties\": {\r\n    \"resourceName\": \"/subscriptions/f557b96d-2308-4a18-aae1-b8f7e7e70cc7/resourceGroups/ps1930/providers/Microsoft.NetApp/netAppAccounts/ps65/capacityPools/ps3237/volumes/ps1592\"\r\n  }\r\n}",
      "StatusCode": 200
    },
    {
      "RequestUri": "/subscriptions/f557b96d-2308-4a18-aae1-b8f7e7e70cc7/providers/Microsoft.NetApp/locations/eastus2/operationResults/1cd102ff-8ece-4a91-b989-5510c411bbf3?api-version=2019-05-01",
      "EncodedRequestUri": "L3N1YnNjcmlwdGlvbnMvZjU1N2I5NmQtMjMwOC00YTE4LWFhZTEtYjhmN2U3ZTcwY2M3L3Byb3ZpZGVycy9NaWNyb3NvZnQuTmV0QXBwL2xvY2F0aW9ucy9lYXN0dXMyL29wZXJhdGlvblJlc3VsdHMvMWNkMTAyZmYtOGVjZS00YTkxLWI5ODktNTUxMGM0MTFiYmYzP2FwaS12ZXJzaW9uPTIwMTktMDUtMDE=",
      "RequestMethod": "GET",
      "RequestBody": "",
      "RequestHeaders": {
        "User-Agent": [
          "FxVersion/4.6.27414.06",
          "OSName/Windows",
          "OSVersion/Microsoft.Windows.10.0.17134.",
          "Microsoft.Azure.Management.NetApp.AzureNetAppFilesManagementClient/1.0.0.0"
        ]
      },
      "ResponseHeaders": {
        "Cache-Control": [
          "no-cache"
        ],
        "Pragma": [
          "no-cache"
        ],
        "x-ms-request-id": [
          "4cb5fc52-219a-4e63-88cf-5eebc1adff3d"
        ],
        "Request-Context": [
          "appId=cid-v1:2c4cb680-0a1f-424d-bb8d-8e650ba68d53"
        ],
        "Access-Control-Expose-Headers": [
          "Request-Context"
        ],
        "Server": [
          "Microsoft-IIS/10.0"
        ],
        "X-Powered-By": [
          "ASP.NET"
        ],
        "x-ms-ratelimit-remaining-subscription-reads": [
          "11991"
        ],
        "x-ms-correlation-request-id": [
          "26bbcfc7-6e3f-41e3-bc10-1ba90a5f4518"
        ],
        "x-ms-routing-request-id": [
          "UKSOUTH2:20190621T161128Z:26bbcfc7-6e3f-41e3-bc10-1ba90a5f4518"
        ],
        "Strict-Transport-Security": [
          "max-age=31536000; includeSubDomains"
        ],
        "X-Content-Type-Options": [
          "nosniff"
        ],
        "Date": [
          "Fri, 21 Jun 2019 16:11:27 GMT"
        ],
        "Content-Length": [
          "523"
        ],
        "Content-Type": [
          "application/json; charset=utf-8"
        ],
        "Expires": [
          "-1"
        ]
      },
      "ResponseBody": "{\r\n  \"id\": \"/subscriptions/f557b96d-2308-4a18-aae1-b8f7e7e70cc7/providers/Microsoft.NetApp/locations/eastus2/operationResults/1cd102ff-8ece-4a91-b989-5510c411bbf3\",\r\n  \"name\": \"1cd102ff-8ece-4a91-b989-5510c411bbf3\",\r\n  \"status\": \"Succeeded\",\r\n  \"startTime\": \"2019-06-21T16:08:25.6997414Z\",\r\n  \"endTime\": \"2019-06-21T16:11:02.9858165Z\",\r\n  \"percentComplete\": 100.0,\r\n  \"properties\": {\r\n    \"resourceName\": \"/subscriptions/f557b96d-2308-4a18-aae1-b8f7e7e70cc7/resourceGroups/ps1930/providers/Microsoft.NetApp/netAppAccounts/ps65/capacityPools/ps3237/volumes/ps1592\"\r\n  }\r\n}",
      "StatusCode": 200
    },
    {
      "RequestUri": "/subscriptions/f557b96d-2308-4a18-aae1-b8f7e7e70cc7/resourceGroups/ps1930/providers/Microsoft.NetApp/netAppAccounts/ps65/capacityPools/ps3237/volumes/ps1592?api-version=2019-05-01",
      "EncodedRequestUri": "L3N1YnNjcmlwdGlvbnMvZjU1N2I5NmQtMjMwOC00YTE4LWFhZTEtYjhmN2U3ZTcwY2M3L3Jlc291cmNlR3JvdXBzL3BzMTkzMC9wcm92aWRlcnMvTWljcm9zb2Z0Lk5ldEFwcC9uZXRBcHBBY2NvdW50cy9wczY1L2NhcGFjaXR5UG9vbHMvcHMzMjM3L3ZvbHVtZXMvcHMxNTkyP2FwaS12ZXJzaW9uPTIwMTktMDUtMDE=",
      "RequestMethod": "GET",
      "RequestBody": "",
      "RequestHeaders": {
        "User-Agent": [
          "FxVersion/4.6.27414.06",
          "OSName/Windows",
          "OSVersion/Microsoft.Windows.10.0.17134.",
          "Microsoft.Azure.Management.NetApp.AzureNetAppFilesManagementClient/1.0.0.0"
        ]
      },
      "ResponseHeaders": {
        "Cache-Control": [
          "no-cache"
        ],
        "Pragma": [
          "no-cache"
        ],
        "ETag": [
          "W/\"datetime'2019-06-21T16%3A11%3A03.0531894Z'\""
        ],
        "x-ms-request-id": [
          "689e9934-b151-4fe0-b98c-27b08ae9a44a"
        ],
        "Request-Context": [
          "appId=cid-v1:2c4cb680-0a1f-424d-bb8d-8e650ba68d53"
        ],
        "Access-Control-Expose-Headers": [
          "Request-Context"
        ],
        "Server": [
          "Microsoft-IIS/10.0"
        ],
        "X-Powered-By": [
          "ASP.NET"
        ],
        "x-ms-ratelimit-remaining-subscription-reads": [
          "11990"
        ],
        "x-ms-correlation-request-id": [
          "8ea0ca0c-5326-4106-b13c-6c949cd37d50"
        ],
        "x-ms-routing-request-id": [
          "UKSOUTH2:20190621T161128Z:8ea0ca0c-5326-4106-b13c-6c949cd37d50"
        ],
        "Strict-Transport-Security": [
          "max-age=31536000; includeSubDomains"
        ],
        "X-Content-Type-Options": [
          "nosniff"
        ],
        "Date": [
          "Fri, 21 Jun 2019 16:11:27 GMT"
        ],
        "Content-Length": [
          "1323"
        ],
        "Content-Type": [
          "application/json; charset=utf-8"
        ],
        "Expires": [
          "-1"
        ]
      },
      "ResponseBody": "{\r\n  \"id\": \"/subscriptions/f557b96d-2308-4a18-aae1-b8f7e7e70cc7/resourceGroups/ps1930/providers/Microsoft.NetApp/netAppAccounts/ps65/capacityPools/ps3237/volumes/ps1592\",\r\n  \"name\": \"ps65/ps3237/ps1592\",\r\n  \"type\": \"Microsoft.NetApp/netAppAccounts/capacityPools/volumes\",\r\n  \"etag\": \"W/\\\"datetime'2019-06-21T16%3A11%3A03.0531894Z'\\\"\",\r\n  \"location\": \"eastus2\",\r\n  \"properties\": {\r\n    \"provisioningState\": \"Succeeded\",\r\n    \"fileSystemId\": \"59daf48d-f43c-6346-bde4-884bca91fda5\",\r\n    \"name\": \"ps1592\",\r\n    \"serviceLevel\": \"Premium\",\r\n    \"creationToken\": \"ps1592\",\r\n    \"ownerId\": \"b6363a81-9022-11e9-9b70-122d2265304e\",\r\n    \"usageThreshold\": 107374182400,\r\n    \"usedBytes\": 0,\r\n    \"snapshotPolicy\": {\r\n      \"enabled\": false\r\n    },\r\n    \"exportPolicy\": {\r\n      \"rules\": [\r\n        {\r\n          \"ruleIndex\": 1,\r\n          \"unixReadOnly\": false,\r\n          \"unixReadWrite\": true,\r\n          \"cifs\": false,\r\n          \"nfsv3\": true,\r\n          \"nfsv4\": false,\r\n          \"allowedClients\": \"0.0.0.0/0\"\r\n        }\r\n      ]\r\n    },\r\n    \"protocolTypes\": [\r\n      \"NFSv3\"\r\n    ],\r\n    \"baremetalTenantId\": \"baremetalTenant_svm_b6363a81902211e99b70122d2265304e_ba4c76bd\",\r\n    \"subnetId\": \"/subscriptions/f557b96d-2308-4a18-aae1-b8f7e7e70cc7/resourceGroups/ps1930/providers/Microsoft.Network/virtualNetworks/ps1930-vnet/subnets/default\",\r\n    \"mountTargets\": [\r\n      {\r\n        \"provisioningState\": \"Succeeded\",\r\n        \"mountTargetId\": \"4b7b4a8d-345f-3c72-1c24-c7834c8260b7\",\r\n        \"fileSystemId\": \"59daf48d-f43c-6346-bde4-884bca91fda5\",\r\n        \"startIp\": \"10.0.1.4\",\r\n        \"endIp\": \"10.0.1.4\",\r\n        \"gateway\": \"10.0.1.1\",\r\n        \"netmask\": \"255.255.255.0\",\r\n        \"ipAddress\": \"10.0.1.4\"\r\n      }\r\n    ]\r\n  }\r\n}",
      "StatusCode": 200
    },
    {
      "RequestUri": "/subscriptions/f557b96d-2308-4a18-aae1-b8f7e7e70cc7/resourceGroups/ps1930/providers/Microsoft.NetApp/netAppAccounts/ps65/capacityPools/ps3237/volumes/ps1592?api-version=2019-05-01",
      "EncodedRequestUri": "L3N1YnNjcmlwdGlvbnMvZjU1N2I5NmQtMjMwOC00YTE4LWFhZTEtYjhmN2U3ZTcwY2M3L3Jlc291cmNlR3JvdXBzL3BzMTkzMC9wcm92aWRlcnMvTWljcm9zb2Z0Lk5ldEFwcC9uZXRBcHBBY2NvdW50cy9wczY1L2NhcGFjaXR5UG9vbHMvcHMzMjM3L3ZvbHVtZXMvcHMxNTkyP2FwaS12ZXJzaW9uPTIwMTktMDUtMDE=",
      "RequestMethod": "GET",
      "RequestBody": "",
      "RequestHeaders": {
        "x-ms-client-request-id": [
          "2397ef74-5dc1-4019-b703-b806578a72bd"
        ],
        "Accept-Language": [
          "en-US"
        ],
        "User-Agent": [
          "FxVersion/4.6.27414.06",
          "OSName/Windows",
          "OSVersion/Microsoft.Windows.10.0.17134.",
          "Microsoft.Azure.Management.NetApp.AzureNetAppFilesManagementClient/1.0.0.0"
        ]
      },
      "ResponseHeaders": {
        "Cache-Control": [
          "no-cache"
        ],
        "Pragma": [
          "no-cache"
        ],
        "ETag": [
          "W/\"datetime'2019-06-21T16%3A11%3A03.0531894Z'\""
        ],
        "x-ms-request-id": [
          "0b1d108c-9ad1-40e2-a452-2a7acb024b46"
        ],
        "Request-Context": [
          "appId=cid-v1:2c4cb680-0a1f-424d-bb8d-8e650ba68d53"
        ],
        "Access-Control-Expose-Headers": [
          "Request-Context"
        ],
        "Server": [
          "Microsoft-IIS/10.0"
        ],
        "X-Powered-By": [
          "ASP.NET"
        ],
        "x-ms-ratelimit-remaining-subscription-reads": [
          "11989"
        ],
        "x-ms-correlation-request-id": [
          "f988ed8e-a189-4396-9d17-d80898a8fe0f"
        ],
        "x-ms-routing-request-id": [
          "UKSOUTH2:20190621T161128Z:f988ed8e-a189-4396-9d17-d80898a8fe0f"
        ],
        "Strict-Transport-Security": [
          "max-age=31536000; includeSubDomains"
        ],
        "X-Content-Type-Options": [
          "nosniff"
        ],
        "Date": [
          "Fri, 21 Jun 2019 16:11:27 GMT"
        ],
        "Content-Length": [
          "1323"
        ],
        "Content-Type": [
          "application/json; charset=utf-8"
        ],
        "Expires": [
          "-1"
        ]
      },
      "ResponseBody": "{\r\n  \"id\": \"/subscriptions/f557b96d-2308-4a18-aae1-b8f7e7e70cc7/resourceGroups/ps1930/providers/Microsoft.NetApp/netAppAccounts/ps65/capacityPools/ps3237/volumes/ps1592\",\r\n  \"name\": \"ps65/ps3237/ps1592\",\r\n  \"type\": \"Microsoft.NetApp/netAppAccounts/capacityPools/volumes\",\r\n  \"etag\": \"W/\\\"datetime'2019-06-21T16%3A11%3A03.0531894Z'\\\"\",\r\n  \"location\": \"eastus2\",\r\n  \"properties\": {\r\n    \"provisioningState\": \"Succeeded\",\r\n    \"fileSystemId\": \"59daf48d-f43c-6346-bde4-884bca91fda5\",\r\n    \"name\": \"ps1592\",\r\n    \"serviceLevel\": \"Premium\",\r\n    \"creationToken\": \"ps1592\",\r\n    \"ownerId\": \"b6363a81-9022-11e9-9b70-122d2265304e\",\r\n    \"usageThreshold\": 107374182400,\r\n    \"usedBytes\": 0,\r\n    \"snapshotPolicy\": {\r\n      \"enabled\": false\r\n    },\r\n    \"exportPolicy\": {\r\n      \"rules\": [\r\n        {\r\n          \"ruleIndex\": 1,\r\n          \"unixReadOnly\": false,\r\n          \"unixReadWrite\": true,\r\n          \"cifs\": false,\r\n          \"nfsv3\": true,\r\n          \"nfsv4\": false,\r\n          \"allowedClients\": \"0.0.0.0/0\"\r\n        }\r\n      ]\r\n    },\r\n    \"protocolTypes\": [\r\n      \"NFSv3\"\r\n    ],\r\n    \"baremetalTenantId\": \"baremetalTenant_svm_b6363a81902211e99b70122d2265304e_ba4c76bd\",\r\n    \"subnetId\": \"/subscriptions/f557b96d-2308-4a18-aae1-b8f7e7e70cc7/resourceGroups/ps1930/providers/Microsoft.Network/virtualNetworks/ps1930-vnet/subnets/default\",\r\n    \"mountTargets\": [\r\n      {\r\n        \"provisioningState\": \"Succeeded\",\r\n        \"mountTargetId\": \"4b7b4a8d-345f-3c72-1c24-c7834c8260b7\",\r\n        \"fileSystemId\": \"59daf48d-f43c-6346-bde4-884bca91fda5\",\r\n        \"startIp\": \"10.0.1.4\",\r\n        \"endIp\": \"10.0.1.4\",\r\n        \"gateway\": \"10.0.1.1\",\r\n        \"netmask\": \"255.255.255.0\",\r\n        \"ipAddress\": \"10.0.1.4\"\r\n      }\r\n    ]\r\n  }\r\n}",
      "StatusCode": 200
    },
    {
      "RequestUri": "/subscriptions/f557b96d-2308-4a18-aae1-b8f7e7e70cc7/resourceGroups/ps1930/providers/Microsoft.NetApp/netAppAccounts/ps65/capacityPools/ps3237/volumes/ps1592?api-version=2019-05-01",
      "EncodedRequestUri": "L3N1YnNjcmlwdGlvbnMvZjU1N2I5NmQtMjMwOC00YTE4LWFhZTEtYjhmN2U3ZTcwY2M3L3Jlc291cmNlR3JvdXBzL3BzMTkzMC9wcm92aWRlcnMvTWljcm9zb2Z0Lk5ldEFwcC9uZXRBcHBBY2NvdW50cy9wczY1L2NhcGFjaXR5UG9vbHMvcHMzMjM3L3ZvbHVtZXMvcHMxNTkyP2FwaS12ZXJzaW9uPTIwMTktMDUtMDE=",
      "RequestMethod": "GET",
      "RequestBody": "",
      "RequestHeaders": {
        "x-ms-client-request-id": [
          "8195ad0e-3703-4def-8c07-c5c2c8f9ae2c"
        ],
        "Accept-Language": [
          "en-US"
        ],
        "User-Agent": [
          "FxVersion/4.6.27414.06",
          "OSName/Windows",
          "OSVersion/Microsoft.Windows.10.0.17134.",
          "Microsoft.Azure.Management.NetApp.AzureNetAppFilesManagementClient/1.0.0.0"
        ]
      },
      "ResponseHeaders": {
        "Cache-Control": [
          "no-cache"
        ],
        "Pragma": [
          "no-cache"
        ],
        "ETag": [
          "W/\"datetime'2019-06-21T16%3A11%3A03.0531894Z'\""
        ],
        "x-ms-request-id": [
          "95d8b90d-1318-4402-b63c-130c27ac93bb"
        ],
        "Request-Context": [
          "appId=cid-v1:2c4cb680-0a1f-424d-bb8d-8e650ba68d53"
        ],
        "Access-Control-Expose-Headers": [
          "Request-Context"
        ],
        "Server": [
          "Microsoft-IIS/10.0"
        ],
        "X-Powered-By": [
          "ASP.NET"
        ],
        "x-ms-ratelimit-remaining-subscription-reads": [
          "11987"
        ],
        "x-ms-correlation-request-id": [
          "9f24d8f3-30c8-4866-8d15-d8fddf38cfb0"
        ],
        "x-ms-routing-request-id": [
          "UKSOUTH2:20190621T161138Z:9f24d8f3-30c8-4866-8d15-d8fddf38cfb0"
        ],
        "Strict-Transport-Security": [
          "max-age=31536000; includeSubDomains"
        ],
        "X-Content-Type-Options": [
          "nosniff"
        ],
        "Date": [
          "Fri, 21 Jun 2019 16:11:38 GMT"
        ],
        "Content-Length": [
          "1323"
        ],
        "Content-Type": [
          "application/json; charset=utf-8"
        ],
        "Expires": [
          "-1"
        ]
      },
      "ResponseBody": "{\r\n  \"id\": \"/subscriptions/f557b96d-2308-4a18-aae1-b8f7e7e70cc7/resourceGroups/ps1930/providers/Microsoft.NetApp/netAppAccounts/ps65/capacityPools/ps3237/volumes/ps1592\",\r\n  \"name\": \"ps65/ps3237/ps1592\",\r\n  \"type\": \"Microsoft.NetApp/netAppAccounts/capacityPools/volumes\",\r\n  \"etag\": \"W/\\\"datetime'2019-06-21T16%3A11%3A03.0531894Z'\\\"\",\r\n  \"location\": \"eastus2\",\r\n  \"properties\": {\r\n    \"provisioningState\": \"Succeeded\",\r\n    \"fileSystemId\": \"59daf48d-f43c-6346-bde4-884bca91fda5\",\r\n    \"name\": \"ps1592\",\r\n    \"serviceLevel\": \"Premium\",\r\n    \"creationToken\": \"ps1592\",\r\n    \"ownerId\": \"b6363a81-9022-11e9-9b70-122d2265304e\",\r\n    \"usageThreshold\": 107374182400,\r\n    \"usedBytes\": 0,\r\n    \"snapshotPolicy\": {\r\n      \"enabled\": false\r\n    },\r\n    \"exportPolicy\": {\r\n      \"rules\": [\r\n        {\r\n          \"ruleIndex\": 1,\r\n          \"unixReadOnly\": false,\r\n          \"unixReadWrite\": true,\r\n          \"cifs\": false,\r\n          \"nfsv3\": true,\r\n          \"nfsv4\": false,\r\n          \"allowedClients\": \"0.0.0.0/0\"\r\n        }\r\n      ]\r\n    },\r\n    \"protocolTypes\": [\r\n      \"NFSv3\"\r\n    ],\r\n    \"baremetalTenantId\": \"baremetalTenant_svm_b6363a81902211e99b70122d2265304e_ba4c76bd\",\r\n    \"subnetId\": \"/subscriptions/f557b96d-2308-4a18-aae1-b8f7e7e70cc7/resourceGroups/ps1930/providers/Microsoft.Network/virtualNetworks/ps1930-vnet/subnets/default\",\r\n    \"mountTargets\": [\r\n      {\r\n        \"provisioningState\": \"Succeeded\",\r\n        \"mountTargetId\": \"4b7b4a8d-345f-3c72-1c24-c7834c8260b7\",\r\n        \"fileSystemId\": \"59daf48d-f43c-6346-bde4-884bca91fda5\",\r\n        \"startIp\": \"10.0.1.4\",\r\n        \"endIp\": \"10.0.1.4\",\r\n        \"gateway\": \"10.0.1.1\",\r\n        \"netmask\": \"255.255.255.0\",\r\n        \"ipAddress\": \"10.0.1.4\"\r\n      }\r\n    ]\r\n  }\r\n}",
      "StatusCode": 200
    },
    {
      "RequestUri": "/subscriptions/f557b96d-2308-4a18-aae1-b8f7e7e70cc7/resourceGroups/ps1930/providers/Microsoft.NetApp/netAppAccounts/ps65/capacityPools/ps3237/volumes/ps1592/snapshots/ps1239?api-version=2019-05-01",
      "EncodedRequestUri": "L3N1YnNjcmlwdGlvbnMvZjU1N2I5NmQtMjMwOC00YTE4LWFhZTEtYjhmN2U3ZTcwY2M3L3Jlc291cmNlR3JvdXBzL3BzMTkzMC9wcm92aWRlcnMvTWljcm9zb2Z0Lk5ldEFwcC9uZXRBcHBBY2NvdW50cy9wczY1L2NhcGFjaXR5UG9vbHMvcHMzMjM3L3ZvbHVtZXMvcHMxNTkyL3NuYXBzaG90cy9wczEyMzk/YXBpLXZlcnNpb249MjAxOS0wNS0wMQ==",
      "RequestMethod": "PUT",
      "RequestBody": "{\r\n  \"location\": \"eastus2\",\r\n  \"properties\": {\r\n    \"fileSystemId\": \"59daf48d-f43c-6346-bde4-884bca91fda5\"\r\n  }\r\n}",
      "RequestHeaders": {
        "x-ms-client-request-id": [
          "a6883b58-1321-48fc-963d-28e632b461d8"
        ],
        "Accept-Language": [
          "en-US"
        ],
        "User-Agent": [
          "FxVersion/4.6.27414.06",
          "OSName/Windows",
          "OSVersion/Microsoft.Windows.10.0.17134.",
          "Microsoft.Azure.Management.NetApp.AzureNetAppFilesManagementClient/1.0.0.0"
        ],
        "Content-Type": [
          "application/json; charset=utf-8"
        ],
        "Content-Length": [
          "114"
        ]
      },
      "ResponseHeaders": {
        "Cache-Control": [
          "no-cache"
        ],
        "Pragma": [
          "no-cache"
        ],
        "x-ms-request-id": [
          "d0690eb7-3dec-4c1b-b720-972868151d35"
        ],
        "Request-Context": [
          "appId=cid-v1:2c4cb680-0a1f-424d-bb8d-8e650ba68d53"
        ],
        "Access-Control-Expose-Headers": [
          "Request-Context"
        ],
        "Server": [
          "Microsoft-IIS/10.0"
        ],
        "X-Powered-By": [
          "ASP.NET"
        ],
        "x-ms-ratelimit-remaining-subscription-writes": [
          "1196"
        ],
        "x-ms-correlation-request-id": [
          "cd446fea-a777-42fe-8ccf-9e5b3ad30ac7"
        ],
        "x-ms-routing-request-id": [
          "UKSOUTH2:20190621T161133Z:cd446fea-a777-42fe-8ccf-9e5b3ad30ac7"
        ],
        "Strict-Transport-Security": [
          "max-age=31536000; includeSubDomains"
        ],
        "X-Content-Type-Options": [
          "nosniff"
        ],
        "Date": [
          "Fri, 21 Jun 2019 16:11:33 GMT"
        ],
        "Content-Length": [
          "543"
        ],
        "Content-Type": [
          "application/json; charset=utf-8"
        ],
        "Expires": [
          "-1"
        ]
      },
      "ResponseBody": "{\r\n  \"id\": \"/subscriptions/f557b96d-2308-4a18-aae1-b8f7e7e70cc7/resourceGroups/ps1930/providers/Microsoft.NetApp/netAppAccounts/ps65/capacityPools/ps3237/volumes/ps1592/snapshots/ps1239\",\r\n  \"name\": \"ps65/ps3237/ps1592/ps1239\",\r\n  \"type\": \"Microsoft.NetApp/netAppAccounts/capacityPools/volumes/snapshots\",\r\n  \"etag\": \"6/21/2019 4:11:33 PM\",\r\n  \"location\": \"eastus2\",\r\n  \"properties\": {\r\n    \"provisioningState\": \"Succeeded\",\r\n    \"snapshotId\": \"0456ac1c-b88f-812f-7c2c-cf118b4fc583\",\r\n    \"fileSystemId\": \"59daf48d-f43c-6346-bde4-884bca91fda5\",\r\n    \"name\": \"ps1239\",\r\n    \"created\": \"2019-06-21T16:11:30Z\"\r\n  }\r\n}",
      "StatusCode": 201
    },
    {
      "RequestUri": "/subscriptions/f557b96d-2308-4a18-aae1-b8f7e7e70cc7/resourceGroups/ps1930/providers/Microsoft.NetApp/netAppAccounts/ps65/capacityPools/ps3237/volumes/ps1592/snapshots/ps1239?api-version=2019-05-01",
      "EncodedRequestUri": "L3N1YnNjcmlwdGlvbnMvZjU1N2I5NmQtMjMwOC00YTE4LWFhZTEtYjhmN2U3ZTcwY2M3L3Jlc291cmNlR3JvdXBzL3BzMTkzMC9wcm92aWRlcnMvTWljcm9zb2Z0Lk5ldEFwcC9uZXRBcHBBY2NvdW50cy9wczY1L2NhcGFjaXR5UG9vbHMvcHMzMjM3L3ZvbHVtZXMvcHMxNTkyL3NuYXBzaG90cy9wczEyMzk/YXBpLXZlcnNpb249MjAxOS0wNS0wMQ==",
      "RequestMethod": "GET",
      "RequestBody": "",
      "RequestHeaders": {
        "x-ms-client-request-id": [
          "f2fd3e37-d4af-4281-994e-771476a874a1"
        ],
        "Accept-Language": [
          "en-US"
        ],
        "User-Agent": [
          "FxVersion/4.6.27414.06",
          "OSName/Windows",
          "OSVersion/Microsoft.Windows.10.0.17134.",
          "Microsoft.Azure.Management.NetApp.AzureNetAppFilesManagementClient/1.0.0.0"
        ]
      },
      "ResponseHeaders": {
        "Cache-Control": [
          "no-cache"
        ],
        "Pragma": [
          "no-cache"
        ],
        "x-ms-request-id": [
          "b1e55157-51e2-4260-b948-5df23ca43629"
        ],
        "Request-Context": [
          "appId=cid-v1:2c4cb680-0a1f-424d-bb8d-8e650ba68d53"
        ],
        "Access-Control-Expose-Headers": [
          "Request-Context"
        ],
        "Server": [
          "Microsoft-IIS/10.0"
        ],
        "X-Powered-By": [
          "ASP.NET"
        ],
        "x-ms-ratelimit-remaining-subscription-reads": [
          "11988"
        ],
        "x-ms-correlation-request-id": [
          "3fd515cd-e7e1-4887-852c-3b90621088aa"
        ],
        "x-ms-routing-request-id": [
          "UKSOUTH2:20190621T161134Z:3fd515cd-e7e1-4887-852c-3b90621088aa"
        ],
        "Strict-Transport-Security": [
          "max-age=31536000; includeSubDomains"
        ],
        "X-Content-Type-Options": [
          "nosniff"
        ],
        "Date": [
          "Fri, 21 Jun 2019 16:11:33 GMT"
        ],
        "Content-Length": [
          "513"
        ],
        "Content-Type": [
          "application/json; charset=utf-8"
        ],
        "Expires": [
          "-1"
        ]
      },
      "ResponseBody": "{\r\n  \"id\": \"/subscriptions/f557b96d-2308-4a18-aae1-b8f7e7e70cc7/resourceGroups/ps1930/providers/Microsoft.NetApp/netAppAccounts/ps65/capacityPools/ps3237/volumes/ps1592/snapshots/ps1239\",\r\n  \"name\": \"ps65/ps3237/ps1592/ps1239\",\r\n  \"type\": \"Microsoft.NetApp/netAppAccounts/capacityPools/volumes/snapshots\",\r\n  \"location\": \"eastus2\",\r\n  \"properties\": {\r\n    \"provisioningState\": \"Succeeded\",\r\n    \"snapshotId\": \"0456ac1c-b88f-812f-7c2c-cf118b4fc583\",\r\n    \"fileSystemId\": \"59daf48d-f43c-6346-bde4-884bca91fda5\",\r\n    \"name\": \"ps1239\",\r\n    \"created\": \"2019-06-21T16:11:30Z\"\r\n  }\r\n}",
      "StatusCode": 200
    },
    {
      "RequestUri": "/subscriptions/f557b96d-2308-4a18-aae1-b8f7e7e70cc7/resourceGroups/ps1930/providers/Microsoft.NetApp/netAppAccounts/ps65/capacityPools/ps3237/volumes/ps1592/snapshots/ps1239?api-version=2019-05-01",
      "EncodedRequestUri": "L3N1YnNjcmlwdGlvbnMvZjU1N2I5NmQtMjMwOC00YTE4LWFhZTEtYjhmN2U3ZTcwY2M3L3Jlc291cmNlR3JvdXBzL3BzMTkzMC9wcm92aWRlcnMvTWljcm9zb2Z0Lk5ldEFwcC9uZXRBcHBBY2NvdW50cy9wczY1L2NhcGFjaXR5UG9vbHMvcHMzMjM3L3ZvbHVtZXMvcHMxNTkyL3NuYXBzaG90cy9wczEyMzk/YXBpLXZlcnNpb249MjAxOS0wNS0wMQ==",
      "RequestMethod": "DELETE",
      "RequestBody": "",
      "RequestHeaders": {
        "x-ms-client-request-id": [
          "ef4f834e-b168-4571-a53a-e16e403a7bac"
        ],
        "Accept-Language": [
          "en-US"
        ],
        "User-Agent": [
          "FxVersion/4.6.27414.06",
          "OSName/Windows",
          "OSVersion/Microsoft.Windows.10.0.17134.",
          "Microsoft.Azure.Management.NetApp.AzureNetAppFilesManagementClient/1.0.0.0"
        ]
      },
      "ResponseHeaders": {
        "Cache-Control": [
          "no-cache"
        ],
        "Pragma": [
          "no-cache"
        ],
        "x-ms-request-id": [
          "927d22ed-d525-4976-8074-f10de5e4777a"
        ],
        "Request-Context": [
          "appId=cid-v1:2c4cb680-0a1f-424d-bb8d-8e650ba68d53"
        ],
        "Access-Control-Expose-Headers": [
          "Request-Context"
        ],
        "Server": [
          "Microsoft-IIS/10.0"
        ],
        "X-Powered-By": [
          "ASP.NET"
        ],
        "x-ms-ratelimit-remaining-subscription-deletes": [
          "14999"
        ],
        "x-ms-correlation-request-id": [
          "dc2caeb5-4c99-4d09-b2b9-f29bab10bda4"
        ],
        "x-ms-routing-request-id": [
          "UKSOUTH2:20190621T161138Z:dc2caeb5-4c99-4d09-b2b9-f29bab10bda4"
        ],
        "Strict-Transport-Security": [
          "max-age=31536000; includeSubDomains"
        ],
        "X-Content-Type-Options": [
          "nosniff"
        ],
        "Date": [
          "Fri, 21 Jun 2019 16:11:37 GMT"
        ],
        "Expires": [
          "-1"
        ],
        "Content-Length": [
          "0"
        ]
      },
      "ResponseBody": "",
      "StatusCode": 200
    },
    {
      "RequestUri": "/subscriptions/f557b96d-2308-4a18-aae1-b8f7e7e70cc7/resourceGroups/ps1930/providers/Microsoft.NetApp/netAppAccounts/ps65/capacityPools/ps3237/volumes/ps1592/snapshots?api-version=2019-05-01",
      "EncodedRequestUri": "L3N1YnNjcmlwdGlvbnMvZjU1N2I5NmQtMjMwOC00YTE4LWFhZTEtYjhmN2U3ZTcwY2M3L3Jlc291cmNlR3JvdXBzL3BzMTkzMC9wcm92aWRlcnMvTWljcm9zb2Z0Lk5ldEFwcC9uZXRBcHBBY2NvdW50cy9wczY1L2NhcGFjaXR5UG9vbHMvcHMzMjM3L3ZvbHVtZXMvcHMxNTkyL3NuYXBzaG90cz9hcGktdmVyc2lvbj0yMDE5LTA1LTAx",
      "RequestMethod": "GET",
      "RequestBody": "",
      "RequestHeaders": {
        "x-ms-client-request-id": [
          "607daefc-2e88-4f98-9a34-7736e6afac2c"
        ],
        "Accept-Language": [
          "en-US"
        ],
        "User-Agent": [
          "FxVersion/4.6.27414.06",
          "OSName/Windows",
          "OSVersion/Microsoft.Windows.10.0.17134.",
          "Microsoft.Azure.Management.NetApp.AzureNetAppFilesManagementClient/1.0.0.0"
        ]
      },
      "ResponseHeaders": {
        "Cache-Control": [
          "no-cache"
        ],
        "Pragma": [
          "no-cache"
        ],
        "x-ms-request-id": [
          "c428908a-0c01-4265-a8a9-291f47b73064"
        ],
        "Request-Context": [
          "appId=cid-v1:2c4cb680-0a1f-424d-bb8d-8e650ba68d53"
        ],
        "Access-Control-Expose-Headers": [
          "Request-Context"
        ],
        "Server": [
          "Microsoft-IIS/10.0"
        ],
        "X-Powered-By": [
          "ASP.NET"
        ],
        "x-ms-ratelimit-remaining-subscription-reads": [
          "11986"
        ],
        "x-ms-correlation-request-id": [
          "fe6afc32-945e-42b8-b6e7-627fcdff0035"
        ],
        "x-ms-routing-request-id": [
          "UKSOUTH2:20190621T161138Z:fe6afc32-945e-42b8-b6e7-627fcdff0035"
        ],
        "Strict-Transport-Security": [
          "max-age=31536000; includeSubDomains"
        ],
        "X-Content-Type-Options": [
          "nosniff"
        ],
        "Date": [
          "Fri, 21 Jun 2019 16:11:38 GMT"
        ],
        "Content-Length": [
          "12"
        ],
        "Content-Type": [
          "application/json; charset=utf-8"
        ],
        "Expires": [
          "-1"
        ]
      },
      "ResponseBody": "{\r\n  \"value\": []\r\n}",
      "StatusCode": 200
    },
    {
      "RequestUri": "/subscriptions/f557b96d-2308-4a18-aae1-b8f7e7e70cc7/resourcegroups/ps1930?api-version=2016-09-01",
      "EncodedRequestUri": "L3N1YnNjcmlwdGlvbnMvZjU1N2I5NmQtMjMwOC00YTE4LWFhZTEtYjhmN2U3ZTcwY2M3L3Jlc291cmNlZ3JvdXBzL3BzMTkzMD9hcGktdmVyc2lvbj0yMDE2LTA5LTAx",
      "RequestMethod": "DELETE",
      "RequestBody": "",
      "RequestHeaders": {
        "x-ms-client-request-id": [
          "6c8688c7-8fd0-4548-b76c-acdef536b1de"
        ],
        "Accept-Language": [
          "en-US"
        ],
        "User-Agent": [
          "FxVersion/4.6.27414.06",
          "OSName/Windows",
          "OSVersion/Microsoft.Windows.10.0.17134.",
          "Microsoft.Azure.Management.Internal.Resources.ResourceManagementClient/1.2.1"
        ]
      },
      "ResponseHeaders": {
        "Cache-Control": [
          "no-cache"
        ],
        "Pragma": [
          "no-cache"
        ],
        "Location": [
          "https://management.azure.com/subscriptions/f557b96d-2308-4a18-aae1-b8f7e7e70cc7/operationresults/eyJqb2JJZCI6IlJFU09VUkNFR1JPVVBERUxFVElPTkpPQi1QUzE5MzAtRUFTVFVTMiIsImpvYkxvY2F0aW9uIjoiZWFzdHVzMiJ9?api-version=2016-09-01"
        ],
        "Retry-After": [
          "15"
        ],
        "x-ms-ratelimit-remaining-subscription-deletes": [
          "14997"
        ],
        "x-ms-request-id": [
          "0e62516f-3dc0-48a3-a8cb-ae8a8778dcb8"
        ],
        "x-ms-correlation-request-id": [
          "0e62516f-3dc0-48a3-a8cb-ae8a8778dcb8"
        ],
        "x-ms-routing-request-id": [
          "UKSOUTH2:20190621T161141Z:0e62516f-3dc0-48a3-a8cb-ae8a8778dcb8"
        ],
        "Strict-Transport-Security": [
          "max-age=31536000; includeSubDomains"
        ],
        "X-Content-Type-Options": [
          "nosniff"
        ],
        "Date": [
          "Fri, 21 Jun 2019 16:11:40 GMT"
        ],
        "Expires": [
          "-1"
        ],
        "Content-Length": [
          "0"
        ]
      },
      "ResponseBody": "",
      "StatusCode": 202
    },
    {
      "RequestUri": "/subscriptions/f557b96d-2308-4a18-aae1-b8f7e7e70cc7/operationresults/eyJqb2JJZCI6IlJFU09VUkNFR1JPVVBERUxFVElPTkpPQi1QUzE5MzAtRUFTVFVTMiIsImpvYkxvY2F0aW9uIjoiZWFzdHVzMiJ9?api-version=2016-09-01",
      "EncodedRequestUri": "L3N1YnNjcmlwdGlvbnMvZjU1N2I5NmQtMjMwOC00YTE4LWFhZTEtYjhmN2U3ZTcwY2M3L29wZXJhdGlvbnJlc3VsdHMvZXlKcWIySkpaQ0k2SWxKRlUwOVZVa05GUjFKUFZWQkVSVXhGVkVsUFRrcFBRaTFRVXpFNU16QXRSVUZUVkZWVE1pSXNJbXB2WWt4dlkyRjBhVzl1SWpvaVpXRnpkSFZ6TWlKOT9hcGktdmVyc2lvbj0yMDE2LTA5LTAx",
      "RequestMethod": "GET",
      "RequestBody": "",
      "RequestHeaders": {
        "User-Agent": [
          "FxVersion/4.6.27414.06",
          "OSName/Windows",
          "OSVersion/Microsoft.Windows.10.0.17134.",
          "Microsoft.Azure.Management.Internal.Resources.ResourceManagementClient/1.2.1"
        ]
      },
      "ResponseHeaders": {
        "Cache-Control": [
          "no-cache"
        ],
        "Pragma": [
          "no-cache"
        ],
        "Location": [
          "https://management.azure.com/subscriptions/f557b96d-2308-4a18-aae1-b8f7e7e70cc7/operationresults/eyJqb2JJZCI6IlJFU09VUkNFR1JPVVBERUxFVElPTkpPQi1QUzE5MzAtRUFTVFVTMiIsImpvYkxvY2F0aW9uIjoiZWFzdHVzMiJ9?api-version=2016-09-01"
        ],
        "Retry-After": [
          "15"
        ],
        "x-ms-ratelimit-remaining-subscription-reads": [
          "11956"
        ],
        "x-ms-request-id": [
          "aea0feb7-27d3-4b57-a0de-564e927a9a4c"
        ],
        "x-ms-correlation-request-id": [
          "aea0feb7-27d3-4b57-a0de-564e927a9a4c"
        ],
        "x-ms-routing-request-id": [
          "UKSOUTH2:20190621T161156Z:aea0feb7-27d3-4b57-a0de-564e927a9a4c"
        ],
        "Strict-Transport-Security": [
          "max-age=31536000; includeSubDomains"
        ],
        "X-Content-Type-Options": [
          "nosniff"
        ],
        "Date": [
          "Fri, 21 Jun 2019 16:11:55 GMT"
        ],
        "Expires": [
          "-1"
        ],
        "Content-Length": [
          "0"
        ]
      },
      "ResponseBody": "",
      "StatusCode": 202
    },
    {
      "RequestUri": "/subscriptions/f557b96d-2308-4a18-aae1-b8f7e7e70cc7/operationresults/eyJqb2JJZCI6IlJFU09VUkNFR1JPVVBERUxFVElPTkpPQi1QUzE5MzAtRUFTVFVTMiIsImpvYkxvY2F0aW9uIjoiZWFzdHVzMiJ9?api-version=2016-09-01",
      "EncodedRequestUri": "L3N1YnNjcmlwdGlvbnMvZjU1N2I5NmQtMjMwOC00YTE4LWFhZTEtYjhmN2U3ZTcwY2M3L29wZXJhdGlvbnJlc3VsdHMvZXlKcWIySkpaQ0k2SWxKRlUwOVZVa05GUjFKUFZWQkVSVXhGVkVsUFRrcFBRaTFRVXpFNU16QXRSVUZUVkZWVE1pSXNJbXB2WWt4dlkyRjBhVzl1SWpvaVpXRnpkSFZ6TWlKOT9hcGktdmVyc2lvbj0yMDE2LTA5LTAx",
      "RequestMethod": "GET",
      "RequestBody": "",
      "RequestHeaders": {
        "User-Agent": [
          "FxVersion/4.6.27414.06",
          "OSName/Windows",
          "OSVersion/Microsoft.Windows.10.0.17134.",
          "Microsoft.Azure.Management.Internal.Resources.ResourceManagementClient/1.2.1"
        ]
      },
      "ResponseHeaders": {
        "Cache-Control": [
          "no-cache"
        ],
        "Pragma": [
          "no-cache"
        ],
        "Location": [
          "https://management.azure.com/subscriptions/f557b96d-2308-4a18-aae1-b8f7e7e70cc7/operationresults/eyJqb2JJZCI6IlJFU09VUkNFR1JPVVBERUxFVElPTkpPQi1QUzE5MzAtRUFTVFVTMiIsImpvYkxvY2F0aW9uIjoiZWFzdHVzMiJ9?api-version=2016-09-01"
        ],
        "Retry-After": [
          "15"
        ],
        "x-ms-ratelimit-remaining-subscription-reads": [
          "11955"
        ],
        "x-ms-request-id": [
          "8ee100d2-b179-49cc-91b5-8f5f64cda2cf"
        ],
        "x-ms-correlation-request-id": [
          "8ee100d2-b179-49cc-91b5-8f5f64cda2cf"
        ],
        "x-ms-routing-request-id": [
          "UKSOUTH2:20190621T161211Z:8ee100d2-b179-49cc-91b5-8f5f64cda2cf"
        ],
        "Strict-Transport-Security": [
          "max-age=31536000; includeSubDomains"
        ],
        "X-Content-Type-Options": [
          "nosniff"
        ],
        "Date": [
          "Fri, 21 Jun 2019 16:12:10 GMT"
        ],
        "Expires": [
          "-1"
        ],
        "Content-Length": [
          "0"
        ]
      },
      "ResponseBody": "",
      "StatusCode": 202
    },
    {
      "RequestUri": "/subscriptions/f557b96d-2308-4a18-aae1-b8f7e7e70cc7/operationresults/eyJqb2JJZCI6IlJFU09VUkNFR1JPVVBERUxFVElPTkpPQi1QUzE5MzAtRUFTVFVTMiIsImpvYkxvY2F0aW9uIjoiZWFzdHVzMiJ9?api-version=2016-09-01",
      "EncodedRequestUri": "L3N1YnNjcmlwdGlvbnMvZjU1N2I5NmQtMjMwOC00YTE4LWFhZTEtYjhmN2U3ZTcwY2M3L29wZXJhdGlvbnJlc3VsdHMvZXlKcWIySkpaQ0k2SWxKRlUwOVZVa05GUjFKUFZWQkVSVXhGVkVsUFRrcFBRaTFRVXpFNU16QXRSVUZUVkZWVE1pSXNJbXB2WWt4dlkyRjBhVzl1SWpvaVpXRnpkSFZ6TWlKOT9hcGktdmVyc2lvbj0yMDE2LTA5LTAx",
      "RequestMethod": "GET",
      "RequestBody": "",
      "RequestHeaders": {
        "User-Agent": [
          "FxVersion/4.6.27414.06",
          "OSName/Windows",
          "OSVersion/Microsoft.Windows.10.0.17134.",
          "Microsoft.Azure.Management.Internal.Resources.ResourceManagementClient/1.2.1"
        ]
      },
      "ResponseHeaders": {
        "Cache-Control": [
          "no-cache"
        ],
        "Pragma": [
          "no-cache"
        ],
        "Location": [
          "https://management.azure.com/subscriptions/f557b96d-2308-4a18-aae1-b8f7e7e70cc7/operationresults/eyJqb2JJZCI6IlJFU09VUkNFR1JPVVBERUxFVElPTkpPQi1QUzE5MzAtRUFTVFVTMiIsImpvYkxvY2F0aW9uIjoiZWFzdHVzMiJ9?api-version=2016-09-01"
        ],
        "Retry-After": [
          "15"
        ],
        "x-ms-ratelimit-remaining-subscription-reads": [
          "11954"
        ],
        "x-ms-request-id": [
          "9a89a6c0-5c87-4ef6-8c0c-334e24799556"
        ],
        "x-ms-correlation-request-id": [
          "9a89a6c0-5c87-4ef6-8c0c-334e24799556"
        ],
        "x-ms-routing-request-id": [
          "UKSOUTH2:20190621T161226Z:9a89a6c0-5c87-4ef6-8c0c-334e24799556"
        ],
        "Strict-Transport-Security": [
          "max-age=31536000; includeSubDomains"
        ],
        "X-Content-Type-Options": [
          "nosniff"
        ],
        "Date": [
          "Fri, 21 Jun 2019 16:12:25 GMT"
        ],
        "Expires": [
          "-1"
        ],
        "Content-Length": [
          "0"
        ]
      },
      "ResponseBody": "",
      "StatusCode": 202
    },
    {
      "RequestUri": "/subscriptions/f557b96d-2308-4a18-aae1-b8f7e7e70cc7/operationresults/eyJqb2JJZCI6IlJFU09VUkNFR1JPVVBERUxFVElPTkpPQi1QUzE5MzAtRUFTVFVTMiIsImpvYkxvY2F0aW9uIjoiZWFzdHVzMiJ9?api-version=2016-09-01",
      "EncodedRequestUri": "L3N1YnNjcmlwdGlvbnMvZjU1N2I5NmQtMjMwOC00YTE4LWFhZTEtYjhmN2U3ZTcwY2M3L29wZXJhdGlvbnJlc3VsdHMvZXlKcWIySkpaQ0k2SWxKRlUwOVZVa05GUjFKUFZWQkVSVXhGVkVsUFRrcFBRaTFRVXpFNU16QXRSVUZUVkZWVE1pSXNJbXB2WWt4dlkyRjBhVzl1SWpvaVpXRnpkSFZ6TWlKOT9hcGktdmVyc2lvbj0yMDE2LTA5LTAx",
      "RequestMethod": "GET",
      "RequestBody": "",
      "RequestHeaders": {
        "User-Agent": [
          "FxVersion/4.6.27414.06",
          "OSName/Windows",
          "OSVersion/Microsoft.Windows.10.0.17134.",
          "Microsoft.Azure.Management.Internal.Resources.ResourceManagementClient/1.2.1"
        ]
      },
      "ResponseHeaders": {
        "Cache-Control": [
          "no-cache"
        ],
        "Pragma": [
          "no-cache"
        ],
        "Location": [
          "https://management.azure.com/subscriptions/f557b96d-2308-4a18-aae1-b8f7e7e70cc7/operationresults/eyJqb2JJZCI6IlJFU09VUkNFR1JPVVBERUxFVElPTkpPQi1QUzE5MzAtRUFTVFVTMiIsImpvYkxvY2F0aW9uIjoiZWFzdHVzMiJ9?api-version=2016-09-01"
        ],
        "Retry-After": [
          "15"
        ],
        "x-ms-ratelimit-remaining-subscription-reads": [
          "11953"
        ],
        "x-ms-request-id": [
          "93dce518-e6c3-42e9-b9a8-aad0a2a0711f"
        ],
        "x-ms-correlation-request-id": [
          "93dce518-e6c3-42e9-b9a8-aad0a2a0711f"
        ],
        "x-ms-routing-request-id": [
          "UKSOUTH2:20190621T161242Z:93dce518-e6c3-42e9-b9a8-aad0a2a0711f"
        ],
        "Strict-Transport-Security": [
          "max-age=31536000; includeSubDomains"
        ],
        "X-Content-Type-Options": [
          "nosniff"
        ],
        "Date": [
          "Fri, 21 Jun 2019 16:12:42 GMT"
        ],
        "Expires": [
          "-1"
        ],
        "Content-Length": [
          "0"
        ]
      },
      "ResponseBody": "",
      "StatusCode": 202
    },
    {
      "RequestUri": "/subscriptions/f557b96d-2308-4a18-aae1-b8f7e7e70cc7/operationresults/eyJqb2JJZCI6IlJFU09VUkNFR1JPVVBERUxFVElPTkpPQi1QUzE5MzAtRUFTVFVTMiIsImpvYkxvY2F0aW9uIjoiZWFzdHVzMiJ9?api-version=2016-09-01",
      "EncodedRequestUri": "L3N1YnNjcmlwdGlvbnMvZjU1N2I5NmQtMjMwOC00YTE4LWFhZTEtYjhmN2U3ZTcwY2M3L29wZXJhdGlvbnJlc3VsdHMvZXlKcWIySkpaQ0k2SWxKRlUwOVZVa05GUjFKUFZWQkVSVXhGVkVsUFRrcFBRaTFRVXpFNU16QXRSVUZUVkZWVE1pSXNJbXB2WWt4dlkyRjBhVzl1SWpvaVpXRnpkSFZ6TWlKOT9hcGktdmVyc2lvbj0yMDE2LTA5LTAx",
      "RequestMethod": "GET",
      "RequestBody": "",
      "RequestHeaders": {
        "User-Agent": [
          "FxVersion/4.6.27414.06",
          "OSName/Windows",
          "OSVersion/Microsoft.Windows.10.0.17134.",
          "Microsoft.Azure.Management.Internal.Resources.ResourceManagementClient/1.2.1"
        ]
      },
      "ResponseHeaders": {
        "Cache-Control": [
          "no-cache"
        ],
        "Pragma": [
          "no-cache"
        ],
        "Location": [
          "https://management.azure.com/subscriptions/f557b96d-2308-4a18-aae1-b8f7e7e70cc7/operationresults/eyJqb2JJZCI6IlJFU09VUkNFR1JPVVBERUxFVElPTkpPQi1QUzE5MzAtRUFTVFVTMiIsImpvYkxvY2F0aW9uIjoiZWFzdHVzMiJ9?api-version=2016-09-01"
        ],
        "Retry-After": [
          "15"
        ],
        "x-ms-ratelimit-remaining-subscription-reads": [
          "11952"
        ],
        "x-ms-request-id": [
          "bacfc577-cd80-4e4f-b21b-8d7ad4a74476"
        ],
        "x-ms-correlation-request-id": [
          "bacfc577-cd80-4e4f-b21b-8d7ad4a74476"
        ],
        "x-ms-routing-request-id": [
          "UKSOUTH2:20190621T161257Z:bacfc577-cd80-4e4f-b21b-8d7ad4a74476"
        ],
        "Strict-Transport-Security": [
          "max-age=31536000; includeSubDomains"
        ],
        "X-Content-Type-Options": [
          "nosniff"
        ],
        "Date": [
          "Fri, 21 Jun 2019 16:12:57 GMT"
        ],
        "Expires": [
          "-1"
        ],
        "Content-Length": [
          "0"
        ]
      },
      "ResponseBody": "",
      "StatusCode": 202
    },
    {
      "RequestUri": "/subscriptions/f557b96d-2308-4a18-aae1-b8f7e7e70cc7/operationresults/eyJqb2JJZCI6IlJFU09VUkNFR1JPVVBERUxFVElPTkpPQi1QUzE5MzAtRUFTVFVTMiIsImpvYkxvY2F0aW9uIjoiZWFzdHVzMiJ9?api-version=2016-09-01",
      "EncodedRequestUri": "L3N1YnNjcmlwdGlvbnMvZjU1N2I5NmQtMjMwOC00YTE4LWFhZTEtYjhmN2U3ZTcwY2M3L29wZXJhdGlvbnJlc3VsdHMvZXlKcWIySkpaQ0k2SWxKRlUwOVZVa05GUjFKUFZWQkVSVXhGVkVsUFRrcFBRaTFRVXpFNU16QXRSVUZUVkZWVE1pSXNJbXB2WWt4dlkyRjBhVzl1SWpvaVpXRnpkSFZ6TWlKOT9hcGktdmVyc2lvbj0yMDE2LTA5LTAx",
      "RequestMethod": "GET",
      "RequestBody": "",
      "RequestHeaders": {
        "User-Agent": [
          "FxVersion/4.6.27414.06",
          "OSName/Windows",
          "OSVersion/Microsoft.Windows.10.0.17134.",
          "Microsoft.Azure.Management.Internal.Resources.ResourceManagementClient/1.2.1"
        ]
      },
      "ResponseHeaders": {
        "Cache-Control": [
          "no-cache"
        ],
        "Pragma": [
          "no-cache"
        ],
        "Location": [
          "https://management.azure.com/subscriptions/f557b96d-2308-4a18-aae1-b8f7e7e70cc7/operationresults/eyJqb2JJZCI6IlJFU09VUkNFR1JPVVBERUxFVElPTkpPQi1QUzE5MzAtRUFTVFVTMiIsImpvYkxvY2F0aW9uIjoiZWFzdHVzMiJ9?api-version=2016-09-01"
        ],
        "Retry-After": [
          "15"
        ],
        "x-ms-ratelimit-remaining-subscription-reads": [
          "11951"
        ],
        "x-ms-request-id": [
          "00efd5d3-5136-44f2-a5ec-bbab59d93c70"
        ],
        "x-ms-correlation-request-id": [
          "00efd5d3-5136-44f2-a5ec-bbab59d93c70"
        ],
        "x-ms-routing-request-id": [
          "UKSOUTH2:20190621T161312Z:00efd5d3-5136-44f2-a5ec-bbab59d93c70"
        ],
        "Strict-Transport-Security": [
          "max-age=31536000; includeSubDomains"
        ],
        "X-Content-Type-Options": [
          "nosniff"
        ],
        "Date": [
          "Fri, 21 Jun 2019 16:13:12 GMT"
        ],
        "Expires": [
          "-1"
        ],
        "Content-Length": [
          "0"
        ]
      },
      "ResponseBody": "",
      "StatusCode": 202
    },
    {
      "RequestUri": "/subscriptions/f557b96d-2308-4a18-aae1-b8f7e7e70cc7/operationresults/eyJqb2JJZCI6IlJFU09VUkNFR1JPVVBERUxFVElPTkpPQi1QUzE5MzAtRUFTVFVTMiIsImpvYkxvY2F0aW9uIjoiZWFzdHVzMiJ9?api-version=2016-09-01",
      "EncodedRequestUri": "L3N1YnNjcmlwdGlvbnMvZjU1N2I5NmQtMjMwOC00YTE4LWFhZTEtYjhmN2U3ZTcwY2M3L29wZXJhdGlvbnJlc3VsdHMvZXlKcWIySkpaQ0k2SWxKRlUwOVZVa05GUjFKUFZWQkVSVXhGVkVsUFRrcFBRaTFRVXpFNU16QXRSVUZUVkZWVE1pSXNJbXB2WWt4dlkyRjBhVzl1SWpvaVpXRnpkSFZ6TWlKOT9hcGktdmVyc2lvbj0yMDE2LTA5LTAx",
      "RequestMethod": "GET",
      "RequestBody": "",
      "RequestHeaders": {
        "User-Agent": [
          "FxVersion/4.6.27414.06",
          "OSName/Windows",
          "OSVersion/Microsoft.Windows.10.0.17134.",
          "Microsoft.Azure.Management.Internal.Resources.ResourceManagementClient/1.2.1"
        ]
      },
      "ResponseHeaders": {
        "Cache-Control": [
          "no-cache"
        ],
        "Pragma": [
          "no-cache"
        ],
        "Location": [
          "https://management.azure.com/subscriptions/f557b96d-2308-4a18-aae1-b8f7e7e70cc7/operationresults/eyJqb2JJZCI6IlJFU09VUkNFR1JPVVBERUxFVElPTkpPQi1QUzE5MzAtRUFTVFVTMiIsImpvYkxvY2F0aW9uIjoiZWFzdHVzMiJ9?api-version=2016-09-01"
        ],
        "Retry-After": [
          "15"
        ],
        "x-ms-ratelimit-remaining-subscription-reads": [
          "11950"
        ],
        "x-ms-request-id": [
          "4d9c0828-28f7-4b92-8001-429f83635513"
        ],
        "x-ms-correlation-request-id": [
          "4d9c0828-28f7-4b92-8001-429f83635513"
        ],
        "x-ms-routing-request-id": [
          "UKSOUTH2:20190621T161328Z:4d9c0828-28f7-4b92-8001-429f83635513"
        ],
        "Strict-Transport-Security": [
          "max-age=31536000; includeSubDomains"
        ],
        "X-Content-Type-Options": [
          "nosniff"
        ],
        "Date": [
          "Fri, 21 Jun 2019 16:13:27 GMT"
        ],
        "Expires": [
          "-1"
        ],
        "Content-Length": [
          "0"
        ]
      },
      "ResponseBody": "",
      "StatusCode": 202
    },
    {
      "RequestUri": "/subscriptions/f557b96d-2308-4a18-aae1-b8f7e7e70cc7/operationresults/eyJqb2JJZCI6IlJFU09VUkNFR1JPVVBERUxFVElPTkpPQi1QUzE5MzAtRUFTVFVTMiIsImpvYkxvY2F0aW9uIjoiZWFzdHVzMiJ9?api-version=2016-09-01",
      "EncodedRequestUri": "L3N1YnNjcmlwdGlvbnMvZjU1N2I5NmQtMjMwOC00YTE4LWFhZTEtYjhmN2U3ZTcwY2M3L29wZXJhdGlvbnJlc3VsdHMvZXlKcWIySkpaQ0k2SWxKRlUwOVZVa05GUjFKUFZWQkVSVXhGVkVsUFRrcFBRaTFRVXpFNU16QXRSVUZUVkZWVE1pSXNJbXB2WWt4dlkyRjBhVzl1SWpvaVpXRnpkSFZ6TWlKOT9hcGktdmVyc2lvbj0yMDE2LTA5LTAx",
      "RequestMethod": "GET",
      "RequestBody": "",
      "RequestHeaders": {
        "User-Agent": [
          "FxVersion/4.6.27414.06",
          "OSName/Windows",
          "OSVersion/Microsoft.Windows.10.0.17134.",
          "Microsoft.Azure.Management.Internal.Resources.ResourceManagementClient/1.2.1"
        ]
      },
      "ResponseHeaders": {
        "Cache-Control": [
          "no-cache"
        ],
        "Pragma": [
          "no-cache"
        ],
        "Location": [
          "https://management.azure.com/subscriptions/f557b96d-2308-4a18-aae1-b8f7e7e70cc7/operationresults/eyJqb2JJZCI6IlJFU09VUkNFR1JPVVBERUxFVElPTkpPQi1QUzE5MzAtRUFTVFVTMiIsImpvYkxvY2F0aW9uIjoiZWFzdHVzMiJ9?api-version=2016-09-01"
        ],
        "Retry-After": [
          "15"
        ],
        "x-ms-ratelimit-remaining-subscription-reads": [
          "11949"
        ],
        "x-ms-request-id": [
          "9d88b705-1f97-4168-af81-68507904af77"
        ],
        "x-ms-correlation-request-id": [
          "9d88b705-1f97-4168-af81-68507904af77"
        ],
        "x-ms-routing-request-id": [
          "UKSOUTH2:20190621T161343Z:9d88b705-1f97-4168-af81-68507904af77"
        ],
        "Strict-Transport-Security": [
          "max-age=31536000; includeSubDomains"
        ],
        "X-Content-Type-Options": [
          "nosniff"
        ],
        "Date": [
          "Fri, 21 Jun 2019 16:13:42 GMT"
        ],
        "Expires": [
          "-1"
        ],
        "Content-Length": [
          "0"
        ]
      },
      "ResponseBody": "",
      "StatusCode": 202
    },
    {
      "RequestUri": "/subscriptions/f557b96d-2308-4a18-aae1-b8f7e7e70cc7/operationresults/eyJqb2JJZCI6IlJFU09VUkNFR1JPVVBERUxFVElPTkpPQi1QUzE5MzAtRUFTVFVTMiIsImpvYkxvY2F0aW9uIjoiZWFzdHVzMiJ9?api-version=2016-09-01",
      "EncodedRequestUri": "L3N1YnNjcmlwdGlvbnMvZjU1N2I5NmQtMjMwOC00YTE4LWFhZTEtYjhmN2U3ZTcwY2M3L29wZXJhdGlvbnJlc3VsdHMvZXlKcWIySkpaQ0k2SWxKRlUwOVZVa05GUjFKUFZWQkVSVXhGVkVsUFRrcFBRaTFRVXpFNU16QXRSVUZUVkZWVE1pSXNJbXB2WWt4dlkyRjBhVzl1SWpvaVpXRnpkSFZ6TWlKOT9hcGktdmVyc2lvbj0yMDE2LTA5LTAx",
      "RequestMethod": "GET",
      "RequestBody": "",
      "RequestHeaders": {
        "User-Agent": [
          "FxVersion/4.6.27414.06",
          "OSName/Windows",
          "OSVersion/Microsoft.Windows.10.0.17134.",
          "Microsoft.Azure.Management.Internal.Resources.ResourceManagementClient/1.2.1"
        ]
      },
      "ResponseHeaders": {
        "Cache-Control": [
          "no-cache"
        ],
        "Pragma": [
          "no-cache"
        ],
        "Location": [
          "https://management.azure.com/subscriptions/f557b96d-2308-4a18-aae1-b8f7e7e70cc7/operationresults/eyJqb2JJZCI6IlJFU09VUkNFR1JPVVBERUxFVElPTkpPQi1QUzE5MzAtRUFTVFVTMiIsImpvYkxvY2F0aW9uIjoiZWFzdHVzMiJ9?api-version=2016-09-01"
        ],
        "Retry-After": [
          "15"
        ],
        "x-ms-ratelimit-remaining-subscription-reads": [
          "11948"
        ],
        "x-ms-request-id": [
          "4325cb23-442f-49d2-bdcf-8715913b9223"
        ],
        "x-ms-correlation-request-id": [
          "4325cb23-442f-49d2-bdcf-8715913b9223"
        ],
        "x-ms-routing-request-id": [
          "UKSOUTH2:20190621T161358Z:4325cb23-442f-49d2-bdcf-8715913b9223"
        ],
        "Strict-Transport-Security": [
          "max-age=31536000; includeSubDomains"
        ],
        "X-Content-Type-Options": [
          "nosniff"
        ],
        "Date": [
          "Fri, 21 Jun 2019 16:13:58 GMT"
        ],
        "Expires": [
          "-1"
        ],
        "Content-Length": [
          "0"
        ]
      },
      "ResponseBody": "",
      "StatusCode": 202
    },
    {
      "RequestUri": "/subscriptions/f557b96d-2308-4a18-aae1-b8f7e7e70cc7/operationresults/eyJqb2JJZCI6IlJFU09VUkNFR1JPVVBERUxFVElPTkpPQi1QUzE5MzAtRUFTVFVTMiIsImpvYkxvY2F0aW9uIjoiZWFzdHVzMiJ9?api-version=2016-09-01",
      "EncodedRequestUri": "L3N1YnNjcmlwdGlvbnMvZjU1N2I5NmQtMjMwOC00YTE4LWFhZTEtYjhmN2U3ZTcwY2M3L29wZXJhdGlvbnJlc3VsdHMvZXlKcWIySkpaQ0k2SWxKRlUwOVZVa05GUjFKUFZWQkVSVXhGVkVsUFRrcFBRaTFRVXpFNU16QXRSVUZUVkZWVE1pSXNJbXB2WWt4dlkyRjBhVzl1SWpvaVpXRnpkSFZ6TWlKOT9hcGktdmVyc2lvbj0yMDE2LTA5LTAx",
      "RequestMethod": "GET",
      "RequestBody": "",
      "RequestHeaders": {
        "User-Agent": [
          "FxVersion/4.6.27414.06",
          "OSName/Windows",
          "OSVersion/Microsoft.Windows.10.0.17134.",
          "Microsoft.Azure.Management.Internal.Resources.ResourceManagementClient/1.2.1"
        ]
      },
      "ResponseHeaders": {
        "Cache-Control": [
          "no-cache"
        ],
        "Pragma": [
          "no-cache"
        ],
        "Location": [
          "https://management.azure.com/subscriptions/f557b96d-2308-4a18-aae1-b8f7e7e70cc7/operationresults/eyJqb2JJZCI6IlJFU09VUkNFR1JPVVBERUxFVElPTkpPQi1QUzE5MzAtRUFTVFVTMiIsImpvYkxvY2F0aW9uIjoiZWFzdHVzMiJ9?api-version=2016-09-01"
        ],
        "Retry-After": [
          "15"
        ],
        "x-ms-ratelimit-remaining-subscription-reads": [
          "11947"
        ],
        "x-ms-request-id": [
          "57943723-5a43-4369-8d56-edb2877ae6f1"
        ],
        "x-ms-correlation-request-id": [
          "57943723-5a43-4369-8d56-edb2877ae6f1"
        ],
        "x-ms-routing-request-id": [
          "UKSOUTH2:20190621T161413Z:57943723-5a43-4369-8d56-edb2877ae6f1"
        ],
        "Strict-Transport-Security": [
          "max-age=31536000; includeSubDomains"
        ],
        "X-Content-Type-Options": [
          "nosniff"
        ],
        "Date": [
          "Fri, 21 Jun 2019 16:14:13 GMT"
        ],
        "Expires": [
          "-1"
        ],
        "Content-Length": [
          "0"
        ]
      },
      "ResponseBody": "",
      "StatusCode": 202
    },
    {
      "RequestUri": "/subscriptions/f557b96d-2308-4a18-aae1-b8f7e7e70cc7/operationresults/eyJqb2JJZCI6IlJFU09VUkNFR1JPVVBERUxFVElPTkpPQi1QUzE5MzAtRUFTVFVTMiIsImpvYkxvY2F0aW9uIjoiZWFzdHVzMiJ9?api-version=2016-09-01",
      "EncodedRequestUri": "L3N1YnNjcmlwdGlvbnMvZjU1N2I5NmQtMjMwOC00YTE4LWFhZTEtYjhmN2U3ZTcwY2M3L29wZXJhdGlvbnJlc3VsdHMvZXlKcWIySkpaQ0k2SWxKRlUwOVZVa05GUjFKUFZWQkVSVXhGVkVsUFRrcFBRaTFRVXpFNU16QXRSVUZUVkZWVE1pSXNJbXB2WWt4dlkyRjBhVzl1SWpvaVpXRnpkSFZ6TWlKOT9hcGktdmVyc2lvbj0yMDE2LTA5LTAx",
      "RequestMethod": "GET",
      "RequestBody": "",
      "RequestHeaders": {
        "User-Agent": [
          "FxVersion/4.6.27414.06",
          "OSName/Windows",
          "OSVersion/Microsoft.Windows.10.0.17134.",
          "Microsoft.Azure.Management.Internal.Resources.ResourceManagementClient/1.2.1"
        ]
      },
      "ResponseHeaders": {
        "Cache-Control": [
          "no-cache"
        ],
        "Pragma": [
          "no-cache"
        ],
        "Location": [
          "https://management.azure.com/subscriptions/f557b96d-2308-4a18-aae1-b8f7e7e70cc7/operationresults/eyJqb2JJZCI6IlJFU09VUkNFR1JPVVBERUxFVElPTkpPQi1QUzE5MzAtRUFTVFVTMiIsImpvYkxvY2F0aW9uIjoiZWFzdHVzMiJ9?api-version=2016-09-01"
        ],
        "Retry-After": [
          "15"
        ],
        "x-ms-ratelimit-remaining-subscription-reads": [
          "11946"
        ],
        "x-ms-request-id": [
          "5577303d-cd5b-473a-ada3-5a3d83127c23"
        ],
        "x-ms-correlation-request-id": [
          "5577303d-cd5b-473a-ada3-5a3d83127c23"
        ],
        "x-ms-routing-request-id": [
          "UKSOUTH2:20190621T161428Z:5577303d-cd5b-473a-ada3-5a3d83127c23"
        ],
        "Strict-Transport-Security": [
          "max-age=31536000; includeSubDomains"
        ],
        "X-Content-Type-Options": [
          "nosniff"
        ],
        "Date": [
          "Fri, 21 Jun 2019 16:14:28 GMT"
        ],
        "Expires": [
          "-1"
        ],
        "Content-Length": [
          "0"
        ]
      },
      "ResponseBody": "",
      "StatusCode": 202
    },
    {
      "RequestUri": "/subscriptions/f557b96d-2308-4a18-aae1-b8f7e7e70cc7/operationresults/eyJqb2JJZCI6IlJFU09VUkNFR1JPVVBERUxFVElPTkpPQi1QUzE5MzAtRUFTVFVTMiIsImpvYkxvY2F0aW9uIjoiZWFzdHVzMiJ9?api-version=2016-09-01",
      "EncodedRequestUri": "L3N1YnNjcmlwdGlvbnMvZjU1N2I5NmQtMjMwOC00YTE4LWFhZTEtYjhmN2U3ZTcwY2M3L29wZXJhdGlvbnJlc3VsdHMvZXlKcWIySkpaQ0k2SWxKRlUwOVZVa05GUjFKUFZWQkVSVXhGVkVsUFRrcFBRaTFRVXpFNU16QXRSVUZUVkZWVE1pSXNJbXB2WWt4dlkyRjBhVzl1SWpvaVpXRnpkSFZ6TWlKOT9hcGktdmVyc2lvbj0yMDE2LTA5LTAx",
      "RequestMethod": "GET",
      "RequestBody": "",
      "RequestHeaders": {
        "User-Agent": [
          "FxVersion/4.6.27414.06",
          "OSName/Windows",
          "OSVersion/Microsoft.Windows.10.0.17134.",
          "Microsoft.Azure.Management.Internal.Resources.ResourceManagementClient/1.2.1"
        ]
      },
      "ResponseHeaders": {
        "Cache-Control": [
          "no-cache"
        ],
        "Pragma": [
          "no-cache"
        ],
        "Location": [
          "https://management.azure.com/subscriptions/f557b96d-2308-4a18-aae1-b8f7e7e70cc7/operationresults/eyJqb2JJZCI6IlJFU09VUkNFR1JPVVBERUxFVElPTkpPQi1QUzE5MzAtRUFTVFVTMiIsImpvYkxvY2F0aW9uIjoiZWFzdHVzMiJ9?api-version=2016-09-01"
        ],
        "Retry-After": [
          "15"
        ],
        "x-ms-ratelimit-remaining-subscription-reads": [
          "11945"
        ],
        "x-ms-request-id": [
          "55d0814f-cc3b-4158-977f-14618f9c11a4"
        ],
        "x-ms-correlation-request-id": [
          "55d0814f-cc3b-4158-977f-14618f9c11a4"
        ],
        "x-ms-routing-request-id": [
          "UKSOUTH2:20190621T161444Z:55d0814f-cc3b-4158-977f-14618f9c11a4"
        ],
        "Strict-Transport-Security": [
          "max-age=31536000; includeSubDomains"
        ],
        "X-Content-Type-Options": [
          "nosniff"
        ],
        "Date": [
          "Fri, 21 Jun 2019 16:14:43 GMT"
        ],
        "Expires": [
          "-1"
        ],
        "Content-Length": [
          "0"
        ]
      },
      "ResponseBody": "",
      "StatusCode": 202
    },
    {
      "RequestUri": "/subscriptions/f557b96d-2308-4a18-aae1-b8f7e7e70cc7/operationresults/eyJqb2JJZCI6IlJFU09VUkNFR1JPVVBERUxFVElPTkpPQi1QUzE5MzAtRUFTVFVTMiIsImpvYkxvY2F0aW9uIjoiZWFzdHVzMiJ9?api-version=2016-09-01",
      "EncodedRequestUri": "L3N1YnNjcmlwdGlvbnMvZjU1N2I5NmQtMjMwOC00YTE4LWFhZTEtYjhmN2U3ZTcwY2M3L29wZXJhdGlvbnJlc3VsdHMvZXlKcWIySkpaQ0k2SWxKRlUwOVZVa05GUjFKUFZWQkVSVXhGVkVsUFRrcFBRaTFRVXpFNU16QXRSVUZUVkZWVE1pSXNJbXB2WWt4dlkyRjBhVzl1SWpvaVpXRnpkSFZ6TWlKOT9hcGktdmVyc2lvbj0yMDE2LTA5LTAx",
      "RequestMethod": "GET",
      "RequestBody": "",
      "RequestHeaders": {
        "User-Agent": [
          "FxVersion/4.6.27414.06",
          "OSName/Windows",
          "OSVersion/Microsoft.Windows.10.0.17134.",
          "Microsoft.Azure.Management.Internal.Resources.ResourceManagementClient/1.2.1"
        ]
      },
      "ResponseHeaders": {
        "Cache-Control": [
          "no-cache"
        ],
        "Pragma": [
          "no-cache"
        ],
        "Location": [
          "https://management.azure.com/subscriptions/f557b96d-2308-4a18-aae1-b8f7e7e70cc7/operationresults/eyJqb2JJZCI6IlJFU09VUkNFR1JPVVBERUxFVElPTkpPQi1QUzE5MzAtRUFTVFVTMiIsImpvYkxvY2F0aW9uIjoiZWFzdHVzMiJ9?api-version=2016-09-01"
        ],
        "Retry-After": [
          "15"
        ],
        "x-ms-ratelimit-remaining-subscription-reads": [
          "11944"
        ],
        "x-ms-request-id": [
          "ad8bbc3b-31d2-49a0-81e6-b3d36f810b08"
        ],
        "x-ms-correlation-request-id": [
          "ad8bbc3b-31d2-49a0-81e6-b3d36f810b08"
        ],
        "x-ms-routing-request-id": [
          "UKSOUTH2:20190621T161459Z:ad8bbc3b-31d2-49a0-81e6-b3d36f810b08"
        ],
        "Strict-Transport-Security": [
          "max-age=31536000; includeSubDomains"
        ],
        "X-Content-Type-Options": [
          "nosniff"
        ],
        "Date": [
          "Fri, 21 Jun 2019 16:14:58 GMT"
        ],
        "Expires": [
          "-1"
        ],
        "Content-Length": [
          "0"
        ]
      },
      "ResponseBody": "",
      "StatusCode": 202
    },
    {
      "RequestUri": "/subscriptions/f557b96d-2308-4a18-aae1-b8f7e7e70cc7/operationresults/eyJqb2JJZCI6IlJFU09VUkNFR1JPVVBERUxFVElPTkpPQi1QUzE5MzAtRUFTVFVTMiIsImpvYkxvY2F0aW9uIjoiZWFzdHVzMiJ9?api-version=2016-09-01",
      "EncodedRequestUri": "L3N1YnNjcmlwdGlvbnMvZjU1N2I5NmQtMjMwOC00YTE4LWFhZTEtYjhmN2U3ZTcwY2M3L29wZXJhdGlvbnJlc3VsdHMvZXlKcWIySkpaQ0k2SWxKRlUwOVZVa05GUjFKUFZWQkVSVXhGVkVsUFRrcFBRaTFRVXpFNU16QXRSVUZUVkZWVE1pSXNJbXB2WWt4dlkyRjBhVzl1SWpvaVpXRnpkSFZ6TWlKOT9hcGktdmVyc2lvbj0yMDE2LTA5LTAx",
      "RequestMethod": "GET",
      "RequestBody": "",
      "RequestHeaders": {
        "User-Agent": [
          "FxVersion/4.6.27414.06",
          "OSName/Windows",
          "OSVersion/Microsoft.Windows.10.0.17134.",
          "Microsoft.Azure.Management.Internal.Resources.ResourceManagementClient/1.2.1"
        ]
      },
      "ResponseHeaders": {
        "Cache-Control": [
          "no-cache"
        ],
        "Pragma": [
          "no-cache"
        ],
        "Location": [
          "https://management.azure.com/subscriptions/f557b96d-2308-4a18-aae1-b8f7e7e70cc7/operationresults/eyJqb2JJZCI6IlJFU09VUkNFR1JPVVBERUxFVElPTkpPQi1QUzE5MzAtRUFTVFVTMiIsImpvYkxvY2F0aW9uIjoiZWFzdHVzMiJ9?api-version=2016-09-01"
        ],
        "Retry-After": [
          "15"
        ],
        "x-ms-ratelimit-remaining-subscription-reads": [
          "11943"
        ],
        "x-ms-request-id": [
          "29084607-6084-4056-838a-d524afad9e37"
        ],
        "x-ms-correlation-request-id": [
          "29084607-6084-4056-838a-d524afad9e37"
        ],
        "x-ms-routing-request-id": [
          "UKSOUTH2:20190621T161514Z:29084607-6084-4056-838a-d524afad9e37"
        ],
        "Strict-Transport-Security": [
          "max-age=31536000; includeSubDomains"
        ],
        "X-Content-Type-Options": [
          "nosniff"
        ],
        "Date": [
          "Fri, 21 Jun 2019 16:15:13 GMT"
        ],
        "Expires": [
          "-1"
        ],
        "Content-Length": [
          "0"
        ]
      },
      "ResponseBody": "",
      "StatusCode": 202
    },
    {
      "RequestUri": "/subscriptions/f557b96d-2308-4a18-aae1-b8f7e7e70cc7/operationresults/eyJqb2JJZCI6IlJFU09VUkNFR1JPVVBERUxFVElPTkpPQi1QUzE5MzAtRUFTVFVTMiIsImpvYkxvY2F0aW9uIjoiZWFzdHVzMiJ9?api-version=2016-09-01",
      "EncodedRequestUri": "L3N1YnNjcmlwdGlvbnMvZjU1N2I5NmQtMjMwOC00YTE4LWFhZTEtYjhmN2U3ZTcwY2M3L29wZXJhdGlvbnJlc3VsdHMvZXlKcWIySkpaQ0k2SWxKRlUwOVZVa05GUjFKUFZWQkVSVXhGVkVsUFRrcFBRaTFRVXpFNU16QXRSVUZUVkZWVE1pSXNJbXB2WWt4dlkyRjBhVzl1SWpvaVpXRnpkSFZ6TWlKOT9hcGktdmVyc2lvbj0yMDE2LTA5LTAx",
      "RequestMethod": "GET",
      "RequestBody": "",
      "RequestHeaders": {
        "User-Agent": [
          "FxVersion/4.6.27414.06",
          "OSName/Windows",
          "OSVersion/Microsoft.Windows.10.0.17134.",
          "Microsoft.Azure.Management.Internal.Resources.ResourceManagementClient/1.2.1"
        ]
      },
      "ResponseHeaders": {
        "Cache-Control": [
          "no-cache"
        ],
        "Pragma": [
          "no-cache"
        ],
        "Location": [
          "https://management.azure.com/subscriptions/f557b96d-2308-4a18-aae1-b8f7e7e70cc7/operationresults/eyJqb2JJZCI6IlJFU09VUkNFR1JPVVBERUxFVElPTkpPQi1QUzE5MzAtRUFTVFVTMiIsImpvYkxvY2F0aW9uIjoiZWFzdHVzMiJ9?api-version=2016-09-01"
        ],
        "Retry-After": [
          "15"
        ],
        "x-ms-ratelimit-remaining-subscription-reads": [
          "11942"
        ],
        "x-ms-request-id": [
          "ed0dc393-a5da-4fcc-b967-5c631c8d93d8"
        ],
        "x-ms-correlation-request-id": [
          "ed0dc393-a5da-4fcc-b967-5c631c8d93d8"
        ],
        "x-ms-routing-request-id": [
          "UKSOUTH2:20190621T161529Z:ed0dc393-a5da-4fcc-b967-5c631c8d93d8"
        ],
        "Strict-Transport-Security": [
          "max-age=31536000; includeSubDomains"
        ],
        "X-Content-Type-Options": [
          "nosniff"
        ],
        "Date": [
          "Fri, 21 Jun 2019 16:15:28 GMT"
        ],
        "Expires": [
          "-1"
        ],
        "Content-Length": [
          "0"
        ]
      },
      "ResponseBody": "",
      "StatusCode": 202
    },
    {
      "RequestUri": "/subscriptions/f557b96d-2308-4a18-aae1-b8f7e7e70cc7/operationresults/eyJqb2JJZCI6IlJFU09VUkNFR1JPVVBERUxFVElPTkpPQi1QUzE5MzAtRUFTVFVTMiIsImpvYkxvY2F0aW9uIjoiZWFzdHVzMiJ9?api-version=2016-09-01",
      "EncodedRequestUri": "L3N1YnNjcmlwdGlvbnMvZjU1N2I5NmQtMjMwOC00YTE4LWFhZTEtYjhmN2U3ZTcwY2M3L29wZXJhdGlvbnJlc3VsdHMvZXlKcWIySkpaQ0k2SWxKRlUwOVZVa05GUjFKUFZWQkVSVXhGVkVsUFRrcFBRaTFRVXpFNU16QXRSVUZUVkZWVE1pSXNJbXB2WWt4dlkyRjBhVzl1SWpvaVpXRnpkSFZ6TWlKOT9hcGktdmVyc2lvbj0yMDE2LTA5LTAx",
      "RequestMethod": "GET",
      "RequestBody": "",
      "RequestHeaders": {
        "User-Agent": [
          "FxVersion/4.6.27414.06",
          "OSName/Windows",
          "OSVersion/Microsoft.Windows.10.0.17134.",
          "Microsoft.Azure.Management.Internal.Resources.ResourceManagementClient/1.2.1"
        ]
      },
      "ResponseHeaders": {
        "Cache-Control": [
          "no-cache"
        ],
        "Pragma": [
          "no-cache"
        ],
        "Location": [
          "https://management.azure.com/subscriptions/f557b96d-2308-4a18-aae1-b8f7e7e70cc7/operationresults/eyJqb2JJZCI6IlJFU09VUkNFR1JPVVBERUxFVElPTkpPQi1QUzE5MzAtRUFTVFVTMiIsImpvYkxvY2F0aW9uIjoiZWFzdHVzMiJ9?api-version=2016-09-01"
        ],
        "Retry-After": [
          "15"
        ],
        "x-ms-ratelimit-remaining-subscription-reads": [
          "11941"
        ],
        "x-ms-request-id": [
          "e7cef450-f225-48ec-bd42-bb4f5f1a0868"
        ],
        "x-ms-correlation-request-id": [
          "e7cef450-f225-48ec-bd42-bb4f5f1a0868"
        ],
        "x-ms-routing-request-id": [
          "UKSOUTH2:20190621T161545Z:e7cef450-f225-48ec-bd42-bb4f5f1a0868"
        ],
        "Strict-Transport-Security": [
          "max-age=31536000; includeSubDomains"
        ],
        "X-Content-Type-Options": [
          "nosniff"
        ],
        "Date": [
          "Fri, 21 Jun 2019 16:15:45 GMT"
        ],
        "Expires": [
          "-1"
        ],
        "Content-Length": [
          "0"
        ]
      },
      "ResponseBody": "",
      "StatusCode": 202
    },
    {
      "RequestUri": "/subscriptions/f557b96d-2308-4a18-aae1-b8f7e7e70cc7/operationresults/eyJqb2JJZCI6IlJFU09VUkNFR1JPVVBERUxFVElPTkpPQi1QUzE5MzAtRUFTVFVTMiIsImpvYkxvY2F0aW9uIjoiZWFzdHVzMiJ9?api-version=2016-09-01",
      "EncodedRequestUri": "L3N1YnNjcmlwdGlvbnMvZjU1N2I5NmQtMjMwOC00YTE4LWFhZTEtYjhmN2U3ZTcwY2M3L29wZXJhdGlvbnJlc3VsdHMvZXlKcWIySkpaQ0k2SWxKRlUwOVZVa05GUjFKUFZWQkVSVXhGVkVsUFRrcFBRaTFRVXpFNU16QXRSVUZUVkZWVE1pSXNJbXB2WWt4dlkyRjBhVzl1SWpvaVpXRnpkSFZ6TWlKOT9hcGktdmVyc2lvbj0yMDE2LTA5LTAx",
      "RequestMethod": "GET",
      "RequestBody": "",
      "RequestHeaders": {
        "User-Agent": [
          "FxVersion/4.6.27414.06",
          "OSName/Windows",
          "OSVersion/Microsoft.Windows.10.0.17134.",
          "Microsoft.Azure.Management.Internal.Resources.ResourceManagementClient/1.2.1"
        ]
      },
      "ResponseHeaders": {
        "Cache-Control": [
          "no-cache"
        ],
        "Pragma": [
          "no-cache"
        ],
        "Location": [
          "https://management.azure.com/subscriptions/f557b96d-2308-4a18-aae1-b8f7e7e70cc7/operationresults/eyJqb2JJZCI6IlJFU09VUkNFR1JPVVBERUxFVElPTkpPQi1QUzE5MzAtRUFTVFVTMiIsImpvYkxvY2F0aW9uIjoiZWFzdHVzMiJ9?api-version=2016-09-01"
        ],
        "Retry-After": [
          "15"
        ],
        "x-ms-ratelimit-remaining-subscription-reads": [
          "11940"
        ],
        "x-ms-request-id": [
          "c11139ca-3dde-4be8-b496-27df319793fa"
        ],
        "x-ms-correlation-request-id": [
          "c11139ca-3dde-4be8-b496-27df319793fa"
        ],
        "x-ms-routing-request-id": [
          "UKSOUTH2:20190621T161600Z:c11139ca-3dde-4be8-b496-27df319793fa"
        ],
        "Strict-Transport-Security": [
          "max-age=31536000; includeSubDomains"
        ],
        "X-Content-Type-Options": [
          "nosniff"
        ],
        "Date": [
          "Fri, 21 Jun 2019 16:15:59 GMT"
        ],
        "Expires": [
          "-1"
        ],
        "Content-Length": [
          "0"
        ]
      },
      "ResponseBody": "",
      "StatusCode": 202
    },
    {
      "RequestUri": "/subscriptions/f557b96d-2308-4a18-aae1-b8f7e7e70cc7/operationresults/eyJqb2JJZCI6IlJFU09VUkNFR1JPVVBERUxFVElPTkpPQi1QUzE5MzAtRUFTVFVTMiIsImpvYkxvY2F0aW9uIjoiZWFzdHVzMiJ9?api-version=2016-09-01",
      "EncodedRequestUri": "L3N1YnNjcmlwdGlvbnMvZjU1N2I5NmQtMjMwOC00YTE4LWFhZTEtYjhmN2U3ZTcwY2M3L29wZXJhdGlvbnJlc3VsdHMvZXlKcWIySkpaQ0k2SWxKRlUwOVZVa05GUjFKUFZWQkVSVXhGVkVsUFRrcFBRaTFRVXpFNU16QXRSVUZUVkZWVE1pSXNJbXB2WWt4dlkyRjBhVzl1SWpvaVpXRnpkSFZ6TWlKOT9hcGktdmVyc2lvbj0yMDE2LTA5LTAx",
      "RequestMethod": "GET",
      "RequestBody": "",
      "RequestHeaders": {
        "User-Agent": [
          "FxVersion/4.6.27414.06",
          "OSName/Windows",
          "OSVersion/Microsoft.Windows.10.0.17134.",
          "Microsoft.Azure.Management.Internal.Resources.ResourceManagementClient/1.2.1"
        ]
      },
      "ResponseHeaders": {
        "Cache-Control": [
          "no-cache"
        ],
        "Pragma": [
          "no-cache"
        ],
        "Location": [
          "https://management.azure.com/subscriptions/f557b96d-2308-4a18-aae1-b8f7e7e70cc7/operationresults/eyJqb2JJZCI6IlJFU09VUkNFR1JPVVBERUxFVElPTkpPQi1QUzE5MzAtRUFTVFVTMiIsImpvYkxvY2F0aW9uIjoiZWFzdHVzMiJ9?api-version=2016-09-01"
        ],
        "Retry-After": [
          "15"
        ],
        "x-ms-ratelimit-remaining-subscription-reads": [
          "11939"
        ],
        "x-ms-request-id": [
          "520a9f85-1423-4e2b-b22a-dc2680b1825c"
        ],
        "x-ms-correlation-request-id": [
          "520a9f85-1423-4e2b-b22a-dc2680b1825c"
        ],
        "x-ms-routing-request-id": [
          "UKSOUTH2:20190621T161615Z:520a9f85-1423-4e2b-b22a-dc2680b1825c"
        ],
        "Strict-Transport-Security": [
          "max-age=31536000; includeSubDomains"
        ],
        "X-Content-Type-Options": [
          "nosniff"
        ],
        "Date": [
          "Fri, 21 Jun 2019 16:16:15 GMT"
        ],
        "Expires": [
          "-1"
        ],
        "Content-Length": [
          "0"
        ]
      },
      "ResponseBody": "",
      "StatusCode": 202
    },
    {
      "RequestUri": "/subscriptions/f557b96d-2308-4a18-aae1-b8f7e7e70cc7/operationresults/eyJqb2JJZCI6IlJFU09VUkNFR1JPVVBERUxFVElPTkpPQi1QUzE5MzAtRUFTVFVTMiIsImpvYkxvY2F0aW9uIjoiZWFzdHVzMiJ9?api-version=2016-09-01",
      "EncodedRequestUri": "L3N1YnNjcmlwdGlvbnMvZjU1N2I5NmQtMjMwOC00YTE4LWFhZTEtYjhmN2U3ZTcwY2M3L29wZXJhdGlvbnJlc3VsdHMvZXlKcWIySkpaQ0k2SWxKRlUwOVZVa05GUjFKUFZWQkVSVXhGVkVsUFRrcFBRaTFRVXpFNU16QXRSVUZUVkZWVE1pSXNJbXB2WWt4dlkyRjBhVzl1SWpvaVpXRnpkSFZ6TWlKOT9hcGktdmVyc2lvbj0yMDE2LTA5LTAx",
      "RequestMethod": "GET",
      "RequestBody": "",
      "RequestHeaders": {
        "User-Agent": [
          "FxVersion/4.6.27414.06",
          "OSName/Windows",
          "OSVersion/Microsoft.Windows.10.0.17134.",
          "Microsoft.Azure.Management.Internal.Resources.ResourceManagementClient/1.2.1"
        ]
      },
      "ResponseHeaders": {
        "Cache-Control": [
          "no-cache"
        ],
        "Pragma": [
          "no-cache"
        ],
        "Location": [
          "https://management.azure.com/subscriptions/f557b96d-2308-4a18-aae1-b8f7e7e70cc7/operationresults/eyJqb2JJZCI6IlJFU09VUkNFR1JPVVBERUxFVElPTkpPQi1QUzE5MzAtRUFTVFVTMiIsImpvYkxvY2F0aW9uIjoiZWFzdHVzMiJ9?api-version=2016-09-01"
        ],
        "Retry-After": [
          "15"
        ],
        "x-ms-ratelimit-remaining-subscription-reads": [
          "11938"
        ],
        "x-ms-request-id": [
          "fdb16b36-c8e7-4d70-9127-d2932a4b51b4"
        ],
        "x-ms-correlation-request-id": [
          "fdb16b36-c8e7-4d70-9127-d2932a4b51b4"
        ],
        "x-ms-routing-request-id": [
          "UKSOUTH2:20190621T161630Z:fdb16b36-c8e7-4d70-9127-d2932a4b51b4"
        ],
        "Strict-Transport-Security": [
          "max-age=31536000; includeSubDomains"
        ],
        "X-Content-Type-Options": [
          "nosniff"
        ],
        "Date": [
          "Fri, 21 Jun 2019 16:16:30 GMT"
        ],
        "Expires": [
          "-1"
        ],
        "Content-Length": [
          "0"
        ]
      },
      "ResponseBody": "",
      "StatusCode": 202
    },
    {
      "RequestUri": "/subscriptions/f557b96d-2308-4a18-aae1-b8f7e7e70cc7/operationresults/eyJqb2JJZCI6IlJFU09VUkNFR1JPVVBERUxFVElPTkpPQi1QUzE5MzAtRUFTVFVTMiIsImpvYkxvY2F0aW9uIjoiZWFzdHVzMiJ9?api-version=2016-09-01",
      "EncodedRequestUri": "L3N1YnNjcmlwdGlvbnMvZjU1N2I5NmQtMjMwOC00YTE4LWFhZTEtYjhmN2U3ZTcwY2M3L29wZXJhdGlvbnJlc3VsdHMvZXlKcWIySkpaQ0k2SWxKRlUwOVZVa05GUjFKUFZWQkVSVXhGVkVsUFRrcFBRaTFRVXpFNU16QXRSVUZUVkZWVE1pSXNJbXB2WWt4dlkyRjBhVzl1SWpvaVpXRnpkSFZ6TWlKOT9hcGktdmVyc2lvbj0yMDE2LTA5LTAx",
      "RequestMethod": "GET",
      "RequestBody": "",
      "RequestHeaders": {
        "User-Agent": [
          "FxVersion/4.6.27414.06",
          "OSName/Windows",
          "OSVersion/Microsoft.Windows.10.0.17134.",
          "Microsoft.Azure.Management.Internal.Resources.ResourceManagementClient/1.2.1"
        ]
      },
      "ResponseHeaders": {
        "Cache-Control": [
          "no-cache"
        ],
        "Pragma": [
          "no-cache"
        ],
        "Location": [
          "https://management.azure.com/subscriptions/f557b96d-2308-4a18-aae1-b8f7e7e70cc7/operationresults/eyJqb2JJZCI6IlJFU09VUkNFR1JPVVBERUxFVElPTkpPQi1QUzE5MzAtRUFTVFVTMiIsImpvYkxvY2F0aW9uIjoiZWFzdHVzMiJ9?api-version=2016-09-01"
        ],
        "Retry-After": [
          "15"
        ],
        "x-ms-ratelimit-remaining-subscription-reads": [
          "11937"
        ],
        "x-ms-request-id": [
          "178e6cd9-e8ca-4912-8ff0-5ea633805192"
        ],
        "x-ms-correlation-request-id": [
          "178e6cd9-e8ca-4912-8ff0-5ea633805192"
        ],
        "x-ms-routing-request-id": [
          "UKSOUTH2:20190621T161645Z:178e6cd9-e8ca-4912-8ff0-5ea633805192"
        ],
        "Strict-Transport-Security": [
          "max-age=31536000; includeSubDomains"
        ],
        "X-Content-Type-Options": [
          "nosniff"
        ],
        "Date": [
          "Fri, 21 Jun 2019 16:16:45 GMT"
        ],
        "Expires": [
          "-1"
        ],
        "Content-Length": [
          "0"
        ]
      },
      "ResponseBody": "",
      "StatusCode": 202
    },
    {
      "RequestUri": "/subscriptions/f557b96d-2308-4a18-aae1-b8f7e7e70cc7/operationresults/eyJqb2JJZCI6IlJFU09VUkNFR1JPVVBERUxFVElPTkpPQi1QUzE5MzAtRUFTVFVTMiIsImpvYkxvY2F0aW9uIjoiZWFzdHVzMiJ9?api-version=2016-09-01",
      "EncodedRequestUri": "L3N1YnNjcmlwdGlvbnMvZjU1N2I5NmQtMjMwOC00YTE4LWFhZTEtYjhmN2U3ZTcwY2M3L29wZXJhdGlvbnJlc3VsdHMvZXlKcWIySkpaQ0k2SWxKRlUwOVZVa05GUjFKUFZWQkVSVXhGVkVsUFRrcFBRaTFRVXpFNU16QXRSVUZUVkZWVE1pSXNJbXB2WWt4dlkyRjBhVzl1SWpvaVpXRnpkSFZ6TWlKOT9hcGktdmVyc2lvbj0yMDE2LTA5LTAx",
      "RequestMethod": "GET",
      "RequestBody": "",
      "RequestHeaders": {
        "User-Agent": [
          "FxVersion/4.6.27414.06",
          "OSName/Windows",
          "OSVersion/Microsoft.Windows.10.0.17134.",
          "Microsoft.Azure.Management.Internal.Resources.ResourceManagementClient/1.2.1"
        ]
      },
      "ResponseHeaders": {
        "Cache-Control": [
          "no-cache"
        ],
        "Pragma": [
          "no-cache"
        ],
        "Location": [
          "https://management.azure.com/subscriptions/f557b96d-2308-4a18-aae1-b8f7e7e70cc7/operationresults/eyJqb2JJZCI6IlJFU09VUkNFR1JPVVBERUxFVElPTkpPQi1QUzE5MzAtRUFTVFVTMiIsImpvYkxvY2F0aW9uIjoiZWFzdHVzMiJ9?api-version=2016-09-01"
        ],
        "Retry-After": [
          "15"
        ],
        "x-ms-ratelimit-remaining-subscription-reads": [
          "11936"
        ],
        "x-ms-request-id": [
          "1b73c99d-020c-40f2-b832-7601dc06c4f8"
        ],
        "x-ms-correlation-request-id": [
          "1b73c99d-020c-40f2-b832-7601dc06c4f8"
        ],
        "x-ms-routing-request-id": [
          "UKSOUTH2:20190621T161701Z:1b73c99d-020c-40f2-b832-7601dc06c4f8"
        ],
        "Strict-Transport-Security": [
          "max-age=31536000; includeSubDomains"
        ],
        "X-Content-Type-Options": [
          "nosniff"
        ],
        "Date": [
          "Fri, 21 Jun 2019 16:17:00 GMT"
        ],
        "Expires": [
          "-1"
        ],
        "Content-Length": [
          "0"
        ]
      },
      "ResponseBody": "",
      "StatusCode": 202
    },
    {
      "RequestUri": "/subscriptions/f557b96d-2308-4a18-aae1-b8f7e7e70cc7/operationresults/eyJqb2JJZCI6IlJFU09VUkNFR1JPVVBERUxFVElPTkpPQi1QUzE5MzAtRUFTVFVTMiIsImpvYkxvY2F0aW9uIjoiZWFzdHVzMiJ9?api-version=2016-09-01",
      "EncodedRequestUri": "L3N1YnNjcmlwdGlvbnMvZjU1N2I5NmQtMjMwOC00YTE4LWFhZTEtYjhmN2U3ZTcwY2M3L29wZXJhdGlvbnJlc3VsdHMvZXlKcWIySkpaQ0k2SWxKRlUwOVZVa05GUjFKUFZWQkVSVXhGVkVsUFRrcFBRaTFRVXpFNU16QXRSVUZUVkZWVE1pSXNJbXB2WWt4dlkyRjBhVzl1SWpvaVpXRnpkSFZ6TWlKOT9hcGktdmVyc2lvbj0yMDE2LTA5LTAx",
      "RequestMethod": "GET",
      "RequestBody": "",
      "RequestHeaders": {
        "User-Agent": [
          "FxVersion/4.6.27414.06",
          "OSName/Windows",
          "OSVersion/Microsoft.Windows.10.0.17134.",
          "Microsoft.Azure.Management.Internal.Resources.ResourceManagementClient/1.2.1"
        ]
      },
      "ResponseHeaders": {
        "Cache-Control": [
          "no-cache"
        ],
        "Pragma": [
          "no-cache"
        ],
        "Location": [
          "https://management.azure.com/subscriptions/f557b96d-2308-4a18-aae1-b8f7e7e70cc7/operationresults/eyJqb2JJZCI6IlJFU09VUkNFR1JPVVBERUxFVElPTkpPQi1QUzE5MzAtRUFTVFVTMiIsImpvYkxvY2F0aW9uIjoiZWFzdHVzMiJ9?api-version=2016-09-01"
        ],
        "Retry-After": [
          "15"
        ],
        "x-ms-ratelimit-remaining-subscription-reads": [
          "11935"
        ],
        "x-ms-request-id": [
          "1d00a1cf-500e-4611-a245-e7b062cf2804"
        ],
        "x-ms-correlation-request-id": [
          "1d00a1cf-500e-4611-a245-e7b062cf2804"
        ],
        "x-ms-routing-request-id": [
          "UKSOUTH2:20190621T161716Z:1d00a1cf-500e-4611-a245-e7b062cf2804"
        ],
        "Strict-Transport-Security": [
          "max-age=31536000; includeSubDomains"
        ],
        "X-Content-Type-Options": [
          "nosniff"
        ],
        "Date": [
          "Fri, 21 Jun 2019 16:17:16 GMT"
        ],
        "Expires": [
          "-1"
        ],
        "Content-Length": [
          "0"
        ]
      },
      "ResponseBody": "",
      "StatusCode": 202
    },
    {
      "RequestUri": "/subscriptions/f557b96d-2308-4a18-aae1-b8f7e7e70cc7/operationresults/eyJqb2JJZCI6IlJFU09VUkNFR1JPVVBERUxFVElPTkpPQi1QUzE5MzAtRUFTVFVTMiIsImpvYkxvY2F0aW9uIjoiZWFzdHVzMiJ9?api-version=2016-09-01",
      "EncodedRequestUri": "L3N1YnNjcmlwdGlvbnMvZjU1N2I5NmQtMjMwOC00YTE4LWFhZTEtYjhmN2U3ZTcwY2M3L29wZXJhdGlvbnJlc3VsdHMvZXlKcWIySkpaQ0k2SWxKRlUwOVZVa05GUjFKUFZWQkVSVXhGVkVsUFRrcFBRaTFRVXpFNU16QXRSVUZUVkZWVE1pSXNJbXB2WWt4dlkyRjBhVzl1SWpvaVpXRnpkSFZ6TWlKOT9hcGktdmVyc2lvbj0yMDE2LTA5LTAx",
      "RequestMethod": "GET",
      "RequestBody": "",
      "RequestHeaders": {
        "User-Agent": [
          "FxVersion/4.6.27414.06",
          "OSName/Windows",
          "OSVersion/Microsoft.Windows.10.0.17134.",
          "Microsoft.Azure.Management.Internal.Resources.ResourceManagementClient/1.2.1"
        ]
      },
      "ResponseHeaders": {
        "Cache-Control": [
          "no-cache"
        ],
        "Pragma": [
          "no-cache"
        ],
        "Location": [
          "https://management.azure.com/subscriptions/f557b96d-2308-4a18-aae1-b8f7e7e70cc7/operationresults/eyJqb2JJZCI6IlJFU09VUkNFR1JPVVBERUxFVElPTkpPQi1QUzE5MzAtRUFTVFVTMiIsImpvYkxvY2F0aW9uIjoiZWFzdHVzMiJ9?api-version=2016-09-01"
        ],
        "Retry-After": [
          "15"
        ],
        "x-ms-ratelimit-remaining-subscription-reads": [
          "11934"
        ],
        "x-ms-request-id": [
          "b9b3086d-b893-4163-be1e-3909f4e21b31"
        ],
        "x-ms-correlation-request-id": [
          "b9b3086d-b893-4163-be1e-3909f4e21b31"
        ],
        "x-ms-routing-request-id": [
          "UKSOUTH2:20190621T161731Z:b9b3086d-b893-4163-be1e-3909f4e21b31"
        ],
        "Strict-Transport-Security": [
          "max-age=31536000; includeSubDomains"
        ],
        "X-Content-Type-Options": [
          "nosniff"
        ],
        "Date": [
          "Fri, 21 Jun 2019 16:17:31 GMT"
        ],
        "Expires": [
          "-1"
        ],
        "Content-Length": [
          "0"
        ]
      },
      "ResponseBody": "",
      "StatusCode": 202
    },
    {
      "RequestUri": "/subscriptions/f557b96d-2308-4a18-aae1-b8f7e7e70cc7/operationresults/eyJqb2JJZCI6IlJFU09VUkNFR1JPVVBERUxFVElPTkpPQi1QUzE5MzAtRUFTVFVTMiIsImpvYkxvY2F0aW9uIjoiZWFzdHVzMiJ9?api-version=2016-09-01",
      "EncodedRequestUri": "L3N1YnNjcmlwdGlvbnMvZjU1N2I5NmQtMjMwOC00YTE4LWFhZTEtYjhmN2U3ZTcwY2M3L29wZXJhdGlvbnJlc3VsdHMvZXlKcWIySkpaQ0k2SWxKRlUwOVZVa05GUjFKUFZWQkVSVXhGVkVsUFRrcFBRaTFRVXpFNU16QXRSVUZUVkZWVE1pSXNJbXB2WWt4dlkyRjBhVzl1SWpvaVpXRnpkSFZ6TWlKOT9hcGktdmVyc2lvbj0yMDE2LTA5LTAx",
      "RequestMethod": "GET",
      "RequestBody": "",
      "RequestHeaders": {
        "User-Agent": [
          "FxVersion/4.6.27414.06",
          "OSName/Windows",
          "OSVersion/Microsoft.Windows.10.0.17134.",
          "Microsoft.Azure.Management.Internal.Resources.ResourceManagementClient/1.2.1"
        ]
      },
      "ResponseHeaders": {
        "Cache-Control": [
          "no-cache"
        ],
        "Pragma": [
          "no-cache"
        ],
        "Location": [
          "https://management.azure.com/subscriptions/f557b96d-2308-4a18-aae1-b8f7e7e70cc7/operationresults/eyJqb2JJZCI6IlJFU09VUkNFR1JPVVBERUxFVElPTkpPQi1QUzE5MzAtRUFTVFVTMiIsImpvYkxvY2F0aW9uIjoiZWFzdHVzMiJ9?api-version=2016-09-01"
        ],
        "Retry-After": [
          "15"
        ],
        "x-ms-ratelimit-remaining-subscription-reads": [
          "11933"
        ],
        "x-ms-request-id": [
          "b2c3257f-cacf-40a7-b317-a7590bceee41"
        ],
        "x-ms-correlation-request-id": [
          "b2c3257f-cacf-40a7-b317-a7590bceee41"
        ],
        "x-ms-routing-request-id": [
          "UKSOUTH2:20190621T161746Z:b2c3257f-cacf-40a7-b317-a7590bceee41"
        ],
        "Strict-Transport-Security": [
          "max-age=31536000; includeSubDomains"
        ],
        "X-Content-Type-Options": [
          "nosniff"
        ],
        "Date": [
          "Fri, 21 Jun 2019 16:17:46 GMT"
        ],
        "Expires": [
          "-1"
        ],
        "Content-Length": [
          "0"
        ]
      },
      "ResponseBody": "",
      "StatusCode": 202
    },
    {
      "RequestUri": "/subscriptions/f557b96d-2308-4a18-aae1-b8f7e7e70cc7/operationresults/eyJqb2JJZCI6IlJFU09VUkNFR1JPVVBERUxFVElPTkpPQi1QUzE5MzAtRUFTVFVTMiIsImpvYkxvY2F0aW9uIjoiZWFzdHVzMiJ9?api-version=2016-09-01",
      "EncodedRequestUri": "L3N1YnNjcmlwdGlvbnMvZjU1N2I5NmQtMjMwOC00YTE4LWFhZTEtYjhmN2U3ZTcwY2M3L29wZXJhdGlvbnJlc3VsdHMvZXlKcWIySkpaQ0k2SWxKRlUwOVZVa05GUjFKUFZWQkVSVXhGVkVsUFRrcFBRaTFRVXpFNU16QXRSVUZUVkZWVE1pSXNJbXB2WWt4dlkyRjBhVzl1SWpvaVpXRnpkSFZ6TWlKOT9hcGktdmVyc2lvbj0yMDE2LTA5LTAx",
      "RequestMethod": "GET",
      "RequestBody": "",
      "RequestHeaders": {
        "User-Agent": [
          "FxVersion/4.6.27414.06",
          "OSName/Windows",
          "OSVersion/Microsoft.Windows.10.0.17134.",
          "Microsoft.Azure.Management.Internal.Resources.ResourceManagementClient/1.2.1"
        ]
      },
      "ResponseHeaders": {
        "Cache-Control": [
          "no-cache"
        ],
        "Pragma": [
          "no-cache"
        ],
        "Location": [
          "https://management.azure.com/subscriptions/f557b96d-2308-4a18-aae1-b8f7e7e70cc7/operationresults/eyJqb2JJZCI6IlJFU09VUkNFR1JPVVBERUxFVElPTkpPQi1QUzE5MzAtRUFTVFVTMiIsImpvYkxvY2F0aW9uIjoiZWFzdHVzMiJ9?api-version=2016-09-01"
        ],
        "Retry-After": [
          "15"
        ],
        "x-ms-ratelimit-remaining-subscription-reads": [
          "11932"
        ],
        "x-ms-request-id": [
          "7b70f72d-b9ed-4662-812e-8cd3497a2a75"
        ],
        "x-ms-correlation-request-id": [
          "7b70f72d-b9ed-4662-812e-8cd3497a2a75"
        ],
        "x-ms-routing-request-id": [
          "UKSOUTH2:20190621T161802Z:7b70f72d-b9ed-4662-812e-8cd3497a2a75"
        ],
        "Strict-Transport-Security": [
          "max-age=31536000; includeSubDomains"
        ],
        "X-Content-Type-Options": [
          "nosniff"
        ],
        "Date": [
          "Fri, 21 Jun 2019 16:18:01 GMT"
        ],
        "Expires": [
          "-1"
        ],
        "Content-Length": [
          "0"
        ]
      },
      "ResponseBody": "",
      "StatusCode": 202
    },
    {
      "RequestUri": "/subscriptions/f557b96d-2308-4a18-aae1-b8f7e7e70cc7/operationresults/eyJqb2JJZCI6IlJFU09VUkNFR1JPVVBERUxFVElPTkpPQi1QUzE5MzAtRUFTVFVTMiIsImpvYkxvY2F0aW9uIjoiZWFzdHVzMiJ9?api-version=2016-09-01",
      "EncodedRequestUri": "L3N1YnNjcmlwdGlvbnMvZjU1N2I5NmQtMjMwOC00YTE4LWFhZTEtYjhmN2U3ZTcwY2M3L29wZXJhdGlvbnJlc3VsdHMvZXlKcWIySkpaQ0k2SWxKRlUwOVZVa05GUjFKUFZWQkVSVXhGVkVsUFRrcFBRaTFRVXpFNU16QXRSVUZUVkZWVE1pSXNJbXB2WWt4dlkyRjBhVzl1SWpvaVpXRnpkSFZ6TWlKOT9hcGktdmVyc2lvbj0yMDE2LTA5LTAx",
      "RequestMethod": "GET",
      "RequestBody": "",
      "RequestHeaders": {
        "User-Agent": [
          "FxVersion/4.6.27414.06",
          "OSName/Windows",
          "OSVersion/Microsoft.Windows.10.0.17134.",
          "Microsoft.Azure.Management.Internal.Resources.ResourceManagementClient/1.2.1"
        ]
      },
      "ResponseHeaders": {
        "Cache-Control": [
          "no-cache"
        ],
        "Pragma": [
          "no-cache"
        ],
        "Location": [
          "https://management.azure.com/subscriptions/f557b96d-2308-4a18-aae1-b8f7e7e70cc7/operationresults/eyJqb2JJZCI6IlJFU09VUkNFR1JPVVBERUxFVElPTkpPQi1QUzE5MzAtRUFTVFVTMiIsImpvYkxvY2F0aW9uIjoiZWFzdHVzMiJ9?api-version=2016-09-01"
        ],
        "Retry-After": [
          "15"
        ],
        "x-ms-ratelimit-remaining-subscription-reads": [
          "11931"
        ],
        "x-ms-request-id": [
          "c3338f49-d310-4c66-8c91-dae398239b72"
        ],
        "x-ms-correlation-request-id": [
          "c3338f49-d310-4c66-8c91-dae398239b72"
        ],
        "x-ms-routing-request-id": [
          "UKSOUTH2:20190621T161817Z:c3338f49-d310-4c66-8c91-dae398239b72"
        ],
        "Strict-Transport-Security": [
          "max-age=31536000; includeSubDomains"
        ],
        "X-Content-Type-Options": [
          "nosniff"
        ],
        "Date": [
          "Fri, 21 Jun 2019 16:18:16 GMT"
        ],
        "Expires": [
          "-1"
        ],
        "Content-Length": [
          "0"
        ]
      },
      "ResponseBody": "",
      "StatusCode": 202
    },
    {
      "RequestUri": "/subscriptions/f557b96d-2308-4a18-aae1-b8f7e7e70cc7/operationresults/eyJqb2JJZCI6IlJFU09VUkNFR1JPVVBERUxFVElPTkpPQi1QUzE5MzAtRUFTVFVTMiIsImpvYkxvY2F0aW9uIjoiZWFzdHVzMiJ9?api-version=2016-09-01",
      "EncodedRequestUri": "L3N1YnNjcmlwdGlvbnMvZjU1N2I5NmQtMjMwOC00YTE4LWFhZTEtYjhmN2U3ZTcwY2M3L29wZXJhdGlvbnJlc3VsdHMvZXlKcWIySkpaQ0k2SWxKRlUwOVZVa05GUjFKUFZWQkVSVXhGVkVsUFRrcFBRaTFRVXpFNU16QXRSVUZUVkZWVE1pSXNJbXB2WWt4dlkyRjBhVzl1SWpvaVpXRnpkSFZ6TWlKOT9hcGktdmVyc2lvbj0yMDE2LTA5LTAx",
      "RequestMethod": "GET",
      "RequestBody": "",
      "RequestHeaders": {
        "User-Agent": [
          "FxVersion/4.6.27414.06",
          "OSName/Windows",
          "OSVersion/Microsoft.Windows.10.0.17134.",
          "Microsoft.Azure.Management.Internal.Resources.ResourceManagementClient/1.2.1"
        ]
      },
      "ResponseHeaders": {
        "Cache-Control": [
          "no-cache"
        ],
        "Pragma": [
          "no-cache"
        ],
        "Location": [
          "https://management.azure.com/subscriptions/f557b96d-2308-4a18-aae1-b8f7e7e70cc7/operationresults/eyJqb2JJZCI6IlJFU09VUkNFR1JPVVBERUxFVElPTkpPQi1QUzE5MzAtRUFTVFVTMiIsImpvYkxvY2F0aW9uIjoiZWFzdHVzMiJ9?api-version=2016-09-01"
        ],
        "Retry-After": [
          "15"
        ],
        "x-ms-ratelimit-remaining-subscription-reads": [
          "11930"
        ],
        "x-ms-request-id": [
          "3a1e604b-1a5b-4a81-a38a-0016301e0a55"
        ],
        "x-ms-correlation-request-id": [
          "3a1e604b-1a5b-4a81-a38a-0016301e0a55"
        ],
        "x-ms-routing-request-id": [
          "UKSOUTH2:20190621T161832Z:3a1e604b-1a5b-4a81-a38a-0016301e0a55"
        ],
        "Strict-Transport-Security": [
          "max-age=31536000; includeSubDomains"
        ],
        "X-Content-Type-Options": [
          "nosniff"
        ],
        "Date": [
          "Fri, 21 Jun 2019 16:18:31 GMT"
        ],
        "Expires": [
          "-1"
        ],
        "Content-Length": [
          "0"
        ]
      },
      "ResponseBody": "",
      "StatusCode": 202
    },
    {
      "RequestUri": "/subscriptions/f557b96d-2308-4a18-aae1-b8f7e7e70cc7/operationresults/eyJqb2JJZCI6IlJFU09VUkNFR1JPVVBERUxFVElPTkpPQi1QUzE5MzAtRUFTVFVTMiIsImpvYkxvY2F0aW9uIjoiZWFzdHVzMiJ9?api-version=2016-09-01",
      "EncodedRequestUri": "L3N1YnNjcmlwdGlvbnMvZjU1N2I5NmQtMjMwOC00YTE4LWFhZTEtYjhmN2U3ZTcwY2M3L29wZXJhdGlvbnJlc3VsdHMvZXlKcWIySkpaQ0k2SWxKRlUwOVZVa05GUjFKUFZWQkVSVXhGVkVsUFRrcFBRaTFRVXpFNU16QXRSVUZUVkZWVE1pSXNJbXB2WWt4dlkyRjBhVzl1SWpvaVpXRnpkSFZ6TWlKOT9hcGktdmVyc2lvbj0yMDE2LTA5LTAx",
      "RequestMethod": "GET",
      "RequestBody": "",
      "RequestHeaders": {
        "User-Agent": [
          "FxVersion/4.6.27414.06",
          "OSName/Windows",
          "OSVersion/Microsoft.Windows.10.0.17134.",
          "Microsoft.Azure.Management.Internal.Resources.ResourceManagementClient/1.2.1"
        ]
      },
      "ResponseHeaders": {
        "Cache-Control": [
          "no-cache"
        ],
        "Pragma": [
          "no-cache"
        ],
        "Location": [
          "https://management.azure.com/subscriptions/f557b96d-2308-4a18-aae1-b8f7e7e70cc7/operationresults/eyJqb2JJZCI6IlJFU09VUkNFR1JPVVBERUxFVElPTkpPQi1QUzE5MzAtRUFTVFVTMiIsImpvYkxvY2F0aW9uIjoiZWFzdHVzMiJ9?api-version=2016-09-01"
        ],
        "Retry-After": [
          "15"
        ],
        "x-ms-ratelimit-remaining-subscription-reads": [
          "11929"
        ],
        "x-ms-request-id": [
          "aa054553-3d6b-4e6c-8fb5-19ed899d0684"
        ],
        "x-ms-correlation-request-id": [
          "aa054553-3d6b-4e6c-8fb5-19ed899d0684"
        ],
        "x-ms-routing-request-id": [
          "UKSOUTH2:20190621T161847Z:aa054553-3d6b-4e6c-8fb5-19ed899d0684"
        ],
        "Strict-Transport-Security": [
          "max-age=31536000; includeSubDomains"
        ],
        "X-Content-Type-Options": [
          "nosniff"
        ],
        "Date": [
          "Fri, 21 Jun 2019 16:18:47 GMT"
        ],
        "Expires": [
          "-1"
        ],
        "Content-Length": [
          "0"
        ]
      },
      "ResponseBody": "",
      "StatusCode": 202
    },
    {
      "RequestUri": "/subscriptions/f557b96d-2308-4a18-aae1-b8f7e7e70cc7/operationresults/eyJqb2JJZCI6IlJFU09VUkNFR1JPVVBERUxFVElPTkpPQi1QUzE5MzAtRUFTVFVTMiIsImpvYkxvY2F0aW9uIjoiZWFzdHVzMiJ9?api-version=2016-09-01",
      "EncodedRequestUri": "L3N1YnNjcmlwdGlvbnMvZjU1N2I5NmQtMjMwOC00YTE4LWFhZTEtYjhmN2U3ZTcwY2M3L29wZXJhdGlvbnJlc3VsdHMvZXlKcWIySkpaQ0k2SWxKRlUwOVZVa05GUjFKUFZWQkVSVXhGVkVsUFRrcFBRaTFRVXpFNU16QXRSVUZUVkZWVE1pSXNJbXB2WWt4dlkyRjBhVzl1SWpvaVpXRnpkSFZ6TWlKOT9hcGktdmVyc2lvbj0yMDE2LTA5LTAx",
      "RequestMethod": "GET",
      "RequestBody": "",
      "RequestHeaders": {
        "User-Agent": [
          "FxVersion/4.6.27414.06",
          "OSName/Windows",
          "OSVersion/Microsoft.Windows.10.0.17134.",
          "Microsoft.Azure.Management.Internal.Resources.ResourceManagementClient/1.2.1"
        ]
      },
      "ResponseHeaders": {
        "Cache-Control": [
          "no-cache"
        ],
        "Pragma": [
          "no-cache"
        ],
        "Location": [
          "https://management.azure.com/subscriptions/f557b96d-2308-4a18-aae1-b8f7e7e70cc7/operationresults/eyJqb2JJZCI6IlJFU09VUkNFR1JPVVBERUxFVElPTkpPQi1QUzE5MzAtRUFTVFVTMiIsImpvYkxvY2F0aW9uIjoiZWFzdHVzMiJ9?api-version=2016-09-01"
        ],
        "Retry-After": [
          "15"
        ],
        "x-ms-ratelimit-remaining-subscription-reads": [
          "11928"
        ],
        "x-ms-request-id": [
          "a8aa43d6-2e0e-46c9-9414-32b7ee22594f"
        ],
        "x-ms-correlation-request-id": [
          "a8aa43d6-2e0e-46c9-9414-32b7ee22594f"
        ],
        "x-ms-routing-request-id": [
          "UKSOUTH2:20190621T161902Z:a8aa43d6-2e0e-46c9-9414-32b7ee22594f"
        ],
        "Strict-Transport-Security": [
          "max-age=31536000; includeSubDomains"
        ],
        "X-Content-Type-Options": [
          "nosniff"
        ],
        "Date": [
          "Fri, 21 Jun 2019 16:19:02 GMT"
        ],
        "Expires": [
          "-1"
        ],
        "Content-Length": [
          "0"
        ]
      },
      "ResponseBody": "",
      "StatusCode": 202
    },
    {
      "RequestUri": "/subscriptions/f557b96d-2308-4a18-aae1-b8f7e7e70cc7/operationresults/eyJqb2JJZCI6IlJFU09VUkNFR1JPVVBERUxFVElPTkpPQi1QUzE5MzAtRUFTVFVTMiIsImpvYkxvY2F0aW9uIjoiZWFzdHVzMiJ9?api-version=2016-09-01",
      "EncodedRequestUri": "L3N1YnNjcmlwdGlvbnMvZjU1N2I5NmQtMjMwOC00YTE4LWFhZTEtYjhmN2U3ZTcwY2M3L29wZXJhdGlvbnJlc3VsdHMvZXlKcWIySkpaQ0k2SWxKRlUwOVZVa05GUjFKUFZWQkVSVXhGVkVsUFRrcFBRaTFRVXpFNU16QXRSVUZUVkZWVE1pSXNJbXB2WWt4dlkyRjBhVzl1SWpvaVpXRnpkSFZ6TWlKOT9hcGktdmVyc2lvbj0yMDE2LTA5LTAx",
      "RequestMethod": "GET",
      "RequestBody": "",
      "RequestHeaders": {
        "User-Agent": [
          "FxVersion/4.6.27414.06",
          "OSName/Windows",
          "OSVersion/Microsoft.Windows.10.0.17134.",
          "Microsoft.Azure.Management.Internal.Resources.ResourceManagementClient/1.2.1"
        ]
      },
      "ResponseHeaders": {
        "Cache-Control": [
          "no-cache"
        ],
        "Pragma": [
          "no-cache"
        ],
        "x-ms-ratelimit-remaining-subscription-reads": [
          "11927"
        ],
        "x-ms-request-id": [
          "a06c47cc-c0b4-44ed-88c4-72e1ecfdc6ad"
        ],
        "x-ms-correlation-request-id": [
          "a06c47cc-c0b4-44ed-88c4-72e1ecfdc6ad"
        ],
        "x-ms-routing-request-id": [
          "UKSOUTH2:20190621T161918Z:a06c47cc-c0b4-44ed-88c4-72e1ecfdc6ad"
        ],
        "Strict-Transport-Security": [
          "max-age=31536000; includeSubDomains"
        ],
        "X-Content-Type-Options": [
          "nosniff"
        ],
        "Date": [
          "Fri, 21 Jun 2019 16:19:17 GMT"
        ],
        "Expires": [
          "-1"
        ],
        "Content-Length": [
          "0"
        ]
      },
      "ResponseBody": "",
      "StatusCode": 200
    },
    {
      "RequestUri": "/subscriptions/f557b96d-2308-4a18-aae1-b8f7e7e70cc7/operationresults/eyJqb2JJZCI6IlJFU09VUkNFR1JPVVBERUxFVElPTkpPQi1QUzE5MzAtRUFTVFVTMiIsImpvYkxvY2F0aW9uIjoiZWFzdHVzMiJ9?api-version=2016-09-01",
      "EncodedRequestUri": "L3N1YnNjcmlwdGlvbnMvZjU1N2I5NmQtMjMwOC00YTE4LWFhZTEtYjhmN2U3ZTcwY2M3L29wZXJhdGlvbnJlc3VsdHMvZXlKcWIySkpaQ0k2SWxKRlUwOVZVa05GUjFKUFZWQkVSVXhGVkVsUFRrcFBRaTFRVXpFNU16QXRSVUZUVkZWVE1pSXNJbXB2WWt4dlkyRjBhVzl1SWpvaVpXRnpkSFZ6TWlKOT9hcGktdmVyc2lvbj0yMDE2LTA5LTAx",
      "RequestMethod": "GET",
      "RequestBody": "",
      "RequestHeaders": {
        "User-Agent": [
          "FxVersion/4.6.27414.06",
          "OSName/Windows",
          "OSVersion/Microsoft.Windows.10.0.17134.",
          "Microsoft.Azure.Management.Internal.Resources.ResourceManagementClient/1.2.1"
        ]
      },
      "ResponseHeaders": {
        "Cache-Control": [
          "no-cache"
        ],
        "Pragma": [
          "no-cache"
        ],
        "x-ms-ratelimit-remaining-subscription-reads": [
          "11926"
        ],
        "x-ms-request-id": [
          "2bdfe6f3-3717-465e-8915-c296b5d0bb04"
        ],
        "x-ms-correlation-request-id": [
          "2bdfe6f3-3717-465e-8915-c296b5d0bb04"
        ],
        "x-ms-routing-request-id": [
          "UKSOUTH2:20190621T161918Z:2bdfe6f3-3717-465e-8915-c296b5d0bb04"
        ],
        "Strict-Transport-Security": [
          "max-age=31536000; includeSubDomains"
        ],
        "X-Content-Type-Options": [
          "nosniff"
        ],
        "Date": [
          "Fri, 21 Jun 2019 16:19:17 GMT"
        ],
        "Expires": [
          "-1"
        ],
        "Content-Length": [
          "0"
        ]
      },
      "ResponseBody": "",
      "StatusCode": 200
    }
  ],
  "Names": {
    "Test-SnapshotPipelines": [
      "ps1930",
      "ps65",
      "ps3237",
      "ps1592",
      "ps1239",
      "ps7700"
    ]
  },
  "Variables": {
    "SubscriptionId": "f557b96d-2308-4a18-aae1-b8f7e7e70cc7"
  }
}